
Allocating common symbols
Common symbol       size              file

phy_frames          0x800000          kernel/global.o
idt_ptr             0x6               kernel/global.o
p                   0x1000000         mm/buddy_system.o
task_stack          0x28000           kernel/global.o
k_reenter           0x4               kernel/global.o
gdt                 0x400             kernel/global.o
buddy_tree          0x100             mm/buddy_system.o
tty_table           0x1050            kernel/global.o
wait_table          0x14              kernel/global.o
tss                 0x68              kernel/global.o
nr_current_console  0x4               kernel/global.o
disp_pos            0x4               kernel/global.o
gdt_ptr             0x6               kernel/global.o
wait_cnt            0x4               kernel/global.o
idt                 0x800             kernel/global.o
se_table            0xf0              kernel/global.o
ticks               0x4               kernel/global.o
stat                0x14              kernel/global.o
console_table       0x40              kernel/global.o
irq_table           0x40              kernel/global.o
p_proc_ready        0x4               kernel/global.o
proc_table          0x30c             kernel/global.o

Discarded input sections

 .note.GNU-stack
                0x0000000000000000        0x0 kernel/start.o
 .note.GNU-stack
                0x0000000000000000        0x0 kernel/main.o
 .note.GNU-stack
                0x0000000000000000        0x0 kernel/clock.o
 .note.GNU-stack
                0x0000000000000000        0x0 kernel/i8259.o
 .note.GNU-stack
                0x0000000000000000        0x0 kernel/global.o
 .note.GNU-stack
                0x0000000000000000        0x0 kernel/protect.o
 .note.GNU-stack
                0x0000000000000000        0x0 kernel/proc.o
 .note.GNU-stack
                0x0000000000000000        0x0 kernel/rbtree.o
 .note.GNU-stack
                0x0000000000000000        0x0 kernel/keyboard.o
 .note.GNU-stack
                0x0000000000000000        0x0 kernel/tty.o
 .note.GNU-stack
                0x0000000000000000        0x0 kernel/console.o
 .note.GNU-stack
                0x0000000000000000        0x0 kernel/systask.o
 .note.GNU-stack
                0x0000000000000000        0x0 kernel/printf.o
 .note.GNU-stack
                0x0000000000000000        0x0 kernel/vsprintf.o
 .note.GNU-stack
                0x0000000000000000        0x0 mm/frame_allocator.o
 .note.GNU-stack
                0x0000000000000000        0x0 mm/page_table.o
 .note.GNU-stack
                0x0000000000000000        0x0 mm/buddy_system.o
 .note.GNU-stack
                0x0000000000000000        0x0 mm/heap_allocator.o
 .note.GNU-stack
                0x0000000000000000        0x0 lib/klib.o
 .note.GNU-stack
                0x0000000000000000        0x0 lib/misc.o
 .note.GNU-stack
                0x0000000000000000        0x0 test/testmm.o

Memory Configuration

Name             Origin             Length             Attributes
*default*        0x0000000000000000 0xffffffffffffffff

Linker script and memory map

Address of section .text set to 0x100400
LOAD kernel/kernel.o
LOAD kernel/syscall.o
LOAD kernel/start.o
LOAD kernel/main.o
LOAD kernel/clock.o
LOAD kernel/i8259.o
LOAD kernel/global.o
LOAD kernel/protect.o
LOAD kernel/proc.o
LOAD kernel/rbtree.o
LOAD kernel/keyboard.o
LOAD kernel/tty.o
LOAD kernel/console.o
LOAD kernel/systask.o
LOAD kernel/printf.o
LOAD kernel/vsprintf.o
LOAD mm/frame_allocator.o
LOAD mm/page_table.o
LOAD mm/buddy_system.o
LOAD mm/heap_allocator.o
LOAD lib/kliba.o
LOAD lib/klib.o
LOAD lib/string.o
LOAD lib/misc.o
LOAD test/testmm.o
                [!provide]                        PROVIDE (__executable_start, 0x8048000)
                0x0000000008048094                . = (0x8048000 + SIZEOF_HEADERS)

.interp
 *(.interp)

.note.gnu.build-id
 *(.note.gnu.build-id)

.hash
 *(.hash)

.gnu.hash
 *(.gnu.hash)

.dynsym
 *(.dynsym)

.dynstr
 *(.dynstr)

.gnu.version
 *(.gnu.version)

.gnu.version_d
 *(.gnu.version_d)

.gnu.version_r
 *(.gnu.version_r)

.rel.dyn        0x0000000008048094        0x0
 *(.rel.init)
 *(.rel.text .rel.text.* .rel.gnu.linkonce.t.*)
 .rel.text      0x0000000008048094        0x0 kernel/kernel.o
 *(.rel.fini)
 *(.rel.rodata .rel.rodata.* .rel.gnu.linkonce.r.*)
 *(.rel.data.rel.ro .rel.data.rel.ro.* .rel.gnu.linkonce.d.rel.ro.*)
 *(.rel.data .rel.data.* .rel.gnu.linkonce.d.*)
 .rel.data      0x0000000008048094        0x0 kernel/kernel.o
 *(.rel.tdata .rel.tdata.* .rel.gnu.linkonce.td.*)
 *(.rel.tbss .rel.tbss.* .rel.gnu.linkonce.tb.*)
 *(.rel.ctors)
 *(.rel.dtors)
 *(.rel.got)
 *(.rel.bss .rel.bss.* .rel.gnu.linkonce.b.*)
 *(.rel.ifunc)

.rel.plt        0x0000000008048094        0x0
 *(.rel.plt)
                [!provide]                        PROVIDE (__rel_iplt_start, .)
 *(.rel.iplt)
 .rel.iplt      0x0000000008048094        0x0 kernel/kernel.o
                [!provide]                        PROVIDE (__rel_iplt_end, .)

.init
 *(SORT(.init))

.plt            0x00000000080480a0        0x0
 *(.plt)
 *(.iplt)
 .iplt          0x00000000080480a0        0x0 kernel/kernel.o

.plt.got
 *(.plt.got)

.text           0x0000000000100400     0x5616
 *(.text.unlikely .text.*_unlikely .text.unlikely.*)
 *(.text.exit .text.exit.*)
 *(.text.startup .text.startup.*)
 *(.text.hot .text.hot.*)
 *(.text .stub .text.* .gnu.linkonce.t.*)
 .text          0x0000000000100400      0x317 kernel/kernel.o
                0x0000000000100400                _start
                0x0000000000100440                hwint00
                0x0000000000100470                hwint01
                0x00000000001004a0                hwint02
                0x00000000001004d0                hwint03
                0x0000000000100500                hwint04
                0x0000000000100530                hwint05
                0x0000000000100560                hwint06
                0x0000000000100590                hwint07
                0x00000000001005c0                hwint08
                0x00000000001005d0                hwint09
                0x00000000001005e0                hwint10
                0x00000000001005f0                hwint11
                0x0000000000100600                hwint12
                0x0000000000100610                hwint13
                0x0000000000100620                hwint14
                0x0000000000100630                hwint15
                0x000000000010063b                divide_error
                0x0000000000100641                single_step_exception
                0x0000000000100647                nmi
                0x000000000010064d                breakpoint_exception
                0x0000000000100653                overflow
                0x0000000000100659                bounds_check
                0x000000000010065f                inval_opcode
                0x0000000000100665                copr_not_available
                0x000000000010066b                double_fault
                0x000000000010066f                copr_seg_overrun
                0x0000000000100675                inval_tss
                0x0000000000100679                segment_not_present
                0x000000000010067d                stack_exception
                0x0000000000100681                general_protection
                0x0000000000100685                page_fault
                0x0000000000100689                copr_error
                0x00000000001006d2                sys_call
                0x00000000001006f2                restart
 *fill*         0x0000000000100717        0x9 
 .text          0x0000000000100720       0x20 kernel/syscall.o
                0x0000000000100720                sendrec
                0x0000000000100734                printx
 .text          0x0000000000100740       0x9f kernel/start.o
                0x0000000000100740                cstart
 .text          0x00000000001007df      0x385 kernel/main.o
                0x00000000001007df                kernel_main
                0x0000000000100a35                get_ticks
                0x0000000000100a69                TestA
                0x0000000000100afd                TestB
                0x0000000000100b0c                TestC
                0x0000000000100b1b                panic
 .text          0x0000000000100b64      0x196 kernel/clock.o
                0x0000000000100b64                clock_handler
                0x0000000000100c68                milli_delay
                0x0000000000100ca2                init_clock
 .text          0x0000000000100cfa      0x130 kernel/i8259.o
                0x0000000000100cfa                init_8259A
                0x0000000000100dcf                spurious_irq
                0x0000000000100e06                put_irq_handler
 .text          0x0000000000100e2a        0x0 kernel/global.o
 .text          0x0000000000100e2a      0x614 kernel/protect.o
                0x0000000000100e2a                init_prot
                0x0000000000101247                seg2phys
                0x0000000000101303                exception_handler
 .text          0x000000000010143e     0x1aaa kernel/proc.o
                0x000000000010143e                __sched_period
                0x000000000010145d                sched_slice
                0x0000000000101499                calc_delta_fair
                0x00000000001014c8                schedule
                0x000000000010153e                add_task
                0x0000000000101769                rm_task
                0x00000000001017fa                sys_sendrec
                0x0000000000101923                send_recv
                0x00000000001019e0                ldt_seg_linear
                0x0000000000101a2a                va2la
                0x0000000000101a8b                reset_msg
                0x0000000000102a41                dump_proc
                0x0000000000102ddb                dump_msg
 .text          0x0000000000102ee8      0x72f kernel/rbtree.o
                0x0000000000102ee8                tree_minimum
                0x0000000000102f08                __pick_first_entity
                0x0000000000102f37                left_rotate
                0x0000000000102fcb                right_rotate
                0x000000000010305f                rb_insert_fixup
                0x00000000001031df                rb_insert
                0x0000000000103294                rb_transplant
                0x00000000001032ee                rb_delete_fixup
                0x0000000000103502                rb_delete
 .text          0x0000000000103617      0x687 kernel/keyboard.o
                0x0000000000103617                keyboard_handler
                0x0000000000103677                init_keyboard
                0x000000000010371c                keyboard_read
 .text          0x0000000000103c9e      0x516 kernel/tty.o
                0x0000000000103c9e                task_tty
                0x0000000000103d58                in_process
                0x0000000000103fbe                tty_write
                0x0000000000104004                sys_printx
 .text          0x00000000001041b4      0x41d kernel/console.o
                0x00000000001041b4                init_screen
                0x00000000001042cb                is_current_console
                0x00000000001042e6                out_char
                0x0000000000104530                select_console
                0x0000000000104566                scroll_screen
 .text          0x00000000001045d1       0x58 kernel/systask.o
                0x00000000001045d1                task_sys
 .text          0x0000000000104629       0x50 kernel/printf.o
                0x0000000000104629                printf
 .text          0x0000000000104679      0x305 kernel/vsprintf.o
                0x00000000001046d7                vsprintf
                0x0000000000104958                sprintf
 .text          0x000000000010497e      0x125 mm/frame_allocator.o
                0x000000000010497e                init_frametracker
                0x00000000001049cf                frame_alloc
                0x0000000000104a24                frame_dealloc
                0x0000000000104a57                frame_find
 .text          0x0000000000104aa3      0x1f8 mm/page_table.o
                0x0000000000104aa3                get_final_entry
                0x0000000000104b17                la2pa
                0x0000000000104b84                map
                0x0000000000104c05                unmap
 .text          0x0000000000104c9b      0x8fd mm/buddy_system.o
                0x0000000000104c9b                log_2
                0x0000000000104ce0                pow_2
                0x0000000000104d01                buddy_list_insert
                0x0000000000104d69                buddy_list_pop
                0x0000000000104e08                buddy_list_del
                0x0000000000104ed9                print_table
                0x0000000000104f45                buddy_init
                0x0000000000105014                lowbit
                0x0000000000105021                buddy_alloc
                0x00000000001053df                lneq
                0x000000000010541e                buddy_dealloc
 .text          0x0000000000105598       0x40 mm/heap_allocator.o
                0x0000000000105598                malloc
                0x00000000001055bd                free
 *fill*         0x00000000001055d8        0x8 
 .text          0x00000000001055e0       0xeb lib/kliba.o
                0x00000000001055e0                disp_str
                0x000000000010561e                disp_color_str
                0x000000000010565d                out_byte
                0x0000000000105669                in_byte
                0x0000000000105673                disable_irq
                0x00000000001056a8                enable_irq
                0x00000000001056c7                disable_int
                0x00000000001056c9                enable_int
 .text          0x00000000001056cb      0x119 lib/klib.o
                0x00000000001056cb                itoa
                0x0000000000105776                disp_int
                0x000000000010579d                delay
 *fill*         0x00000000001057e4        0xc 
 .text          0x00000000001057f0       0x78 lib/string.o
                0x00000000001057f0                memcpy
                0x0000000000105819                memset
                0x000000000010583a                strcpy
                0x0000000000105852                strlen
 .text          0x0000000000105868       0x54 lib/misc.o
                0x0000000000105868                spin
                0x0000000000105883                assertion_failure
 .text          0x00000000001058bc      0x15a test/testmm.o
                0x00000000001058bc                test_frame_pgtable
                0x0000000000105a08                testmm
 *(.gnu.warning)

.fini
 *(SORT(.fini))
                [!provide]                        PROVIDE (__etext, .)
                [!provide]                        PROVIDE (_etext, .)
                [!provide]                        PROVIDE (etext, .)

.rodata         0x0000000000105a20     0x1080
 *(.rodata .rodata.* .gnu.linkonce.r.*)
 .rodata        0x0000000000105a20       0x4b kernel/start.o
 *fill*         0x0000000000105a6b        0x1 
 .rodata        0x0000000000105a6c       0x52 kernel/main.o
 .rodata        0x0000000000105abe       0x11 kernel/i8259.o
 *fill*         0x0000000000105acf       0x11 
 .rodata        0x0000000000105ae0       0xa0 kernel/global.o
                0x0000000000105ae0                sched_prio_to_weight
 .rodata        0x0000000000105b80      0x540 kernel/protect.o
 .rodata        0x00000000001060c0      0x696 kernel/proc.o
 *fill*         0x0000000000106756        0x2 
 .rodata        0x0000000000106758       0x64 kernel/keyboard.o
 .rodata        0x00000000001067bc       0x90 kernel/tty.o
 .rodata        0x000000000010684c       0x11 kernel/systask.o
 .rodata        0x000000000010685d       0x56 mm/frame_allocator.o
 *fill*         0x00000000001068b3        0x1 
 .rodata        0x00000000001068b4       0x7e mm/page_table.o
                0x00000000001068b4                PTECNT
 .rodata        0x0000000000106932       0xdf mm/buddy_system.o
 *fill*         0x0000000000106a11        0x3 
 .rodata        0x0000000000106a14       0x61 lib/misc.o
 .rodata        0x0000000000106a75       0x2b test/testmm.o

.rodata1
 *(.rodata1)

.eh_frame_hdr
 *(.eh_frame_hdr)
 *(.eh_frame_entry .eh_frame_entry.*)

.eh_frame       0x0000000000106aa0      0xcdc
 *(.eh_frame)
 .eh_frame      0x0000000000106aa0       0x38 kernel/start.o
 .eh_frame      0x0000000000106ad8       0xb0 kernel/main.o
                                         0xc8 (size before relaxing)
 .eh_frame      0x0000000000106b88       0x60 kernel/clock.o
                                         0x78 (size before relaxing)
 .eh_frame      0x0000000000106be8       0x60 kernel/i8259.o
                                         0x78 (size before relaxing)
 .eh_frame      0x0000000000106c48       0xb0 kernel/protect.o
                                         0xc8 (size before relaxing)
 .eh_frame      0x0000000000106cf8      0x26c kernel/proc.o
                                        0x284 (size before relaxing)
 .eh_frame      0x0000000000106f64      0x120 kernel/rbtree.o
                                        0x138 (size before relaxing)
 .eh_frame      0x0000000000107084       0xe0 kernel/keyboard.o
                                         0xf8 (size before relaxing)
 .eh_frame      0x0000000000107164       0xfc kernel/tty.o
                                        0x114 (size before relaxing)
 .eh_frame      0x0000000000107260      0x100 kernel/console.o
                                        0x118 (size before relaxing)
 .eh_frame      0x0000000000107360       0x1c kernel/systask.o
                                         0x34 (size before relaxing)
 .eh_frame      0x000000000010737c       0x20 kernel/printf.o
                                         0x38 (size before relaxing)
 .eh_frame      0x000000000010739c       0x60 kernel/vsprintf.o
                                         0x78 (size before relaxing)
 .eh_frame      0x00000000001073fc       0x80 mm/frame_allocator.o
                                         0x98 (size before relaxing)
 .eh_frame      0x000000000010747c       0x80 mm/page_table.o
                                         0x98 (size before relaxing)
 .eh_frame      0x00000000001074fc      0x164 mm/buddy_system.o
                                        0x17c (size before relaxing)
 .eh_frame      0x0000000000107660       0x40 mm/heap_allocator.o
                                         0x58 (size before relaxing)
 .eh_frame      0x00000000001076a0       0x60 lib/klib.o
                                         0x78 (size before relaxing)
 .eh_frame      0x0000000000107700       0x3c lib/misc.o
                                         0x54 (size before relaxing)
 .eh_frame      0x000000000010773c       0x40 test/testmm.o
                                         0x58 (size before relaxing)
 *(.eh_frame.*)

.gcc_except_table
 *(.gcc_except_table .gcc_except_table.*)

.gnu_extab
 *(.gnu_extab*)

.exception_ranges
 *(.exception_ranges .exception_ranges*)
                0x000000000010877c                . = DATA_SEGMENT_ALIGN (0x1000, 0x1000)

.eh_frame
 *(.eh_frame)
 *(.eh_frame.*)

.gnu_extab
 *(.gnu_extab)

.gcc_except_table
 *(.gcc_except_table .gcc_except_table.*)

.exception_ranges
 *(.exception_ranges .exception_ranges*)

.tdata
 *(.tdata .tdata.* .gnu.linkonce.td.*)

.tbss
 *(.tbss .tbss.* .gnu.linkonce.tb.*)
 *(.tcommon)

.preinit_array  0x000000000010877c        0x0
                [!provide]                        PROVIDE (__preinit_array_start, .)
 *(.preinit_array)
                [!provide]                        PROVIDE (__preinit_array_end, .)

.init_array     0x000000000010877c        0x0
                [!provide]                        PROVIDE (__init_array_start, .)
 *(SORT(.init_array.*) SORT(.ctors.*))
 *(.init_array EXCLUDE_FILE(*crtend?.o *crtend.o *crtbegin?.o *crtbegin.o) .ctors)
                [!provide]                        PROVIDE (__init_array_end, .)

.fini_array     0x000000000010877c        0x0
                [!provide]                        PROVIDE (__fini_array_start, .)
 *(SORT(.fini_array.*) SORT(.dtors.*))
 *(.fini_array EXCLUDE_FILE(*crtend?.o *crtend.o *crtbegin?.o *crtbegin.o) .dtors)
                [!provide]                        PROVIDE (__fini_array_end, .)

.ctors
 *crtbegin.o(.ctors)
 *crtbegin?.o(.ctors)
 *(EXCLUDE_FILE(*crtend?.o *crtend.o) .ctors)
 *(SORT(.ctors.*))
 *(.ctors)

.dtors
 *crtbegin.o(.dtors)
 *crtbegin?.o(.dtors)
 *(EXCLUDE_FILE(*crtend?.o *crtend.o) .dtors)
 *(SORT(.dtors.*))
 *(.dtors)

.jcr
 *(.jcr)

.data.rel.ro
 *(.data.rel.ro.local* .gnu.linkonce.d.rel.ro.local.*)
 *(.data.rel.ro .data.rel.ro.* .gnu.linkonce.d.rel.ro.*)

.dynamic
 *(.dynamic)

.got
 *(.got)
 *(.igot)
                0x000000000010877c                . = DATA_SEGMENT_RELRO_END (., (SIZEOF (.got.plt) >= 0xc)?0xc:0x0)

.got.plt        0x000000000010877c        0x0
 *(.got.plt)
 *(.igot.plt)
 .igot.plt      0x000000000010877c        0x0 kernel/kernel.o

.data           0x0000000000108780      0x744
 *(.data .data.* .gnu.linkonce.d.*)
 .data          0x0000000000108780        0x2 kernel/kernel.o
 .data          0x0000000000108782        0x0 kernel/start.o
 .data          0x0000000000108782        0x0 kernel/main.o
 .data          0x0000000000108782        0x0 kernel/clock.o
 .data          0x0000000000108782        0x0 kernel/i8259.o
 *fill*         0x0000000000108782       0x1e 
 .data          0x00000000001087a0       0xf0 kernel/global.o
                0x00000000001087a0                task_table
                0x0000000000108800                user_proc_table
                0x0000000000108878                sys_call_table
                0x0000000000108884                sysctl_sched_latency
                0x0000000000108888                sysctl_sched_min_granularity
                0x000000000010888c                sched_nr_latency
 .data          0x0000000000108890        0x0 kernel/protect.o
 .data          0x0000000000108890        0x0 kernel/proc.o
 .data          0x0000000000108890       0x1c kernel/rbtree.o
                0x0000000000108890                nil
                0x00000000001088a8                root
 *fill*         0x00000000001088ac       0x14 
 .data          0x00000000001088c0      0x600 kernel/keyboard.o
                0x00000000001088c0                keymap
 .data          0x0000000000108ec0        0x0 kernel/tty.o
 .data          0x0000000000108ec0        0x0 kernel/console.o
 .data          0x0000000000108ec0        0x0 kernel/systask.o
 .data          0x0000000000108ec0        0x0 kernel/printf.o
 .data          0x0000000000108ec0        0x0 kernel/vsprintf.o
 .data          0x0000000000108ec0        0x0 mm/frame_allocator.o
 .data          0x0000000000108ec0        0x4 mm/page_table.o
                0x0000000000108ec0                pagedir
 .data          0x0000000000108ec4        0x0 mm/buddy_system.o
 .data          0x0000000000108ec4        0x0 mm/heap_allocator.o
 .data          0x0000000000108ec4        0x0 lib/klib.o
 .data          0x0000000000108ec4        0x0 lib/misc.o
 .data          0x0000000000108ec4        0x0 test/testmm.o

.data1
 *(.data1)
                0x0000000000108ec4                _edata = .
                [!provide]                        PROVIDE (edata, .)
                0x0000000000108ec4                . = .
                0x0000000000108ec4                __bss_start = .

.bss            0x0000000000108ee0  0x182aba0
 *(.dynbss)
 *(.bss .bss.* .gnu.linkonce.b.*)
 .bss           0x0000000000108ee0      0x800 kernel/kernel.o
 .bss           0x00000000001096e0        0x0 kernel/start.o
 .bss           0x00000000001096e0        0x0 kernel/main.o
 .bss           0x00000000001096e0        0x0 kernel/clock.o
 .bss           0x00000000001096e0        0x0 kernel/i8259.o
 .bss           0x00000000001096e0        0xc kernel/global.o
                0x00000000001096e0                nr_running
                0x00000000001096e4                sum_weight
                0x00000000001096e8                has_preempt
 .bss           0x00000000001096ec        0x0 kernel/protect.o
 .bss           0x00000000001096ec        0x0 kernel/proc.o
 .bss           0x00000000001096ec        0x0 kernel/rbtree.o
 *fill*         0x00000000001096ec       0x14 
 .bss           0x0000000000109700       0x58 kernel/keyboard.o
 .bss           0x0000000000109758        0x0 kernel/tty.o
 .bss           0x0000000000109758        0x0 kernel/console.o
 .bss           0x0000000000109758        0x0 kernel/systask.o
 .bss           0x0000000000109758        0x0 kernel/printf.o
 .bss           0x0000000000109758        0x0 kernel/vsprintf.o
 .bss           0x0000000000109758        0x0 mm/frame_allocator.o
 .bss           0x0000000000109758        0x0 mm/page_table.o
 .bss           0x0000000000109758        0x0 mm/buddy_system.o
 .bss           0x0000000000109758        0x0 mm/heap_allocator.o
 .bss           0x0000000000109758        0x0 lib/klib.o
 .bss           0x0000000000109758        0x0 lib/misc.o
 .bss           0x0000000000109758        0x0 test/testmm.o
 *(COMMON)
 *fill*         0x0000000000109758        0x8 
 COMMON         0x0000000000109760   0x82a20c kernel/global.o
                0x0000000000109760                phy_frames
                0x0000000000909760                idt_ptr
                0x0000000000909780                task_stack
                0x0000000000931780                k_reenter
                0x00000000009317a0                gdt
                0x0000000000931ba0                tty_table
                0x0000000000932bf0                wait_table
                0x0000000000932c20                tss
                0x0000000000932c88                nr_current_console
                0x0000000000932c8c                disp_pos
                0x0000000000932c90                gdt_ptr
                0x0000000000932c98                wait_cnt
                0x0000000000932ca0                idt
                0x00000000009334a0                se_table
                0x0000000000933590                ticks
                0x0000000000933594                stat
                0x00000000009335c0                console_table
                0x0000000000933600                irq_table
                0x0000000000933640                p_proc_ready
                0x0000000000933660                proc_table
 *fill*         0x000000000093396c       0x14 
 COMMON         0x0000000000933980  0x1000100 mm/buddy_system.o
                0x0000000000933980                p
                0x0000000001933980                buddy_tree
                0x0000000001933a80                . = ALIGN ((. != 0x0)?0x4:0x1)
                0x0000000001933a80                . = ALIGN (0x4)
                0x0000000001933a80                . = SEGMENT_START ("ldata-segment", .)
                0x0000000001933a80                . = ALIGN (0x4)
                0x0000000001933a80                _end = .
                [!provide]                        PROVIDE (end, .)
                0x0000000001933a80                . = DATA_SEGMENT_END (.)

.stab
 *(.stab)

.stabstr
 *(.stabstr)

.stab.excl
 *(.stab.excl)

.stab.exclstr
 *(.stab.exclstr)

.stab.index
 *(.stab.index)

.stab.indexstr
 *(.stab.indexstr)

.comment        0x0000000000000000       0x35
 *(.comment)
 .comment       0x0000000000000000       0x35 kernel/start.o
                                         0x36 (size before relaxing)
 .comment       0x0000000000000035       0x36 kernel/main.o
 .comment       0x0000000000000035       0x36 kernel/clock.o
 .comment       0x0000000000000035       0x36 kernel/i8259.o
 .comment       0x0000000000000035       0x36 kernel/global.o
 .comment       0x0000000000000035       0x36 kernel/protect.o
 .comment       0x0000000000000035       0x36 kernel/proc.o
 .comment       0x0000000000000035       0x36 kernel/rbtree.o
 .comment       0x0000000000000035       0x36 kernel/keyboard.o
 .comment       0x0000000000000035       0x36 kernel/tty.o
 .comment       0x0000000000000035       0x36 kernel/console.o
 .comment       0x0000000000000035       0x36 kernel/systask.o
 .comment       0x0000000000000035       0x36 kernel/printf.o
 .comment       0x0000000000000035       0x36 kernel/vsprintf.o
 .comment       0x0000000000000035       0x36 mm/frame_allocator.o
 .comment       0x0000000000000035       0x36 mm/page_table.o
 .comment       0x0000000000000035       0x36 mm/buddy_system.o
 .comment       0x0000000000000035       0x36 mm/heap_allocator.o
 .comment       0x0000000000000035       0x36 lib/klib.o
 .comment       0x0000000000000035       0x36 lib/misc.o
 .comment       0x0000000000000035       0x36 test/testmm.o

.debug
 *(.debug)

.line
 *(.line)

.debug_srcinfo
 *(.debug_srcinfo)

.debug_sfnames
 *(.debug_sfnames)

.debug_aranges
 *(.debug_aranges)

.debug_pubnames
 *(.debug_pubnames)

.debug_info
 *(.debug_info .gnu.linkonce.wi.*)

.debug_abbrev
 *(.debug_abbrev)

.debug_line
 *(.debug_line .debug_line.* .debug_line_end)

.debug_frame
 *(.debug_frame)

.debug_str
 *(.debug_str)

.debug_loc
 *(.debug_loc)

.debug_macinfo
 *(.debug_macinfo)

.debug_weaknames
 *(.debug_weaknames)

.debug_funcnames
 *(.debug_funcnames)

.debug_typenames
 *(.debug_typenames)

.debug_varnames
 *(.debug_varnames)

.debug_pubtypes
 *(.debug_pubtypes)

.debug_ranges
 *(.debug_ranges)

.debug_macro
 *(.debug_macro)

.gnu.attributes
 *(.gnu.attributes)

/DISCARD/
 *(.note.GNU-stack)
 *(.gnu_debuglink)
 *(.gnu.lto_*)
OUTPUT(kernel.bin elf32-i386)
