
Allocating common symbols
Common symbol       size              file

phy_frames          0x2000000         kernel/global.o
idt_ptr             0x6               kernel/global.o
p                   0x1000000         mm/buddy_system.o
task_stack          0x30000           kernel/global.o
k_reenter           0x4               kernel/global.o
gdt                 0x400             kernel/global.o
buddy_tree          0x100             mm/buddy_system.o
tty_table           0x1050            kernel/global.o
wait_table          0x18              kernel/global.o
tss                 0x68              kernel/global.o
nr_current_console  0x4               kernel/global.o
disp_pos            0x4               kernel/global.o
gdt_ptr             0x6               kernel/global.o
wait_cnt            0x4               kernel/global.o
idt                 0x800             kernel/global.o
se_table            0x120             kernel/global.o
PARTITION_ENTRY     0x10              kernel/global.o
ticks               0x4               kernel/global.o
stat                0x18              kernel/global.o
console_table       0x40              kernel/global.o
irq_table           0x40              kernel/global.o
p_proc_ready        0x4               kernel/global.o
p_cur_pagedir       0x4               kernel/global.o
proc_table          0x3d8             kernel/global.o

Discarded input sections

 .note.GNU-stack
                0x0000000000000000        0x0 kernel/start.o
 .note.GNU-stack
                0x0000000000000000        0x0 kernel/main.o
 .note.GNU-stack
                0x0000000000000000        0x0 kernel/clock.o
 .note.GNU-stack
                0x0000000000000000        0x0 kernel/i8259.o
 .note.GNU-stack
                0x0000000000000000        0x0 kernel/global.o
 .note.GNU-stack
                0x0000000000000000        0x0 kernel/protect.o
 .note.GNU-stack
                0x0000000000000000        0x0 kernel/proc.o
 .note.GNU-stack
                0x0000000000000000        0x0 kernel/rbtree.o
 .note.GNU-stack
                0x0000000000000000        0x0 kernel/keyboard.o
 .note.GNU-stack
                0x0000000000000000        0x0 kernel/tty.o
 .note.GNU-stack
                0x0000000000000000        0x0 kernel/console.o
 .note.GNU-stack
                0x0000000000000000        0x0 kernel/systask.o
 .note.GNU-stack
                0x0000000000000000        0x0 kernel/printf.o
 .note.GNU-stack
                0x0000000000000000        0x0 kernel/vsprintf.o
 .note.GNU-stack
                0x0000000000000000        0x0 mm/frame_allocator.o
 .note.GNU-stack
                0x0000000000000000        0x0 mm/page_table.o
 .note.GNU-stack
                0x0000000000000000        0x0 mm/buddy_system.o
 .note.GNU-stack
                0x0000000000000000        0x0 mm/heap_allocator.o
 .note.GNU-stack
                0x0000000000000000        0x0 drv/hd.o
 .note.GNU-stack
                0x0000000000000000        0x0 lib/klib.o
 .note.GNU-stack
                0x0000000000000000        0x0 lib/misc.o
 .note.GNU-stack
                0x0000000000000000        0x0 test/testmm.o

Memory Configuration

Name             Origin             Length             Attributes
*default*        0x0000000000000000 0xffffffffffffffff

Linker script and memory map

Address of section .text set to 0x100400
LOAD kernel/kernel.o
LOAD kernel/syscall.o
LOAD kernel/start.o
LOAD kernel/main.o
LOAD kernel/clock.o
LOAD kernel/i8259.o
LOAD kernel/global.o
LOAD kernel/protect.o
LOAD kernel/proc.o
LOAD kernel/rbtree.o
LOAD kernel/keyboard.o
LOAD kernel/tty.o
LOAD kernel/console.o
LOAD kernel/systask.o
LOAD kernel/printf.o
LOAD kernel/vsprintf.o
LOAD mm/frame_allocator.o
LOAD mm/page_table.o
LOAD mm/buddy_system.o
LOAD mm/heap_allocator.o
LOAD drv/hd.o
LOAD lib/kliba.o
LOAD lib/klib.o
LOAD lib/string.o
LOAD lib/misc.o
LOAD test/testmm.o
                [!provide]                        PROVIDE (__executable_start, 0x8048000)
                0x0000000008048094                . = (0x8048000 + SIZEOF_HEADERS)

.interp
 *(.interp)

.note.gnu.build-id
 *(.note.gnu.build-id)

.hash
 *(.hash)

.gnu.hash
 *(.gnu.hash)

.dynsym
 *(.dynsym)

.dynstr
 *(.dynstr)

.gnu.version
 *(.gnu.version)

.gnu.version_d
 *(.gnu.version_d)

.gnu.version_r
 *(.gnu.version_r)

.rel.dyn        0x0000000008048094        0x0
 *(.rel.init)
 *(.rel.text .rel.text.* .rel.gnu.linkonce.t.*)
 .rel.text      0x0000000008048094        0x0 kernel/kernel.o
 *(.rel.fini)
 *(.rel.rodata .rel.rodata.* .rel.gnu.linkonce.r.*)
 *(.rel.data.rel.ro .rel.data.rel.ro.* .rel.gnu.linkonce.d.rel.ro.*)
 *(.rel.data .rel.data.* .rel.gnu.linkonce.d.*)
 .rel.data      0x0000000008048094        0x0 kernel/kernel.o
 *(.rel.tdata .rel.tdata.* .rel.gnu.linkonce.td.*)
 *(.rel.tbss .rel.tbss.* .rel.gnu.linkonce.tb.*)
 *(.rel.ctors)
 *(.rel.dtors)
 *(.rel.got)
 *(.rel.bss .rel.bss.* .rel.gnu.linkonce.b.*)
 *(.rel.ifunc)

.rel.plt        0x0000000008048094        0x0
 *(.rel.plt)
                [!provide]                        PROVIDE (__rel_iplt_start, .)
 *(.rel.iplt)
 .rel.iplt      0x0000000008048094        0x0 kernel/kernel.o
                [!provide]                        PROVIDE (__rel_iplt_end, .)

.init
 *(SORT(.init))

.plt            0x00000000080480a0        0x0
 *(.plt)
 *(.iplt)
 .iplt          0x00000000080480a0        0x0 kernel/kernel.o

.plt.got
 *(.plt.got)

.text           0x0000000000100400     0x6f1c
 *(.text.unlikely .text.*_unlikely .text.unlikely.*)
 *(.text.exit .text.exit.*)
 *(.text.startup .text.startup.*)
 *(.text.hot .text.hot.*)
 *(.text .stub .text.* .gnu.linkonce.t.*)
 .text          0x0000000000100400      0x43e kernel/kernel.o
                0x0000000000100400                _start
                0x0000000000100440                hwint00
                0x0000000000100470                hwint01
                0x00000000001004a0                hwint02
                0x00000000001004d0                hwint03
                0x0000000000100500                hwint04
                0x0000000000100530                hwint05
                0x0000000000100560                hwint06
                0x0000000000100590                hwint07
                0x00000000001005c0                hwint08
                0x00000000001005f0                hwint09
                0x0000000000100620                hwint10
                0x0000000000100650                hwint11
                0x0000000000100680                hwint12
                0x00000000001006b0                hwint13
                0x00000000001006e0                hwint14
                0x0000000000100710                hwint15
                0x0000000000100736                divide_error
                0x000000000010073c                single_step_exception
                0x0000000000100742                nmi
                0x0000000000100748                breakpoint_exception
                0x000000000010074e                overflow
                0x0000000000100754                bounds_check
                0x000000000010075a                inval_opcode
                0x0000000000100760                copr_not_available
                0x0000000000100766                double_fault
                0x000000000010076a                copr_seg_overrun
                0x0000000000100770                inval_tss
                0x0000000000100774                segment_not_present
                0x0000000000100778                stack_exception
                0x000000000010077c                general_protection
                0x0000000000100780                page_fault
                0x000000000010078f                copr_error
                0x00000000001007eb                sys_call
                0x000000000010080d                restart
 *fill*         0x000000000010083e        0x2 
 .text          0x0000000000100840       0x28 kernel/syscall.o
                0x0000000000100840                sendrec
                0x000000000010085a                printx
 .text          0x0000000000100868      0x12f kernel/start.o
                0x0000000000100868                dealloc_all_userspace
                0x00000000001008e3                cstart
 .text          0x0000000000100997      0x4aa kernel/main.o
                0x0000000000100997                kernel_main
                0x0000000000100c8d                get_ticks
                0x0000000000100cc1                TestA
                0x0000000000100d45                TestB
                0x0000000000100dcc                TestC
                0x0000000000100df8                panic
 .text          0x0000000000100e41      0x1a5 kernel/clock.o
                0x0000000000100e41                clock_handler
                0x0000000000100f54                milli_delay
                0x0000000000100f8e                init_clock
 .text          0x0000000000100fe6      0x133 kernel/i8259.o
                0x0000000000100fe6                init_8259A
                0x00000000001010bb                spurious_irq
                0x00000000001010f5                put_irq_handler
 .text          0x0000000000101119        0x0 kernel/global.o
 .text          0x0000000000101119      0x65a kernel/protect.o
                0x0000000000101119                init_prot
                0x0000000000101536                seg2phys
                0x00000000001015f2                exception_handler
                0x0000000000101742                page_fault_handler
 .text          0x0000000000101773     0x1d7c kernel/proc.o
                0x0000000000101773                __sched_period
                0x0000000000101792                sched_slice
                0x00000000001017ce                calc_delta_fair
                0x00000000001017fd                schedule
                0x000000000010188b                add_task
                0x0000000000101b78                rm_task
                0x0000000000101c12                sys_sendrec
                0x0000000000101d3b                send_recv
                0x0000000000101df8                ldt_seg_linear
                0x0000000000101e42                va2la
                0x0000000000101ea3                reset_msg
                0x0000000000102eae                inform_int
                0x0000000000103045                dump_proc
                0x00000000001033e2                dump_msg
 .text          0x00000000001034ef      0x768 kernel/rbtree.o
                0x00000000001034ef                tree_minimum
                0x000000000010350f                __pick_first_entity
                0x0000000000103541                left_rotate
                0x00000000001035d6                right_rotate
                0x000000000010366b                rb_insert_fixup
                0x00000000001037f8                rb_insert
                0x00000000001038ad                rb_transplant
                0x0000000000103907                rb_delete_fixup
                0x0000000000103b30                rb_delete
 .text          0x0000000000103c57      0x687 kernel/keyboard.o
                0x0000000000103c57                keyboard_handler
                0x0000000000103cb7                init_keyboard
                0x0000000000103d5c                keyboard_read
 .text          0x00000000001042de      0x516 kernel/tty.o
                0x00000000001042de                task_tty
                0x0000000000104398                in_process
                0x00000000001045fe                tty_write
                0x0000000000104644                sys_printx
 .text          0x00000000001047f4      0x41d kernel/console.o
                0x00000000001047f4                init_screen
                0x000000000010490b                is_current_console
                0x0000000000104926                out_char
                0x0000000000104b70                select_console
                0x0000000000104ba6                scroll_screen
 .text          0x0000000000104c11       0x58 kernel/systask.o
                0x0000000000104c11                task_sys
 .text          0x0000000000104c69       0x50 kernel/printf.o
                0x0000000000104c69                printf
 .text          0x0000000000104cb9      0x305 kernel/vsprintf.o
                0x0000000000104d17                vsprintf
                0x0000000000104f98                sprintf
 .text          0x0000000000104fbe      0x1a2 mm/frame_allocator.o
                0x0000000000104fbe                init_frametracker
                0x0000000000105050                frame_alloc
                0x00000000001050b4                frame_dealloc
                0x00000000001050fe                frame_find
 .text          0x0000000000105160      0x344 mm/page_table.o
                0x0000000000105160                new_page_table
                0x00000000001051ee                get_final_entry
                0x0000000000105264                kget_final_entry
                0x00000000001052b7                dbg_first_entry
                0x00000000001052eb                la2pa
                0x000000000010535b                map
                0x00000000001053df                kmap
                0x0000000000105422                unmap
 .text          0x00000000001054a4      0x8fd mm/buddy_system.o
                0x00000000001054a4                log_2
                0x00000000001054e9                pow_2
                0x000000000010550a                buddy_list_insert
                0x0000000000105572                buddy_list_pop
                0x0000000000105611                buddy_list_del
                0x00000000001056e2                print_table
                0x000000000010574e                buddy_init
                0x000000000010581d                lowbit
                0x000000000010582a                buddy_alloc
                0x0000000000105be8                lneq
                0x0000000000105c27                buddy_dealloc
 .text          0x0000000000105da1       0x40 mm/heap_allocator.o
                0x0000000000105da1                malloc
                0x0000000000105dc6                free
 .text          0x0000000000105de1      0xe84 drv/hd.o
                0x0000000000105de1                task_hd
                0x0000000000106c3a                hd_handler
 *fill*         0x0000000000106c65        0xb 
 .text          0x0000000000106c70      0x19a lib/kliba.o
                0x0000000000106c70                disp_str
                0x0000000000106cae                disp_color_str
                0x0000000000106ced                out_byte
                0x0000000000106cf9                in_byte
                0x0000000000106d03                port_read
                0x0000000000106d16                port_write
                0x0000000000106d29                disable_irq
                0x0000000000106d5e                enable_irq
                0x0000000000106d7d                disable_int
                0x0000000000106d7f                enable_int
                0x0000000000106d81                glitter
 .text          0x0000000000106e0a      0x119 lib/klib.o
                0x0000000000106e0a                itoa
                0x0000000000106eb5                disp_int
                0x0000000000106edc                delay
 *fill*         0x0000000000106f23        0xd 
 .text          0x0000000000106f30       0x78 lib/string.o
                0x0000000000106f30                memcpy
                0x0000000000106f59                memset
                0x0000000000106f7a                strcpy
                0x0000000000106f92                strlen
 .text          0x0000000000106fa8      0x19c lib/misc.o
                0x0000000000106fa8                memcmp
                0x000000000010701e                strcmp
                0x0000000000107091                strcat
                0x00000000001070f0                spin
                0x000000000010710b                assertion_failure
 .text          0x0000000000107144      0x1d8 test/testmm.o
                0x0000000000107144                test_frame_pgtable
                0x00000000001072b7                test_malloc_free
                0x0000000000107309                testmm
 *(.gnu.warning)

.fini
 *(SORT(.fini))
                [!provide]                        PROVIDE (__etext, .)
                [!provide]                        PROVIDE (_etext, .)
                [!provide]                        PROVIDE (etext, .)

.rodata         0x0000000000107320     0x13cc
 *(.rodata .rodata.* .gnu.linkonce.r.*)
 .rodata        0x0000000000107320       0x91 kernel/start.o
 *fill*         0x00000000001073b1        0x3 
 .rodata        0x00000000001073b4       0xa1 kernel/main.o
 .rodata        0x0000000000107455       0x11 kernel/i8259.o
 *fill*         0x0000000000107466       0x1a 
 .rodata        0x0000000000107480       0xa0 kernel/global.o
                0x0000000000107480                sched_prio_to_weight
 .rodata        0x0000000000107520      0x54f kernel/protect.o
 *fill*         0x0000000000107a6f        0x1 
 .rodata        0x0000000000107a70      0x6de kernel/proc.o
 *fill*         0x000000000010814e        0x2 
 .rodata        0x0000000000108150       0x64 kernel/keyboard.o
 .rodata        0x00000000001081b4       0x90 kernel/tty.o
 .rodata        0x0000000000108244       0x11 kernel/systask.o
 .rodata        0x0000000000108255       0x5f mm/frame_allocator.o
 .rodata        0x00000000001082b4       0x63 mm/page_table.o
                0x00000000001082b4                PTECNT
 .rodata        0x0000000000108317       0xdf mm/buddy_system.o
 *fill*         0x00000000001083f6        0x2 
 .rodata        0x00000000001083f8      0x207 drv/hd.o
 *fill*         0x00000000001085ff        0x1 
 .rodata        0x0000000000108600       0x61 lib/misc.o
 *fill*         0x0000000000108661        0x3 
 .rodata        0x0000000000108664       0x88 test/testmm.o

.rodata1
 *(.rodata1)

.eh_frame_hdr
 *(.eh_frame_hdr)
 *(.eh_frame_entry .eh_frame_entry.*)

.eh_frame       0x00000000001086ec     0x1030
 *(.eh_frame)
 .eh_frame      0x00000000001086ec       0x58 kernel/start.o
 .eh_frame      0x0000000000108744       0xb0 kernel/main.o
                                         0xc8 (size before relaxing)
 .eh_frame      0x00000000001087f4       0x60 kernel/clock.o
                                         0x78 (size before relaxing)
 .eh_frame      0x0000000000108854       0x60 kernel/i8259.o
                                         0x78 (size before relaxing)
 .eh_frame      0x00000000001088b4       0xd0 kernel/protect.o
                                         0xe8 (size before relaxing)
 .eh_frame      0x0000000000108984      0x290 kernel/proc.o
                                        0x2a8 (size before relaxing)
 .eh_frame      0x0000000000108c14      0x120 kernel/rbtree.o
                                        0x138 (size before relaxing)
 .eh_frame      0x0000000000108d34       0xe0 kernel/keyboard.o
                                         0xf8 (size before relaxing)
 .eh_frame      0x0000000000108e14       0xfc kernel/tty.o
                                        0x114 (size before relaxing)
 .eh_frame      0x0000000000108f10      0x100 kernel/console.o
                                        0x118 (size before relaxing)
 .eh_frame      0x0000000000109010       0x1c kernel/systask.o
                                         0x34 (size before relaxing)
 .eh_frame      0x000000000010902c       0x20 kernel/printf.o
                                         0x38 (size before relaxing)
 .eh_frame      0x000000000010904c       0x60 kernel/vsprintf.o
                                         0x78 (size before relaxing)
 .eh_frame      0x00000000001090ac       0x80 mm/frame_allocator.o
                                         0x98 (size before relaxing)
 .eh_frame      0x000000000010912c      0x100 mm/page_table.o
                                        0x118 (size before relaxing)
 .eh_frame      0x000000000010922c      0x164 mm/buddy_system.o
                                        0x17c (size before relaxing)
 .eh_frame      0x0000000000109390       0x40 mm/heap_allocator.o
                                         0x58 (size before relaxing)
 .eh_frame      0x00000000001093d0      0x1f0 drv/hd.o
                                        0x208 (size before relaxing)
 .eh_frame      0x00000000001095c0       0x60 lib/klib.o
                                         0x78 (size before relaxing)
 .eh_frame      0x0000000000109620       0x9c lib/misc.o
                                         0xb4 (size before relaxing)
 .eh_frame      0x00000000001096bc       0x60 test/testmm.o
                                         0x78 (size before relaxing)
 *(.eh_frame.*)

.gcc_except_table
 *(.gcc_except_table .gcc_except_table.*)

.gnu_extab
 *(.gnu_extab*)

.exception_ranges
 *(.exception_ranges .exception_ranges*)
                0x000000000010a000                . = DATA_SEGMENT_ALIGN (0x1000, 0x1000)

.eh_frame
 *(.eh_frame)
 *(.eh_frame.*)

.gnu_extab
 *(.gnu_extab)

.gcc_except_table
 *(.gcc_except_table .gcc_except_table.*)

.exception_ranges
 *(.exception_ranges .exception_ranges*)

.tdata
 *(.tdata .tdata.* .gnu.linkonce.td.*)

.tbss
 *(.tbss .tbss.* .gnu.linkonce.tb.*)
 *(.tcommon)

.preinit_array  0x000000000010a000        0x0
                [!provide]                        PROVIDE (__preinit_array_start, .)
 *(.preinit_array)
                [!provide]                        PROVIDE (__preinit_array_end, .)

.init_array     0x000000000010a000        0x0
                [!provide]                        PROVIDE (__init_array_start, .)
 *(SORT(.init_array.*) SORT(.ctors.*))
 *(.init_array EXCLUDE_FILE(*crtend?.o *crtend.o *crtbegin?.o *crtbegin.o) .ctors)
                [!provide]                        PROVIDE (__init_array_end, .)

.fini_array     0x000000000010a000        0x0
                [!provide]                        PROVIDE (__fini_array_start, .)
 *(SORT(.fini_array.*) SORT(.dtors.*))
 *(.fini_array EXCLUDE_FILE(*crtend?.o *crtend.o *crtbegin?.o *crtbegin.o) .dtors)
                [!provide]                        PROVIDE (__fini_array_end, .)

.ctors
 *crtbegin.o(.ctors)
 *crtbegin?.o(.ctors)
 *(EXCLUDE_FILE(*crtend?.o *crtend.o) .ctors)
 *(SORT(.ctors.*))
 *(.ctors)

.dtors
 *crtbegin.o(.dtors)
 *crtbegin?.o(.dtors)
 *(EXCLUDE_FILE(*crtend?.o *crtend.o) .dtors)
 *(SORT(.dtors.*))
 *(.dtors)

.jcr
 *(.jcr)

.data.rel.ro
 *(.data.rel.ro.local* .gnu.linkonce.d.rel.ro.local.*)
 *(.data.rel.ro .data.rel.ro.* .gnu.linkonce.d.rel.ro.*)

.dynamic
 *(.dynamic)

.got
 *(.got)
 *(.igot)
                0x000000000010a000                . = DATA_SEGMENT_RELRO_END (., (SIZEOF (.got.plt) >= 0xc)?0xc:0x0)

.got.plt        0x000000000010a000        0x0
 *(.got.plt)
 *(.igot.plt)
 .igot.plt      0x000000000010a000        0x0 kernel/kernel.o

.data           0x000000000010a000      0x7c0
 *(.data .data.* .gnu.linkonce.d.*)
 .data          0x000000000010a000        0x2 kernel/kernel.o
 .data          0x000000000010a002        0x0 kernel/start.o
 .data          0x000000000010a002        0x0 kernel/main.o
 .data          0x000000000010a002        0x0 kernel/clock.o
 .data          0x000000000010a002        0x0 kernel/i8259.o
 *fill*         0x000000000010a002       0x1e 
 .data          0x000000000010a020      0x194 kernel/global.o
                0x000000000010a020                task_table
                0x000000000010a0a0                user_proc_table
                0x000000000010a120                exp_handler_table
                0x000000000010a164                sys_call_table
                0x000000000010a170                sysctl_sched_latency
                0x000000000010a174                sysctl_sched_min_granularity
                0x000000000010a178                sched_nr_latency
                0x000000000010a17c                sched_tree
                0x000000000010a198                frame_tree
 .data          0x000000000010a1b4        0x0 kernel/protect.o
 .data          0x000000000010a1b4        0x0 kernel/proc.o
 .data          0x000000000010a1b4        0x0 kernel/rbtree.o
 *fill*         0x000000000010a1b4        0xc 
 .data          0x000000000010a1c0      0x600 kernel/keyboard.o
                0x000000000010a1c0                keymap
 .data          0x000000000010a7c0        0x0 kernel/tty.o
 .data          0x000000000010a7c0        0x0 kernel/console.o
 .data          0x000000000010a7c0        0x0 kernel/systask.o
 .data          0x000000000010a7c0        0x0 kernel/printf.o
 .data          0x000000000010a7c0        0x0 kernel/vsprintf.o
 .data          0x000000000010a7c0        0x0 mm/frame_allocator.o
 .data          0x000000000010a7c0        0x0 mm/page_table.o
 .data          0x000000000010a7c0        0x0 mm/buddy_system.o
 .data          0x000000000010a7c0        0x0 mm/heap_allocator.o
 .data          0x000000000010a7c0        0x0 drv/hd.o
 .data          0x000000000010a7c0        0x0 lib/klib.o
 .data          0x000000000010a7c0        0x0 lib/misc.o
 .data          0x000000000010a7c0        0x0 test/testmm.o

.data1
 *(.data1)
                0x000000000010a7c0                _edata = .
                [!provide]                        PROVIDE (edata, .)
                0x000000000010a7c0                . = .
                0x000000000010a7c0                __bss_start = .

.bss            0x000000000010a7c0  0x3033300
 *(.dynbss)
 *(.bss .bss.* .gnu.linkonce.b.*)
 .bss           0x000000000010a7c0      0x800 kernel/kernel.o
 .bss           0x000000000010afc0        0x0 kernel/start.o
 .bss           0x000000000010afc0        0x0 kernel/main.o
 .bss           0x000000000010afc0        0x0 kernel/clock.o
 .bss           0x000000000010afc0        0x0 kernel/i8259.o
 .bss           0x000000000010afc0        0xc kernel/global.o
                0x000000000010afc0                nr_running
                0x000000000010afc4                sum_weight
                0x000000000010afc8                has_preempt
 .bss           0x000000000010afcc        0x0 kernel/protect.o
 .bss           0x000000000010afcc        0x0 kernel/proc.o
 .bss           0x000000000010afcc        0x0 kernel/rbtree.o
 *fill*         0x000000000010afcc       0x14 
 .bss           0x000000000010afe0       0x58 kernel/keyboard.o
 .bss           0x000000000010b038        0x0 kernel/tty.o
 .bss           0x000000000010b038        0x0 kernel/console.o
 .bss           0x000000000010b038        0x0 kernel/systask.o
 .bss           0x000000000010b038        0x0 kernel/printf.o
 .bss           0x000000000010b038        0x0 kernel/vsprintf.o
 .bss           0x000000000010b038        0x0 mm/frame_allocator.o
 .bss           0x000000000010b038        0x0 mm/page_table.o
 .bss           0x000000000010b038        0x0 mm/buddy_system.o
 .bss           0x000000000010b038        0x0 mm/heap_allocator.o
 *fill*         0x000000000010b038        0x8 
 .bss           0x000000000010b040      0x64c drv/hd.o
 .bss           0x000000000010b68c        0x0 lib/klib.o
 .bss           0x000000000010b68c        0x0 lib/misc.o
 .bss           0x000000000010b68c        0x0 test/testmm.o
 *(COMMON)
 *fill*         0x000000000010b68c       0x14 
 COMMON         0x000000000010b6a0  0x2032318 kernel/global.o
                0x000000000010b6a0                phy_frames
                0x000000000210b6a0                idt_ptr
                0x000000000210b6c0                task_stack
                0x000000000213b6c0                k_reenter
                0x000000000213b6e0                gdt
                0x000000000213bae0                tty_table
                0x000000000213cb30                wait_table
                0x000000000213cb60                tss
                0x000000000213cbc8                nr_current_console
                0x000000000213cbcc                disp_pos
                0x000000000213cbd0                gdt_ptr
                0x000000000213cbd8                wait_cnt
                0x000000000213cbe0                idt
                0x000000000213d3e0                se_table
                0x000000000213d500                PARTITION_ENTRY
                0x000000000213d510                ticks
                0x000000000213d514                stat
                0x000000000213d540                console_table
                0x000000000213d580                irq_table
                0x000000000213d5c0                p_proc_ready
                0x000000000213d5c4                p_cur_pagedir
                0x000000000213d5e0                proc_table
 *fill*         0x000000000213d9b8        0x8 
 COMMON         0x000000000213d9c0  0x1000100 mm/buddy_system.o
                0x000000000213d9c0                p
                0x000000000313d9c0                buddy_tree
                0x000000000313dac0                . = ALIGN ((. != 0x0)?0x4:0x1)
                0x000000000313dac0                . = ALIGN (0x4)
                0x000000000313dac0                . = SEGMENT_START ("ldata-segment", .)
                0x000000000313dac0                . = ALIGN (0x4)
                0x000000000313dac0                _end = .
                [!provide]                        PROVIDE (end, .)
                0x000000000313dac0                . = DATA_SEGMENT_END (.)

.stab
 *(.stab)

.stabstr
 *(.stabstr)

.stab.excl
 *(.stab.excl)

.stab.exclstr
 *(.stab.exclstr)

.stab.index
 *(.stab.index)

.stab.indexstr
 *(.stab.indexstr)

.comment        0x0000000000000000       0x35
 *(.comment)
 .comment       0x0000000000000000       0x35 kernel/start.o
                                         0x36 (size before relaxing)
 .comment       0x0000000000000035       0x36 kernel/main.o
 .comment       0x0000000000000035       0x36 kernel/clock.o
 .comment       0x0000000000000035       0x36 kernel/i8259.o
 .comment       0x0000000000000035       0x36 kernel/global.o
 .comment       0x0000000000000035       0x36 kernel/protect.o
 .comment       0x0000000000000035       0x36 kernel/proc.o
 .comment       0x0000000000000035       0x36 kernel/rbtree.o
 .comment       0x0000000000000035       0x36 kernel/keyboard.o
 .comment       0x0000000000000035       0x36 kernel/tty.o
 .comment       0x0000000000000035       0x36 kernel/console.o
 .comment       0x0000000000000035       0x36 kernel/systask.o
 .comment       0x0000000000000035       0x36 kernel/printf.o
 .comment       0x0000000000000035       0x36 kernel/vsprintf.o
 .comment       0x0000000000000035       0x36 mm/frame_allocator.o
 .comment       0x0000000000000035       0x36 mm/page_table.o
 .comment       0x0000000000000035       0x36 mm/buddy_system.o
 .comment       0x0000000000000035       0x36 mm/heap_allocator.o
 .comment       0x0000000000000035       0x36 drv/hd.o
 .comment       0x0000000000000035       0x36 lib/klib.o
 .comment       0x0000000000000035       0x36 lib/misc.o
 .comment       0x0000000000000035       0x36 test/testmm.o

.debug
 *(.debug)

.line
 *(.line)

.debug_srcinfo
 *(.debug_srcinfo)

.debug_sfnames
 *(.debug_sfnames)

.debug_aranges
 *(.debug_aranges)

.debug_pubnames
 *(.debug_pubnames)

.debug_info
 *(.debug_info .gnu.linkonce.wi.*)

.debug_abbrev
 *(.debug_abbrev)

.debug_line
 *(.debug_line .debug_line.* .debug_line_end)

.debug_frame
 *(.debug_frame)

.debug_str
 *(.debug_str)

.debug_loc
 *(.debug_loc)

.debug_macinfo
 *(.debug_macinfo)

.debug_weaknames
 *(.debug_weaknames)

.debug_funcnames
 *(.debug_funcnames)

.debug_typenames
 *(.debug_typenames)

.debug_varnames
 *(.debug_varnames)

.debug_pubtypes
 *(.debug_pubtypes)

.debug_ranges
 *(.debug_ranges)

.debug_macro
 *(.debug_macro)

.gnu.attributes
 *(.gnu.attributes)

/DISCARD/
 *(.note.GNU-stack)
 *(.gnu_debuglink)
 *(.gnu.lto_*)
OUTPUT(kernel.bin elf32-i386)
