
Allocating common symbols
Common symbol       size              file

idt_ptr             0x6               kernel/global.o
task_stack          0x28000           kernel/global.o
k_reenter           0x4               kernel/global.o
gdt                 0x400             kernel/global.o
tty_table           0x1050            kernel/global.o
wait_table          0x14              kernel/global.o
tss                 0x68              kernel/global.o
nr_current_console  0x4               kernel/global.o
disp_pos            0x4               kernel/global.o
gdt_ptr             0x6               kernel/global.o
wait_cnt            0x4               kernel/global.o
idt                 0x800             kernel/global.o
se_table            0xf0              kernel/global.o
ticks               0x4               kernel/global.o
console_table       0x40              kernel/global.o
irq_table           0x40              kernel/global.o
p_proc_ready        0x4               kernel/global.o
proc_table          0x30c             kernel/global.o

Discarded input sections

 .note.GNU-stack
                0x0000000000000000        0x0 kernel/start.o
 .note.GNU-stack
                0x0000000000000000        0x0 kernel/main.o
 .note.GNU-stack
                0x0000000000000000        0x0 kernel/clock.o
 .note.GNU-stack
                0x0000000000000000        0x0 kernel/i8259.o
 .note.GNU-stack
                0x0000000000000000        0x0 kernel/global.o
 .note.GNU-stack
                0x0000000000000000        0x0 kernel/protect.o
 .note.GNU-stack
                0x0000000000000000        0x0 kernel/proc.o
 .note.GNU-stack
                0x0000000000000000        0x0 kernel/rbtree.o
 .note.GNU-stack
                0x0000000000000000        0x0 kernel/testmm.o
 .note.GNU-stack
                0x0000000000000000        0x0 kernel/keyboard.o
 .note.GNU-stack
                0x0000000000000000        0x0 kernel/tty.o
 .note.GNU-stack
                0x0000000000000000        0x0 kernel/console.o
 .note.GNU-stack
                0x0000000000000000        0x0 kernel/systask.o
 .note.GNU-stack
                0x0000000000000000        0x0 kernel/printf.o
 .note.GNU-stack
                0x0000000000000000        0x0 kernel/vsprintf.o
 .note.GNU-stack
                0x0000000000000000        0x0 lib/klib.o
 .note.GNU-stack
                0x0000000000000000        0x0 lib/misc.o

Memory Configuration

Name             Origin             Length             Attributes
*default*        0x0000000000000000 0xffffffffffffffff

Linker script and memory map

Address of section .text set to 0x30400
LOAD kernel/kernel.o
LOAD kernel/syscall.o
LOAD kernel/start.o
LOAD kernel/main.o
LOAD kernel/clock.o
LOAD kernel/i8259.o
LOAD kernel/global.o
LOAD kernel/protect.o
LOAD kernel/proc.o
LOAD kernel/rbtree.o
LOAD kernel/mm.o
LOAD kernel/testmm.o
LOAD kernel/keyboard.o
LOAD kernel/tty.o
LOAD kernel/console.o
LOAD kernel/systask.o
LOAD kernel/printf.o
LOAD kernel/vsprintf.o
LOAD lib/kliba.o
LOAD lib/klib.o
LOAD lib/string.o
LOAD lib/misc.o
                [!provide]                        PROVIDE (__executable_start, 0x8048000)
                0x0000000008048094                . = (0x8048000 + SIZEOF_HEADERS)

.interp
 *(.interp)

.note.gnu.build-id
 *(.note.gnu.build-id)

.hash
 *(.hash)

.gnu.hash
 *(.gnu.hash)

.dynsym
 *(.dynsym)

.dynstr
 *(.dynstr)

.gnu.version
 *(.gnu.version)

.gnu.version_d
 *(.gnu.version_d)

.gnu.version_r
 *(.gnu.version_r)

.rel.dyn        0x0000000008048094        0x0
 *(.rel.init)
 *(.rel.text .rel.text.* .rel.gnu.linkonce.t.*)
 .rel.text      0x0000000008048094        0x0 kernel/kernel.o
 *(.rel.fini)
 *(.rel.rodata .rel.rodata.* .rel.gnu.linkonce.r.*)
 *(.rel.data.rel.ro .rel.data.rel.ro.* .rel.gnu.linkonce.d.rel.ro.*)
 *(.rel.data .rel.data.* .rel.gnu.linkonce.d.*)
 .rel.data      0x0000000008048094        0x0 kernel/kernel.o
 *(.rel.tdata .rel.tdata.* .rel.gnu.linkonce.td.*)
 *(.rel.tbss .rel.tbss.* .rel.gnu.linkonce.tb.*)
 *(.rel.ctors)
 *(.rel.dtors)
 *(.rel.got)
 *(.rel.bss .rel.bss.* .rel.gnu.linkonce.b.*)
 *(.rel.ifunc)

.rel.plt        0x0000000008048094        0x0
 *(.rel.plt)
                [!provide]                        PROVIDE (__rel_iplt_start, .)
 *(.rel.iplt)
 .rel.iplt      0x0000000008048094        0x0 kernel/kernel.o
                [!provide]                        PROVIDE (__rel_iplt_end, .)

.init
 *(SORT(.init))

.plt            0x00000000080480a0        0x0
 *(.plt)
 *(.iplt)
 .iplt          0x00000000080480a0        0x0 kernel/kernel.o

.plt.got
 *(.plt.got)

.text           0x0000000000030400     0x4b9c
 *(.text.unlikely .text.*_unlikely .text.unlikely.*)
 *(.text.exit .text.exit.*)
 *(.text.startup .text.startup.*)
 *(.text.hot .text.hot.*)
 *(.text .stub .text.* .gnu.linkonce.t.*)
 .text          0x0000000000030400      0x317 kernel/kernel.o
                0x0000000000030400                _start
                0x0000000000030440                hwint00
                0x0000000000030470                hwint01
                0x00000000000304a0                hwint02
                0x00000000000304d0                hwint03
                0x0000000000030500                hwint04
                0x0000000000030530                hwint05
                0x0000000000030560                hwint06
                0x0000000000030590                hwint07
                0x00000000000305c0                hwint08
                0x00000000000305d0                hwint09
                0x00000000000305e0                hwint10
                0x00000000000305f0                hwint11
                0x0000000000030600                hwint12
                0x0000000000030610                hwint13
                0x0000000000030620                hwint14
                0x0000000000030630                hwint15
                0x000000000003063b                divide_error
                0x0000000000030641                single_step_exception
                0x0000000000030647                nmi
                0x000000000003064d                breakpoint_exception
                0x0000000000030653                overflow
                0x0000000000030659                bounds_check
                0x000000000003065f                inval_opcode
                0x0000000000030665                copr_not_available
                0x000000000003066b                double_fault
                0x000000000003066f                copr_seg_overrun
                0x0000000000030675                inval_tss
                0x0000000000030679                segment_not_present
                0x000000000003067d                stack_exception
                0x0000000000030681                general_protection
                0x0000000000030685                page_fault
                0x0000000000030689                copr_error
                0x00000000000306d2                sys_call
                0x00000000000306f2                restart
 *fill*         0x0000000000030717        0x9 
 .text          0x0000000000030720       0x20 kernel/syscall.o
                0x0000000000030720                sendrec
                0x0000000000030734                printx
 .text          0x0000000000030740       0xaa kernel/start.o
                0x0000000000030740                cstart
 .text          0x00000000000307ea      0x2fb kernel/main.o
                0x00000000000307ea                kernel_main
                0x00000000000309fe                get_ticks
                0x0000000000030a32                TestA
                0x0000000000030a5e                TestB
                0x0000000000030a7d                TestC
                0x0000000000030a9c                panic
 .text          0x0000000000030ae5      0x17d kernel/clock.o
                0x0000000000030ae5                clock_handler
                0x0000000000030bd0                milli_delay
                0x0000000000030c0a                init_clock
 .text          0x0000000000030c62      0x130 kernel/i8259.o
                0x0000000000030c62                init_8259A
                0x0000000000030d37                spurious_irq
                0x0000000000030d6e                put_irq_handler
 .text          0x0000000000030d92        0x0 kernel/global.o
 .text          0x0000000000030d92      0x614 kernel/protect.o
                0x0000000000030d92                init_prot
                0x00000000000311af                seg2phys
                0x000000000003126b                exception_handler
 .text          0x00000000000313a6     0x19fa kernel/proc.o
                0x00000000000313a6                __sched_period
                0x00000000000313c5                sched_slice
                0x0000000000031401                calc_delta_fair
                0x0000000000031430                schedule
                0x00000000000314a6                add_task
                0x00000000000316d1                rm_task
                0x0000000000031762                sys_sendrec
                0x000000000003188b                send_recv
                0x0000000000031948                ldt_seg_linear
                0x0000000000031992                va2la
                0x00000000000319f3                reset_msg
                0x00000000000328f9                dump_proc
                0x0000000000032c93                dump_msg
 .text          0x0000000000032da0      0x72f kernel/rbtree.o
                0x0000000000032da0                tree_minimum
                0x0000000000032dc0                __pick_first_entity
                0x0000000000032def                left_rotate
                0x0000000000032e83                right_rotate
                0x0000000000032f17                rb_insert_fixup
                0x0000000000033097                rb_insert
                0x000000000003314c                rb_transplant
                0x00000000000331a6                rb_delete_fixup
                0x00000000000333ba                rb_delete
 *fill*         0x00000000000334cf        0x1 
 .text          0x00000000000334d0      0x22a kernel/mm.o
                0x00000000000334d0                VAToPA
                0x000000000003353c                alloc_pages
                0x00000000000335cd                free_pages
                0x0000000000033651                map
                0x000000000003368c                unmap
                0x00000000000336c5                get_bitmap
                0x00000000000336e7                init_bitmap
 .text          0x00000000000336fa      0x256 kernel/testmm.o
                0x00000000000336fa                printint
                0x0000000000033722                test_mm
 .text          0x0000000000033950      0x687 kernel/keyboard.o
                0x0000000000033950                keyboard_handler
                0x00000000000339b0                init_keyboard
                0x0000000000033a55                keyboard_read
 .text          0x0000000000033fd7      0x516 kernel/tty.o
                0x0000000000033fd7                task_tty
                0x0000000000034091                in_process
                0x00000000000342f7                tty_write
                0x000000000003433d                sys_printx
 .text          0x00000000000344ed      0x41d kernel/console.o
                0x00000000000344ed                init_screen
                0x0000000000034604                is_current_console
                0x000000000003461f                out_char
                0x0000000000034869                select_console
                0x000000000003489f                scroll_screen
 .text          0x000000000003490a       0x58 kernel/systask.o
                0x000000000003490a                task_sys
 .text          0x0000000000034962       0x50 kernel/printf.o
                0x0000000000034962                printf
 .text          0x00000000000349b2      0x305 kernel/vsprintf.o
                0x0000000000034a10                vsprintf
                0x0000000000034c91                sprintf
 *fill*         0x0000000000034cb7        0x9 
 .text          0x0000000000034cc0       0xeb lib/kliba.o
                0x0000000000034cc0                disp_str
                0x0000000000034cfe                disp_color_str
                0x0000000000034d3d                out_byte
                0x0000000000034d49                in_byte
                0x0000000000034d53                disable_irq
                0x0000000000034d88                enable_irq
                0x0000000000034da7                disable_int
                0x0000000000034da9                enable_int
 .text          0x0000000000034dab      0x119 lib/klib.o
                0x0000000000034dab                itoa
                0x0000000000034e56                disp_int
                0x0000000000034e7d                delay
 *fill*         0x0000000000034ec4        0xc 
 .text          0x0000000000034ed0       0x78 lib/string.o
                0x0000000000034ed0                memcpy
                0x0000000000034ef9                memset
                0x0000000000034f1a                strcpy
                0x0000000000034f32                strlen
 .text          0x0000000000034f48       0x54 lib/misc.o
                0x0000000000034f48                spin
                0x0000000000034f63                assertion_failure
 *(.gnu.warning)

.fini
 *(SORT(.fini))
                [!provide]                        PROVIDE (__etext, .)
                [!provide]                        PROVIDE (_etext, .)
                [!provide]                        PROVIDE (etext, .)

.rodata         0x0000000000034fa0      0xe7d
 *(.rodata .rodata.* .gnu.linkonce.r.*)
 .rodata        0x0000000000034fa0       0x62 kernel/start.o
 *fill*         0x0000000000035002        0x2 
 .rodata        0x0000000000035004       0x36 kernel/main.o
 .rodata        0x000000000003503a       0x11 kernel/i8259.o
 *fill*         0x000000000003504b       0x15 
 .rodata        0x0000000000035060       0xa0 kernel/global.o
                0x0000000000035060                sched_prio_to_weight
 .rodata        0x0000000000035100      0x540 kernel/protect.o
 .rodata        0x0000000000035640      0x66e kernel/proc.o
 .rodata        0x0000000000035cae        0x4 kernel/testmm.o
 *fill*         0x0000000000035cb2        0x2 
 .rodata        0x0000000000035cb4       0x64 kernel/keyboard.o
 .rodata        0x0000000000035d18       0x90 kernel/tty.o
 .rodata        0x0000000000035da8       0x11 kernel/systask.o
 *fill*         0x0000000000035db9        0x3 
 .rodata        0x0000000000035dbc       0x61 lib/misc.o

.rodata1
 *(.rodata1)

.eh_frame_hdr
 *(.eh_frame_hdr)
 *(.eh_frame_entry .eh_frame_entry.*)

.eh_frame       0x0000000000035e20      0xa3c
 *(.eh_frame)
 .eh_frame      0x0000000000035e20       0x38 kernel/start.o
 .eh_frame      0x0000000000035e58       0xb0 kernel/main.o
                                         0xc8 (size before relaxing)
 .eh_frame      0x0000000000035f08       0x60 kernel/clock.o
                                         0x78 (size before relaxing)
 .eh_frame      0x0000000000035f68       0x60 kernel/i8259.o
                                         0x78 (size before relaxing)
 .eh_frame      0x0000000000035fc8       0xb0 kernel/protect.o
                                         0xc8 (size before relaxing)
 .eh_frame      0x0000000000036078      0x26c kernel/proc.o
                                        0x284 (size before relaxing)
 .eh_frame      0x00000000000362e4      0x120 kernel/rbtree.o
                                        0x138 (size before relaxing)
 .eh_frame      0x0000000000036404       0x44 kernel/testmm.o
                                         0x5c (size before relaxing)
 .eh_frame      0x0000000000036448       0xe0 kernel/keyboard.o
                                         0xf8 (size before relaxing)
 .eh_frame      0x0000000000036528       0xfc kernel/tty.o
                                        0x114 (size before relaxing)
 .eh_frame      0x0000000000036624      0x100 kernel/console.o
                                        0x118 (size before relaxing)
 .eh_frame      0x0000000000036724       0x1c kernel/systask.o
                                         0x34 (size before relaxing)
 .eh_frame      0x0000000000036740       0x20 kernel/printf.o
                                         0x38 (size before relaxing)
 .eh_frame      0x0000000000036760       0x60 kernel/vsprintf.o
                                         0x78 (size before relaxing)
 .eh_frame      0x00000000000367c0       0x60 lib/klib.o
                                         0x78 (size before relaxing)
 .eh_frame      0x0000000000036820       0x3c lib/misc.o
                                         0x54 (size before relaxing)
 *(.eh_frame.*)

.gcc_except_table
 *(.gcc_except_table .gcc_except_table.*)

.gnu_extab
 *(.gnu_extab*)

.exception_ranges
 *(.exception_ranges .exception_ranges*)
                0x000000000003785c                . = DATA_SEGMENT_ALIGN (0x1000, 0x1000)

.eh_frame
 *(.eh_frame)
 *(.eh_frame.*)

.gnu_extab
 *(.gnu_extab)

.gcc_except_table
 *(.gcc_except_table .gcc_except_table.*)

.exception_ranges
 *(.exception_ranges .exception_ranges*)

.tdata
 *(.tdata .tdata.* .gnu.linkonce.td.*)

.tbss
 *(.tbss .tbss.* .gnu.linkonce.tb.*)
 *(.tcommon)

.preinit_array  0x000000000003785c        0x0
                [!provide]                        PROVIDE (__preinit_array_start, .)
 *(.preinit_array)
                [!provide]                        PROVIDE (__preinit_array_end, .)

.init_array     0x000000000003785c        0x0
                [!provide]                        PROVIDE (__init_array_start, .)
 *(SORT(.init_array.*) SORT(.ctors.*))
 *(.init_array EXCLUDE_FILE(*crtend?.o *crtend.o *crtbegin?.o *crtbegin.o) .ctors)
                [!provide]                        PROVIDE (__init_array_end, .)

.fini_array     0x000000000003785c        0x0
                [!provide]                        PROVIDE (__fini_array_start, .)
 *(SORT(.fini_array.*) SORT(.dtors.*))
 *(.fini_array EXCLUDE_FILE(*crtend?.o *crtend.o *crtbegin?.o *crtbegin.o) .dtors)
                [!provide]                        PROVIDE (__fini_array_end, .)

.ctors
 *crtbegin.o(.ctors)
 *crtbegin?.o(.ctors)
 *(EXCLUDE_FILE(*crtend?.o *crtend.o) .ctors)
 *(SORT(.ctors.*))
 *(.ctors)

.dtors
 *crtbegin.o(.dtors)
 *crtbegin?.o(.dtors)
 *(EXCLUDE_FILE(*crtend?.o *crtend.o) .dtors)
 *(SORT(.dtors.*))
 *(.dtors)

.jcr
 *(.jcr)

.data.rel.ro
 *(.data.rel.ro.local* .gnu.linkonce.d.rel.ro.local.*)
 *(.data.rel.ro .data.rel.ro.* .gnu.linkonce.d.rel.ro.*)

.dynamic
 *(.dynamic)

.got
 *(.got)
 *(.igot)
                0x000000000003785c                . = DATA_SEGMENT_RELRO_END (., (SIZEOF (.got.plt) >= 0xc)?0xc:0x0)

.got.plt        0x000000000003785c        0x0
 *(.got.plt)
 *(.igot.plt)
 .igot.plt      0x000000000003785c        0x0 kernel/kernel.o

.data           0x0000000000037860      0x740
 *(.data .data.* .gnu.linkonce.d.*)
 .data          0x0000000000037860        0x2 kernel/kernel.o
 .data          0x0000000000037862        0x0 kernel/start.o
 .data          0x0000000000037862        0x0 kernel/main.o
 .data          0x0000000000037862        0x0 kernel/clock.o
 .data          0x0000000000037862        0x0 kernel/i8259.o
 *fill*         0x0000000000037862       0x1e 
 .data          0x0000000000037880       0xf0 kernel/global.o
                0x0000000000037880                task_table
                0x00000000000378e0                user_proc_table
                0x0000000000037958                sys_call_table
                0x0000000000037964                sysctl_sched_latency
                0x0000000000037968                sysctl_sched_min_granularity
                0x000000000003796c                sched_nr_latency
 .data          0x0000000000037970        0x0 kernel/protect.o
 .data          0x0000000000037970        0x0 kernel/proc.o
 .data          0x0000000000037970       0x1c kernel/rbtree.o
                0x0000000000037970                nil
                0x0000000000037988                root
 .data          0x000000000003798c        0x0 kernel/testmm.o
 *fill*         0x000000000003798c       0x14 
 .data          0x00000000000379a0      0x600 kernel/keyboard.o
                0x00000000000379a0                keymap
 .data          0x0000000000037fa0        0x0 kernel/tty.o
 .data          0x0000000000037fa0        0x0 kernel/console.o
 .data          0x0000000000037fa0        0x0 kernel/systask.o
 .data          0x0000000000037fa0        0x0 kernel/printf.o
 .data          0x0000000000037fa0        0x0 kernel/vsprintf.o
 .data          0x0000000000037fa0        0x0 lib/klib.o
 .data          0x0000000000037fa0        0x0 lib/misc.o

.data1
 *(.data1)
                0x0000000000037fa0                _edata = .
                [!provide]                        PROVIDE (edata, .)
                0x0000000000037fa0                . = .
                0x0000000000037fa0                __bss_start = .

.bss            0x0000000000037fa0    0x2aaec
 *(.dynbss)
 *(.bss .bss.* .gnu.linkonce.b.*)
 .bss           0x0000000000037fa0      0x800 kernel/kernel.o
 .bss           0x00000000000387a0        0x0 kernel/start.o
 .bss           0x00000000000387a0        0x0 kernel/main.o
 .bss           0x00000000000387a0        0x0 kernel/clock.o
 .bss           0x00000000000387a0        0x0 kernel/i8259.o
 .bss           0x00000000000387a0        0xc kernel/global.o
                0x00000000000387a0                nr_running
                0x00000000000387a4                sum_weight
                0x00000000000387a8                has_preempt
 .bss           0x00000000000387ac        0x0 kernel/protect.o
 .bss           0x00000000000387ac        0x0 kernel/proc.o
 .bss           0x00000000000387ac        0x0 kernel/rbtree.o
 .bss           0x00000000000387ac       0x80 kernel/mm.o
 .bss           0x000000000003882c        0x0 kernel/testmm.o
 *fill*         0x000000000003882c       0x14 
 .bss           0x0000000000038840       0x58 kernel/keyboard.o
 .bss           0x0000000000038898        0x0 kernel/tty.o
 .bss           0x0000000000038898        0x0 kernel/console.o
 .bss           0x0000000000038898        0x0 kernel/systask.o
 .bss           0x0000000000038898        0x0 kernel/printf.o
 .bss           0x0000000000038898        0x0 kernel/vsprintf.o
 .bss           0x0000000000038898        0x0 lib/klib.o
 .bss           0x0000000000038898        0x0 lib/misc.o
 *(COMMON)
 *fill*         0x0000000000038898        0x8 
 COMMON         0x00000000000388a0    0x2a1ec kernel/global.o
                0x00000000000388a0                idt_ptr
                0x00000000000388c0                task_stack
                0x00000000000608c0                k_reenter
                0x00000000000608e0                gdt
                0x0000000000060ce0                tty_table
                0x0000000000061d30                wait_table
                0x0000000000061d60                tss
                0x0000000000061dc8                nr_current_console
                0x0000000000061dcc                disp_pos
                0x0000000000061dd0                gdt_ptr
                0x0000000000061dd8                wait_cnt
                0x0000000000061de0                idt
                0x00000000000625e0                se_table
                0x00000000000626d0                ticks
                0x00000000000626e0                console_table
                0x0000000000062720                irq_table
                0x0000000000062760                p_proc_ready
                0x0000000000062780                proc_table
                0x0000000000062a8c                . = ALIGN ((. != 0x0)?0x4:0x1)
                0x0000000000062a8c                . = ALIGN (0x4)
                0x0000000000062a8c                . = SEGMENT_START ("ldata-segment", .)
                0x0000000000062a8c                . = ALIGN (0x4)
                0x0000000000062a8c                _end = .
                [!provide]                        PROVIDE (end, .)
                0x0000000000062a8c                . = DATA_SEGMENT_END (.)

.stab
 *(.stab)

.stabstr
 *(.stabstr)

.stab.excl
 *(.stab.excl)

.stab.exclstr
 *(.stab.exclstr)

.stab.index
 *(.stab.index)

.stab.indexstr
 *(.stab.indexstr)

.comment        0x0000000000000000       0x35
 *(.comment)
 .comment       0x0000000000000000       0x35 kernel/start.o
                                         0x36 (size before relaxing)
 .comment       0x0000000000000035       0x36 kernel/main.o
 .comment       0x0000000000000035       0x36 kernel/clock.o
 .comment       0x0000000000000035       0x36 kernel/i8259.o
 .comment       0x0000000000000035       0x36 kernel/global.o
 .comment       0x0000000000000035       0x36 kernel/protect.o
 .comment       0x0000000000000035       0x36 kernel/proc.o
 .comment       0x0000000000000035       0x36 kernel/rbtree.o
 .comment       0x0000000000000035       0x36 kernel/testmm.o
 .comment       0x0000000000000035       0x36 kernel/keyboard.o
 .comment       0x0000000000000035       0x36 kernel/tty.o
 .comment       0x0000000000000035       0x36 kernel/console.o
 .comment       0x0000000000000035       0x36 kernel/systask.o
 .comment       0x0000000000000035       0x36 kernel/printf.o
 .comment       0x0000000000000035       0x36 kernel/vsprintf.o
 .comment       0x0000000000000035       0x36 lib/klib.o
 .comment       0x0000000000000035       0x36 lib/misc.o

.debug
 *(.debug)

.line
 *(.line)

.debug_srcinfo
 *(.debug_srcinfo)

.debug_sfnames
 *(.debug_sfnames)

.debug_aranges
 *(.debug_aranges)

.debug_pubnames
 *(.debug_pubnames)

.debug_info
 *(.debug_info .gnu.linkonce.wi.*)

.debug_abbrev
 *(.debug_abbrev)

.debug_line
 *(.debug_line .debug_line.* .debug_line_end)

.debug_frame
 *(.debug_frame)

.debug_str
 *(.debug_str)

.debug_loc
 *(.debug_loc)

.debug_macinfo
 *(.debug_macinfo)

.debug_weaknames
 *(.debug_weaknames)

.debug_funcnames
 *(.debug_funcnames)

.debug_typenames
 *(.debug_typenames)

.debug_varnames
 *(.debug_varnames)

.debug_pubtypes
 *(.debug_pubtypes)

.debug_ranges
 *(.debug_ranges)

.debug_macro
 *(.debug_macro)

.gnu.attributes
 *(.gnu.attributes)

/DISCARD/
 *(.note.GNU-stack)
 *(.gnu_debuglink)
 *(.gnu.lto_*)
OUTPUT(kernel.bin elf32-i386)
