
Allocating common symbols
Common symbol       size              file

idt_ptr             0x6               kernel/global.o
task_stack          0x28000           kernel/global.o
k_reenter           0x4               kernel/global.o
gdt                 0x400             kernel/global.o
tty_table           0xc30             kernel/global.o
tss                 0x68              kernel/global.o
nr_current_console  0x4               kernel/global.o
buffer              0x1e              kernel/main.o
disp_pos            0x4               kernel/global.o
gdt_ptr             0x6               kernel/global.o
idt                 0x800             kernel/global.o
ticks               0x4               kernel/global.o
console_table       0x30              kernel/global.o
irq_table           0x40              kernel/global.o
p_proc_ready        0x4               kernel/global.o
proc_table          0x2f8             kernel/global.o

Discarded input sections

 .note.GNU-stack
                0x0000000000000000        0x0 kernel/start.o
 .note.GNU-stack
                0x0000000000000000        0x0 kernel/main.o
 .note.GNU-stack
                0x0000000000000000        0x0 kernel/clock.o
 .note.GNU-stack
                0x0000000000000000        0x0 kernel/keyboard.o
 .note.GNU-stack
                0x0000000000000000        0x0 kernel/tty.o
 .note.GNU-stack
                0x0000000000000000        0x0 kernel/console.o
 .note.GNU-stack
                0x0000000000000000        0x0 kernel/i8259.o
 .note.GNU-stack
                0x0000000000000000        0x0 kernel/global.o
 .note.GNU-stack
                0x0000000000000000        0x0 kernel/protect.o
 .note.GNU-stack
                0x0000000000000000        0x0 kernel/proc.o
 .note.GNU-stack
                0x0000000000000000        0x0 kernel/systask.o
 .note.GNU-stack
                0x0000000000000000        0x0 kernel/printf.o
 .note.GNU-stack
                0x0000000000000000        0x0 kernel/vsprintf.o
 .note.GNU-stack
                0x0000000000000000        0x0 lib/klib.o
 .note.GNU-stack
                0x0000000000000000        0x0 lib/misc.o

Memory Configuration

Name             Origin             Length             Attributes
*default*        0x0000000000000000 0xffffffffffffffff

Linker script and memory map

Address of section .text set to 0x30400
LOAD kernel/kernel.o
LOAD kernel/syscall.o
LOAD kernel/start.o
LOAD kernel/main.o
LOAD kernel/clock.o
LOAD kernel/keyboard.o
LOAD kernel/tty.o
LOAD kernel/console.o
LOAD kernel/i8259.o
LOAD kernel/global.o
LOAD kernel/protect.o
LOAD kernel/proc.o
LOAD kernel/systask.o
LOAD kernel/printf.o
LOAD kernel/vsprintf.o
LOAD lib/kliba.o
LOAD lib/klib.o
LOAD lib/string.o
LOAD lib/misc.o
                [!provide]                        PROVIDE (__executable_start, 0x8048000)
                0x0000000008048094                . = (0x8048000 + SIZEOF_HEADERS)

.interp
 *(.interp)

.note.gnu.build-id
 *(.note.gnu.build-id)

.hash
 *(.hash)

.gnu.hash
 *(.gnu.hash)

.dynsym
 *(.dynsym)

.dynstr
 *(.dynstr)

.gnu.version
 *(.gnu.version)

.gnu.version_d
 *(.gnu.version_d)

.gnu.version_r
 *(.gnu.version_r)

.rel.dyn        0x0000000008048094        0x0
 *(.rel.init)
 *(.rel.text .rel.text.* .rel.gnu.linkonce.t.*)
 .rel.text      0x0000000008048094        0x0 kernel/kernel.o
 *(.rel.fini)
 *(.rel.rodata .rel.rodata.* .rel.gnu.linkonce.r.*)
 *(.rel.data.rel.ro .rel.data.rel.ro.* .rel.gnu.linkonce.d.rel.ro.*)
 *(.rel.data .rel.data.* .rel.gnu.linkonce.d.*)
 .rel.data      0x0000000008048094        0x0 kernel/kernel.o
 *(.rel.tdata .rel.tdata.* .rel.gnu.linkonce.td.*)
 *(.rel.tbss .rel.tbss.* .rel.gnu.linkonce.tb.*)
 *(.rel.ctors)
 *(.rel.dtors)
 *(.rel.got)
 *(.rel.bss .rel.bss.* .rel.gnu.linkonce.b.*)
 *(.rel.ifunc)

.rel.plt        0x0000000008048094        0x0
 *(.rel.plt)
                [!provide]                        PROVIDE (__rel_iplt_start, .)
 *(.rel.iplt)
 .rel.iplt      0x0000000008048094        0x0 kernel/kernel.o
                [!provide]                        PROVIDE (__rel_iplt_end, .)

.init
 *(SORT(.init))

.plt            0x00000000080480a0        0x0
 *(.plt)
 *(.iplt)
 .iplt          0x00000000080480a0        0x0 kernel/kernel.o

.plt.got
 *(.plt.got)

.text           0x0000000000030400     0x3d4c
 *(.text.unlikely .text.*_unlikely .text.unlikely.*)
 *(.text.exit .text.exit.*)
 *(.text.startup .text.startup.*)
 *(.text.hot .text.hot.*)
 *(.text .stub .text.* .gnu.linkonce.t.*)
 .text          0x0000000000030400      0x317 kernel/kernel.o
                0x0000000000030400                _start
                0x0000000000030440                hwint00
                0x0000000000030470                hwint01
                0x00000000000304a0                hwint02
                0x00000000000304d0                hwint03
                0x0000000000030500                hwint04
                0x0000000000030530                hwint05
                0x0000000000030560                hwint06
                0x0000000000030590                hwint07
                0x00000000000305c0                hwint08
                0x00000000000305d0                hwint09
                0x00000000000305e0                hwint10
                0x00000000000305f0                hwint11
                0x0000000000030600                hwint12
                0x0000000000030610                hwint13
                0x0000000000030620                hwint14
                0x0000000000030630                hwint15
                0x000000000003063b                divide_error
                0x0000000000030641                single_step_exception
                0x0000000000030647                nmi
                0x000000000003064d                breakpoint_exception
                0x0000000000030653                overflow
                0x0000000000030659                bounds_check
                0x000000000003065f                inval_opcode
                0x0000000000030665                copr_not_available
                0x000000000003066b                double_fault
                0x000000000003066f                copr_seg_overrun
                0x0000000000030675                inval_tss
                0x0000000000030679                segment_not_present
                0x000000000003067d                stack_exception
                0x0000000000030681                general_protection
                0x0000000000030685                page_fault
                0x0000000000030689                copr_error
                0x00000000000306d2                sys_call
                0x00000000000306f2                restart
 *fill*         0x0000000000030717        0x9 
 .text          0x0000000000030720       0x20 kernel/syscall.o
                0x0000000000030720                sendrec
                0x0000000000030734                printx
 .text          0x0000000000030740       0x95 kernel/start.o
                0x0000000000030740                cstart
 .text          0x00000000000307d5      0x53c kernel/main.o
                0x00000000000307d5                kernel_main
                0x0000000000030a78                get_ticks
                0x0000000000030aac                TestA
                0x0000000000030baa                TestB
                0x0000000000030cb0                TestC
                0x0000000000030cc8                panic
 .text          0x0000000000030d11       0xd5 kernel/clock.o
                0x0000000000030d11                clock_handler
                0x0000000000030d54                milli_delay
                0x0000000000030d8e                init_clock
 .text          0x0000000000030de6      0x687 kernel/keyboard.o
                0x0000000000030de6                keyboard_handler
                0x0000000000030e46                init_keyboard
                0x0000000000030eeb                keyboard_read
 .text          0x000000000003146d      0x51a kernel/tty.o
                0x000000000003146d                task_tty
                0x0000000000031527                in_process
                0x000000000003178d                tty_write
                0x00000000000317d3                sys_printx
 .text          0x0000000000031987      0x424 kernel/console.o
                0x0000000000031987                init_screen
                0x0000000000031aa5                is_current_console
                0x0000000000031ac0                out_char
                0x0000000000031d0a                select_console
                0x0000000000031d40                scroll_screen
 .text          0x0000000000031dab      0x130 kernel/i8259.o
                0x0000000000031dab                init_8259A
                0x0000000000031e80                spurious_irq
                0x0000000000031eb7                put_irq_handler
 .text          0x0000000000031edb        0x0 kernel/global.o
 .text          0x0000000000031edb      0x614 kernel/protect.o
                0x0000000000031edb                init_prot
                0x00000000000322f8                seg2phys
                0x00000000000323b4                exception_handler
 .text          0x00000000000324ef     0x15d2 kernel/proc.o
                0x00000000000324ef                schedule
                0x000000000003257b                sys_sendrec
                0x000000000003269b                send_recv
                0x0000000000032758                ldt_seg_linear
                0x00000000000327a2                va2la
                0x0000000000032803                reset_msg
                0x000000000003360c                dump_proc
                0x00000000000339b4                dump_msg
 .text          0x0000000000033ac1       0x58 kernel/systask.o
                0x0000000000033ac1                task_sys
 .text          0x0000000000033b19       0x50 kernel/printf.o
                0x0000000000033b19                printf
 .text          0x0000000000033b69      0x305 kernel/vsprintf.o
                0x0000000000033bc7                vsprintf
                0x0000000000033e48                sprintf
 *fill*         0x0000000000033e6e        0x2 
 .text          0x0000000000033e70       0xeb lib/kliba.o
                0x0000000000033e70                disp_str
                0x0000000000033eae                disp_color_str
                0x0000000000033eed                out_byte
                0x0000000000033ef9                in_byte
                0x0000000000033f03                disable_irq
                0x0000000000033f38                enable_irq
                0x0000000000033f57                disable_int
                0x0000000000033f59                enable_int
 .text          0x0000000000033f5b      0x119 lib/klib.o
                0x0000000000033f5b                itoa
                0x0000000000034006                disp_int
                0x000000000003402d                delay
 *fill*         0x0000000000034074        0xc 
 .text          0x0000000000034080       0x78 lib/string.o
                0x0000000000034080                memcpy
                0x00000000000340a9                memset
                0x00000000000340ca                strcpy
                0x00000000000340e2                strlen
 .text          0x00000000000340f8       0x54 lib/misc.o
                0x00000000000340f8                spin
                0x0000000000034113                assertion_failure
 *(.gnu.warning)

.fini
 *(SORT(.fini))
                [!provide]                        PROVIDE (__etext, .)
                [!provide]                        PROVIDE (_etext, .)
                [!provide]                        PROVIDE (etext, .)

.rodata         0x0000000000034160      0xdd1
 *(.rodata .rodata.* .gnu.linkonce.r.*)
 .rodata        0x0000000000034160       0x47 kernel/start.o
 *fill*         0x00000000000341a7        0x1 
 .rodata        0x00000000000341a8       0xb2 kernel/main.o
 *fill*         0x000000000003425a        0x2 
 .rodata        0x000000000003425c       0x64 kernel/keyboard.o
 .rodata        0x00000000000342c0       0x90 kernel/tty.o
 .rodata        0x0000000000034350       0x11 kernel/i8259.o
 *fill*         0x0000000000034361       0x1f 
 .rodata        0x0000000000034380      0x540 kernel/protect.o
 .rodata        0x00000000000348c0      0x5fe kernel/proc.o
 .rodata        0x0000000000034ebe       0x11 kernel/systask.o
 *fill*         0x0000000000034ecf        0x1 
 .rodata        0x0000000000034ed0       0x61 lib/misc.o

.rodata1
 *(.rodata1)

.eh_frame_hdr
 *(.eh_frame_hdr)
 *(.eh_frame_entry .eh_frame_entry.*)

.eh_frame       0x0000000000034f34      0x824
 *(.eh_frame)
 .eh_frame      0x0000000000034f34       0x38 kernel/start.o
 .eh_frame      0x0000000000034f6c       0xb0 kernel/main.o
                                         0xc8 (size before relaxing)
 .eh_frame      0x000000000003501c       0x60 kernel/clock.o
                                         0x78 (size before relaxing)
 .eh_frame      0x000000000003507c       0xe0 kernel/keyboard.o
                                         0xf8 (size before relaxing)
 .eh_frame      0x000000000003515c       0xfc kernel/tty.o
                                        0x114 (size before relaxing)
 .eh_frame      0x0000000000035258      0x100 kernel/console.o
                                        0x118 (size before relaxing)
 .eh_frame      0x0000000000035358       0x60 kernel/i8259.o
                                         0x78 (size before relaxing)
 .eh_frame      0x00000000000353b8       0xb0 kernel/protect.o
                                         0xc8 (size before relaxing)
 .eh_frame      0x0000000000035468      0x1b8 kernel/proc.o
                                        0x1d0 (size before relaxing)
 .eh_frame      0x0000000000035620       0x1c kernel/systask.o
                                         0x34 (size before relaxing)
 .eh_frame      0x000000000003563c       0x20 kernel/printf.o
                                         0x38 (size before relaxing)
 .eh_frame      0x000000000003565c       0x60 kernel/vsprintf.o
                                         0x78 (size before relaxing)
 .eh_frame      0x00000000000356bc       0x60 lib/klib.o
                                         0x78 (size before relaxing)
 .eh_frame      0x000000000003571c       0x3c lib/misc.o
                                         0x54 (size before relaxing)
 *(.eh_frame.*)

.gcc_except_table
 *(.gcc_except_table .gcc_except_table.*)

.gnu_extab
 *(.gnu_extab*)

.exception_ranges
 *(.exception_ranges .exception_ranges*)
                0x0000000000036000                . = DATA_SEGMENT_ALIGN (0x1000, 0x1000)

.eh_frame
 *(.eh_frame)
 *(.eh_frame.*)

.gnu_extab
 *(.gnu_extab)

.gcc_except_table
 *(.gcc_except_table .gcc_except_table.*)

.exception_ranges
 *(.exception_ranges .exception_ranges*)

.tdata
 *(.tdata .tdata.* .gnu.linkonce.td.*)

.tbss
 *(.tbss .tbss.* .gnu.linkonce.tb.*)
 *(.tcommon)

.preinit_array  0x0000000000036000        0x0
                [!provide]                        PROVIDE (__preinit_array_start, .)
 *(.preinit_array)
                [!provide]                        PROVIDE (__preinit_array_end, .)

.init_array     0x0000000000036000        0x0
                [!provide]                        PROVIDE (__init_array_start, .)
 *(SORT(.init_array.*) SORT(.ctors.*))
 *(.init_array EXCLUDE_FILE(*crtend?.o *crtend.o *crtbegin?.o *crtbegin.o) .ctors)
                [!provide]                        PROVIDE (__init_array_end, .)

.fini_array     0x0000000000036000        0x0
                [!provide]                        PROVIDE (__fini_array_start, .)
 *(SORT(.fini_array.*) SORT(.dtors.*))
 *(.fini_array EXCLUDE_FILE(*crtend?.o *crtend.o *crtbegin?.o *crtbegin.o) .dtors)
                [!provide]                        PROVIDE (__fini_array_end, .)

.ctors
 *crtbegin.o(.ctors)
 *crtbegin?.o(.ctors)
 *(EXCLUDE_FILE(*crtend?.o *crtend.o) .ctors)
 *(SORT(.ctors.*))
 *(.ctors)

.dtors
 *crtbegin.o(.dtors)
 *crtbegin?.o(.dtors)
 *(EXCLUDE_FILE(*crtend?.o *crtend.o) .dtors)
 *(SORT(.dtors.*))
 *(.dtors)

.jcr
 *(.jcr)

.data.rel.ro
 *(.data.rel.ro.local* .gnu.linkonce.d.rel.ro.local.*)
 *(.data.rel.ro .data.rel.ro.* .gnu.linkonce.d.rel.ro.*)

.dynamic
 *(.dynamic)

.got
 *(.got)
 *(.igot)
                0x0000000000036000                . = DATA_SEGMENT_RELRO_END (., (SIZEOF (.got.plt) >= 0xc)?0xc:0x0)

.got.plt        0x0000000000036000        0x0
 *(.got.plt)
 *(.igot.plt)
 .igot.plt      0x0000000000036000        0x0 kernel/kernel.o

.data           0x0000000000036000      0x704
 *(.data .data.* .gnu.linkonce.d.*)
 .data          0x0000000000036000        0x2 kernel/kernel.o
 .data          0x0000000000036002        0x0 kernel/start.o
 .data          0x0000000000036002        0x0 kernel/main.o
 .data          0x0000000000036002        0x0 kernel/clock.o
 *fill*         0x0000000000036002       0x1e 
 .data          0x0000000000036020      0x600 kernel/keyboard.o
                0x0000000000036020                keymap
 .data          0x0000000000036620        0x0 kernel/tty.o
 .data          0x0000000000036620        0x0 kernel/console.o
 .data          0x0000000000036620        0x0 kernel/i8259.o
 .data          0x0000000000036620       0xe4 kernel/global.o
                0x0000000000036620                task_table
                0x0000000000036680                user_proc_table
                0x00000000000366f8                sys_call_table
 .data          0x0000000000036704        0x0 kernel/protect.o
 .data          0x0000000000036704        0x0 kernel/proc.o
 .data          0x0000000000036704        0x0 kernel/systask.o
 .data          0x0000000000036704        0x0 kernel/printf.o
 .data          0x0000000000036704        0x0 kernel/vsprintf.o
 .data          0x0000000000036704        0x0 lib/klib.o
 .data          0x0000000000036704        0x0 lib/misc.o

.data1
 *(.data1)
                0x0000000000036704                _edata = .
                [!provide]                        PROVIDE (edata, .)
                0x0000000000036704                . = .
                0x0000000000036704                __bss_start = .

.bss            0x0000000000036720    0x2a558
 *(.dynbss)
 *(.bss .bss.* .gnu.linkonce.b.*)
 .bss           0x0000000000036720      0x800 kernel/kernel.o
 .bss           0x0000000000036f20        0x0 kernel/start.o
 .bss           0x0000000000036f20        0xc kernel/main.o
                0x0000000000036f20                counter
                0x0000000000036f24                consumer_wait
                0x0000000000036f28                producer_wait
 .bss           0x0000000000036f2c        0x0 kernel/clock.o
 *fill*         0x0000000000036f2c       0x14 
 .bss           0x0000000000036f40       0x58 kernel/keyboard.o
 .bss           0x0000000000036f98        0x0 kernel/tty.o
 .bss           0x0000000000036f98        0x0 kernel/console.o
 .bss           0x0000000000036f98        0x0 kernel/i8259.o
 .bss           0x0000000000036f98        0x0 kernel/global.o
 .bss           0x0000000000036f98        0x0 kernel/protect.o
 .bss           0x0000000000036f98        0x0 kernel/proc.o
 .bss           0x0000000000036f98        0x0 kernel/systask.o
 .bss           0x0000000000036f98        0x0 kernel/printf.o
 .bss           0x0000000000036f98        0x0 kernel/vsprintf.o
 .bss           0x0000000000036f98        0x0 lib/klib.o
 .bss           0x0000000000036f98        0x0 lib/misc.o
 *(COMMON)
 COMMON         0x0000000000036f98       0x1e kernel/main.o
                0x0000000000036f98                buffer
 *fill*         0x0000000000036fb6        0xa 
 COMMON         0x0000000000036fc0    0x29cb8 kernel/global.o
                0x0000000000036fc0                idt_ptr
                0x0000000000036fe0                task_stack
                0x000000000005efe0                k_reenter
                0x000000000005f000                gdt
                0x000000000005f400                tty_table
                0x0000000000060040                tss
                0x00000000000600a8                nr_current_console
                0x00000000000600ac                disp_pos
                0x00000000000600b0                gdt_ptr
                0x00000000000600c0                idt
                0x00000000000608c0                ticks
                0x00000000000608e0                console_table
                0x0000000000060920                irq_table
                0x0000000000060960                p_proc_ready
                0x0000000000060980                proc_table
                0x0000000000060c78                . = ALIGN ((. != 0x0)?0x4:0x1)
                0x0000000000060c78                . = ALIGN (0x4)
                0x0000000000060c78                . = SEGMENT_START ("ldata-segment", .)
                0x0000000000060c78                . = ALIGN (0x4)
                0x0000000000060c78                _end = .
                [!provide]                        PROVIDE (end, .)
                0x0000000000060c78                . = DATA_SEGMENT_END (.)

.stab
 *(.stab)

.stabstr
 *(.stabstr)

.stab.excl
 *(.stab.excl)

.stab.exclstr
 *(.stab.exclstr)

.stab.index
 *(.stab.index)

.stab.indexstr
 *(.stab.indexstr)

.comment        0x0000000000000000       0x35
 *(.comment)
 .comment       0x0000000000000000       0x35 kernel/start.o
                                         0x36 (size before relaxing)
 .comment       0x0000000000000035       0x36 kernel/main.o
 .comment       0x0000000000000035       0x36 kernel/clock.o
 .comment       0x0000000000000035       0x36 kernel/keyboard.o
 .comment       0x0000000000000035       0x36 kernel/tty.o
 .comment       0x0000000000000035       0x36 kernel/console.o
 .comment       0x0000000000000035       0x36 kernel/i8259.o
 .comment       0x0000000000000035       0x36 kernel/global.o
 .comment       0x0000000000000035       0x36 kernel/protect.o
 .comment       0x0000000000000035       0x36 kernel/proc.o
 .comment       0x0000000000000035       0x36 kernel/systask.o
 .comment       0x0000000000000035       0x36 kernel/printf.o
 .comment       0x0000000000000035       0x36 kernel/vsprintf.o
 .comment       0x0000000000000035       0x36 lib/klib.o
 .comment       0x0000000000000035       0x36 lib/misc.o

.debug
 *(.debug)

.line
 *(.line)

.debug_srcinfo
 *(.debug_srcinfo)

.debug_sfnames
 *(.debug_sfnames)

.debug_aranges
 *(.debug_aranges)

.debug_pubnames
 *(.debug_pubnames)

.debug_info
 *(.debug_info .gnu.linkonce.wi.*)

.debug_abbrev
 *(.debug_abbrev)

.debug_line
 *(.debug_line .debug_line.* .debug_line_end)

.debug_frame
 *(.debug_frame)

.debug_str
 *(.debug_str)

.debug_loc
 *(.debug_loc)

.debug_macinfo
 *(.debug_macinfo)

.debug_weaknames
 *(.debug_weaknames)

.debug_funcnames
 *(.debug_funcnames)

.debug_typenames
 *(.debug_typenames)

.debug_varnames
 *(.debug_varnames)

.debug_pubtypes
 *(.debug_pubtypes)

.debug_ranges
 *(.debug_ranges)

.debug_macro
 *(.debug_macro)

.gnu.attributes
 *(.gnu.attributes)

/DISCARD/
 *(.note.GNU-stack)
 *(.gnu_debuglink)
 *(.gnu.lto_*)
OUTPUT(kernel.bin elf32-i386)
