
Allocating common symbols
Common symbol       size              file

phy_frames          0x800000          kernel/global.o
idt_ptr             0x6               kernel/global.o
task_stack          0x28000           kernel/global.o
k_reenter           0x4               kernel/global.o
gdt                 0x400             kernel/global.o
tty_table           0x1050            kernel/global.o
wait_table          0x14              kernel/global.o
tss                 0x68              kernel/global.o
nr_current_console  0x4               kernel/global.o
disp_pos            0x4               kernel/global.o
gdt_ptr             0x6               kernel/global.o
wait_cnt            0x4               kernel/global.o
idt                 0x800             kernel/global.o
se_table            0xf0              kernel/global.o
ticks               0x4               kernel/global.o
stat                0x14              kernel/global.o
console_table       0x40              kernel/global.o
irq_table           0x40              kernel/global.o
p_proc_ready        0x4               kernel/global.o
proc_table          0x30c             kernel/global.o

Discarded input sections

 .note.GNU-stack
                0x0000000000000000        0x0 kernel/start.o
 .note.GNU-stack
                0x0000000000000000        0x0 kernel/main.o
 .note.GNU-stack
                0x0000000000000000        0x0 kernel/clock.o
 .note.GNU-stack
                0x0000000000000000        0x0 kernel/i8259.o
 .note.GNU-stack
                0x0000000000000000        0x0 kernel/global.o
 .note.GNU-stack
                0x0000000000000000        0x0 kernel/protect.o
 .note.GNU-stack
                0x0000000000000000        0x0 kernel/proc.o
 .note.GNU-stack
                0x0000000000000000        0x0 kernel/rbtree.o
 .note.GNU-stack
                0x0000000000000000        0x0 kernel/keyboard.o
 .note.GNU-stack
                0x0000000000000000        0x0 kernel/tty.o
 .note.GNU-stack
                0x0000000000000000        0x0 kernel/console.o
 .note.GNU-stack
                0x0000000000000000        0x0 kernel/systask.o
 .note.GNU-stack
                0x0000000000000000        0x0 kernel/printf.o
 .note.GNU-stack
                0x0000000000000000        0x0 kernel/vsprintf.o
 .note.GNU-stack
                0x0000000000000000        0x0 mm/frame_allocator.o
 .note.GNU-stack
                0x0000000000000000        0x0 mm/page_table.o
 .note.GNU-stack
                0x0000000000000000        0x0 lib/klib.o
 .note.GNU-stack
                0x0000000000000000        0x0 lib/misc.o
 .note.GNU-stack
                0x0000000000000000        0x0 test/testmm.o

Memory Configuration

Name             Origin             Length             Attributes
*default*        0x0000000000000000 0xffffffffffffffff

Linker script and memory map

Address of section .text set to 0x30400
LOAD kernel/kernel.o
LOAD kernel/syscall.o
LOAD kernel/start.o
LOAD kernel/main.o
LOAD kernel/clock.o
LOAD kernel/i8259.o
LOAD kernel/global.o
LOAD kernel/protect.o
LOAD kernel/proc.o
LOAD kernel/rbtree.o
LOAD kernel/keyboard.o
LOAD kernel/tty.o
LOAD kernel/console.o
LOAD kernel/systask.o
LOAD kernel/printf.o
LOAD kernel/vsprintf.o
LOAD mm/frame_allocator.o
LOAD mm/page_table.o
LOAD lib/kliba.o
LOAD lib/klib.o
LOAD lib/string.o
LOAD lib/misc.o
LOAD test/testmm.o
                [!provide]                        PROVIDE (__executable_start, 0x8048000)
                0x0000000008048094                . = (0x8048000 + SIZEOF_HEADERS)

.interp
 *(.interp)

.note.gnu.build-id
 *(.note.gnu.build-id)

.hash
 *(.hash)

.gnu.hash
 *(.gnu.hash)

.dynsym
 *(.dynsym)

.dynstr
 *(.dynstr)

.gnu.version
 *(.gnu.version)

.gnu.version_d
 *(.gnu.version_d)

.gnu.version_r
 *(.gnu.version_r)

.rel.dyn        0x0000000008048094        0x0
 *(.rel.init)
 *(.rel.text .rel.text.* .rel.gnu.linkonce.t.*)
 .rel.text      0x0000000008048094        0x0 kernel/kernel.o
 *(.rel.fini)
 *(.rel.rodata .rel.rodata.* .rel.gnu.linkonce.r.*)
 *(.rel.data.rel.ro .rel.data.rel.ro.* .rel.gnu.linkonce.d.rel.ro.*)
 *(.rel.data .rel.data.* .rel.gnu.linkonce.d.*)
 .rel.data      0x0000000008048094        0x0 kernel/kernel.o
 *(.rel.tdata .rel.tdata.* .rel.gnu.linkonce.td.*)
 *(.rel.tbss .rel.tbss.* .rel.gnu.linkonce.tb.*)
 *(.rel.ctors)
 *(.rel.dtors)
 *(.rel.got)
 *(.rel.bss .rel.bss.* .rel.gnu.linkonce.b.*)
 *(.rel.ifunc)

.rel.plt        0x0000000008048094        0x0
 *(.rel.plt)
                [!provide]                        PROVIDE (__rel_iplt_start, .)
 *(.rel.iplt)
 .rel.iplt      0x0000000008048094        0x0 kernel/kernel.o
                [!provide]                        PROVIDE (__rel_iplt_end, .)

.init
 *(SORT(.init))

.plt            0x00000000080480a0        0x0
 *(.plt)
 *(.iplt)
 .iplt          0x00000000080480a0        0x0 kernel/kernel.o

.plt.got
 *(.plt.got)

.text           0x0000000000030400     0x4bdf
 *(.text.unlikely .text.*_unlikely .text.unlikely.*)
 *(.text.exit .text.exit.*)
 *(.text.startup .text.startup.*)
 *(.text.hot .text.hot.*)
 *(.text .stub .text.* .gnu.linkonce.t.*)
 .text          0x0000000000030400      0x317 kernel/kernel.o
                0x0000000000030400                _start
                0x0000000000030440                hwint00
                0x0000000000030470                hwint01
                0x00000000000304a0                hwint02
                0x00000000000304d0                hwint03
                0x0000000000030500                hwint04
                0x0000000000030530                hwint05
                0x0000000000030560                hwint06
                0x0000000000030590                hwint07
                0x00000000000305c0                hwint08
                0x00000000000305d0                hwint09
                0x00000000000305e0                hwint10
                0x00000000000305f0                hwint11
                0x0000000000030600                hwint12
                0x0000000000030610                hwint13
                0x0000000000030620                hwint14
                0x0000000000030630                hwint15
                0x000000000003063b                divide_error
                0x0000000000030641                single_step_exception
                0x0000000000030647                nmi
                0x000000000003064d                breakpoint_exception
                0x0000000000030653                overflow
                0x0000000000030659                bounds_check
                0x000000000003065f                inval_opcode
                0x0000000000030665                copr_not_available
                0x000000000003066b                double_fault
                0x000000000003066f                copr_seg_overrun
                0x0000000000030675                inval_tss
                0x0000000000030679                segment_not_present
                0x000000000003067d                stack_exception
                0x0000000000030681                general_protection
                0x0000000000030685                page_fault
                0x0000000000030689                copr_error
                0x00000000000306d2                sys_call
                0x00000000000306f2                restart
 *fill*         0x0000000000030717        0x9 
 .text          0x0000000000030720       0x20 kernel/syscall.o
                0x0000000000030720                sendrec
                0x0000000000030734                printx
 .text          0x0000000000030740       0x95 kernel/start.o
                0x0000000000030740                cstart
 .text          0x00000000000307d5      0x35c kernel/main.o
                0x00000000000307d5                kernel_main
                0x0000000000030a2b                get_ticks
                0x0000000000030a5f                TestA
                0x0000000000030aca                TestB
                0x0000000000030ad9                TestC
                0x0000000000030ae8                panic
 .text          0x0000000000030b31      0x196 kernel/clock.o
                0x0000000000030b31                clock_handler
                0x0000000000030c35                milli_delay
                0x0000000000030c6f                init_clock
 .text          0x0000000000030cc7      0x130 kernel/i8259.o
                0x0000000000030cc7                init_8259A
                0x0000000000030d9c                spurious_irq
                0x0000000000030dd3                put_irq_handler
 .text          0x0000000000030df7        0x0 kernel/global.o
 .text          0x0000000000030df7      0x614 kernel/protect.o
                0x0000000000030df7                init_prot
                0x0000000000031214                seg2phys
                0x00000000000312d0                exception_handler
 .text          0x000000000003140b     0x1aaa kernel/proc.o
                0x000000000003140b                __sched_period
                0x000000000003142a                sched_slice
                0x0000000000031466                calc_delta_fair
                0x0000000000031495                schedule
                0x000000000003150b                add_task
                0x0000000000031736                rm_task
                0x00000000000317c7                sys_sendrec
                0x00000000000318f0                send_recv
                0x00000000000319ad                ldt_seg_linear
                0x00000000000319f7                va2la
                0x0000000000031a58                reset_msg
                0x0000000000032a0e                dump_proc
                0x0000000000032da8                dump_msg
 .text          0x0000000000032eb5      0x72f kernel/rbtree.o
                0x0000000000032eb5                tree_minimum
                0x0000000000032ed5                __pick_first_entity
                0x0000000000032f04                left_rotate
                0x0000000000032f98                right_rotate
                0x000000000003302c                rb_insert_fixup
                0x00000000000331ac                rb_insert
                0x0000000000033261                rb_transplant
                0x00000000000332bb                rb_delete_fixup
                0x00000000000334cf                rb_delete
 .text          0x00000000000335e4      0x687 kernel/keyboard.o
                0x00000000000335e4                keyboard_handler
                0x0000000000033644                init_keyboard
                0x00000000000336e9                keyboard_read
 .text          0x0000000000033c6b      0x516 kernel/tty.o
                0x0000000000033c6b                task_tty
                0x0000000000033d25                in_process
                0x0000000000033f8b                tty_write
                0x0000000000033fd1                sys_printx
 .text          0x0000000000034181      0x41d kernel/console.o
                0x0000000000034181                init_screen
                0x0000000000034298                is_current_console
                0x00000000000342b3                out_char
                0x00000000000344fd                select_console
                0x0000000000034533                scroll_screen
 .text          0x000000000003459e       0x58 kernel/systask.o
                0x000000000003459e                task_sys
 .text          0x00000000000345f6       0x50 kernel/printf.o
                0x00000000000345f6                printf
 .text          0x0000000000034646      0x305 kernel/vsprintf.o
                0x00000000000346a4                vsprintf
                0x0000000000034925                sprintf
 .text          0x000000000003494b      0x125 mm/frame_allocator.o
                0x000000000003494b                init_frametracker
                0x000000000003499c                frame_alloc
                0x00000000000349f1                frame_dealloc
                0x0000000000034a24                frame_find
 .text          0x0000000000034a70      0x20d mm/page_table.o
                0x0000000000034a70                get_final_entry
                0x0000000000034ae4                la2pa
                0x0000000000034b51                map
                0x0000000000034be7                unmap
 *fill*         0x0000000000034c7d        0x3 
 .text          0x0000000000034c80       0xeb lib/kliba.o
                0x0000000000034c80                disp_str
                0x0000000000034cbe                disp_color_str
                0x0000000000034cfd                out_byte
                0x0000000000034d09                in_byte
                0x0000000000034d13                disable_irq
                0x0000000000034d48                enable_irq
                0x0000000000034d67                disable_int
                0x0000000000034d69                enable_int
 .text          0x0000000000034d6b      0x119 lib/klib.o
                0x0000000000034d6b                itoa
                0x0000000000034e16                disp_int
                0x0000000000034e3d                delay
 *fill*         0x0000000000034e84        0xc 
 .text          0x0000000000034e90       0x78 lib/string.o
                0x0000000000034e90                memcpy
                0x0000000000034eb9                memset
                0x0000000000034eda                strcpy
                0x0000000000034ef2                strlen
 .text          0x0000000000034f08       0x54 lib/misc.o
                0x0000000000034f08                spin
                0x0000000000034f23                assertion_failure
 .text          0x0000000000034f5c       0x83 test/testmm.o
                0x0000000000034f5c                testmm
 *(.gnu.warning)

.fini
 *(SORT(.fini))
                [!provide]                        PROVIDE (__etext, .)
                [!provide]                        PROVIDE (_etext, .)
                [!provide]                        PROVIDE (etext, .)

.rodata         0x0000000000034fe0      0xf8e
 *(.rodata .rodata.* .gnu.linkonce.r.*)
 .rodata        0x0000000000034fe0       0x4b kernel/start.o
 *fill*         0x000000000003502b        0x1 
 .rodata        0x000000000003502c       0x5a kernel/main.o
 .rodata        0x0000000000035086       0x11 kernel/i8259.o
 *fill*         0x0000000000035097        0x9 
 .rodata        0x00000000000350a0       0xa0 kernel/global.o
                0x00000000000350a0                sched_prio_to_weight
 .rodata        0x0000000000035140      0x540 kernel/protect.o
 .rodata        0x0000000000035680      0x696 kernel/proc.o
 *fill*         0x0000000000035d16        0x2 
 .rodata        0x0000000000035d18       0x64 kernel/keyboard.o
 .rodata        0x0000000000035d7c       0x90 kernel/tty.o
 .rodata        0x0000000000035e0c       0x11 kernel/systask.o
 .rodata        0x0000000000035e1d       0x56 mm/frame_allocator.o
 *fill*         0x0000000000035e73        0x1 
 .rodata        0x0000000000035e74       0x7e mm/page_table.o
                0x0000000000035e74                PTECNT
 *fill*         0x0000000000035ef2        0x2 
 .rodata        0x0000000000035ef4       0x61 lib/misc.o
 .rodata        0x0000000000035f55       0x19 test/testmm.o

.rodata1
 *(.rodata1)

.eh_frame_hdr
 *(.eh_frame_hdr)
 *(.eh_frame_entry .eh_frame_entry.*)

.eh_frame       0x0000000000035f70      0xb18
 *(.eh_frame)
 .eh_frame      0x0000000000035f70       0x38 kernel/start.o
 .eh_frame      0x0000000000035fa8       0xb0 kernel/main.o
                                         0xc8 (size before relaxing)
 .eh_frame      0x0000000000036058       0x60 kernel/clock.o
                                         0x78 (size before relaxing)
 .eh_frame      0x00000000000360b8       0x60 kernel/i8259.o
                                         0x78 (size before relaxing)
 .eh_frame      0x0000000000036118       0xb0 kernel/protect.o
                                         0xc8 (size before relaxing)
 .eh_frame      0x00000000000361c8      0x26c kernel/proc.o
                                        0x284 (size before relaxing)
 .eh_frame      0x0000000000036434      0x120 kernel/rbtree.o
                                        0x138 (size before relaxing)
 .eh_frame      0x0000000000036554       0xe0 kernel/keyboard.o
                                         0xf8 (size before relaxing)
 .eh_frame      0x0000000000036634       0xfc kernel/tty.o
                                        0x114 (size before relaxing)
 .eh_frame      0x0000000000036730      0x100 kernel/console.o
                                        0x118 (size before relaxing)
 .eh_frame      0x0000000000036830       0x1c kernel/systask.o
                                         0x34 (size before relaxing)
 .eh_frame      0x000000000003684c       0x20 kernel/printf.o
                                         0x38 (size before relaxing)
 .eh_frame      0x000000000003686c       0x60 kernel/vsprintf.o
                                         0x78 (size before relaxing)
 .eh_frame      0x00000000000368cc       0x80 mm/frame_allocator.o
                                         0x98 (size before relaxing)
 .eh_frame      0x000000000003694c       0x80 mm/page_table.o
                                         0x98 (size before relaxing)
 .eh_frame      0x00000000000369cc       0x60 lib/klib.o
                                         0x78 (size before relaxing)
 .eh_frame      0x0000000000036a2c       0x3c lib/misc.o
                                         0x54 (size before relaxing)
 .eh_frame      0x0000000000036a68       0x20 test/testmm.o
                                         0x38 (size before relaxing)
 *(.eh_frame.*)

.gcc_except_table
 *(.gcc_except_table .gcc_except_table.*)

.gnu_extab
 *(.gnu_extab*)

.exception_ranges
 *(.exception_ranges .exception_ranges*)
                0x0000000000037a88                . = DATA_SEGMENT_ALIGN (0x1000, 0x1000)

.eh_frame
 *(.eh_frame)
 *(.eh_frame.*)

.gnu_extab
 *(.gnu_extab)

.gcc_except_table
 *(.gcc_except_table .gcc_except_table.*)

.exception_ranges
 *(.exception_ranges .exception_ranges*)

.tdata
 *(.tdata .tdata.* .gnu.linkonce.td.*)

.tbss
 *(.tbss .tbss.* .gnu.linkonce.tb.*)
 *(.tcommon)

.preinit_array  0x0000000000037a88        0x0
                [!provide]                        PROVIDE (__preinit_array_start, .)
 *(.preinit_array)
                [!provide]                        PROVIDE (__preinit_array_end, .)

.init_array     0x0000000000037a88        0x0
                [!provide]                        PROVIDE (__init_array_start, .)
 *(SORT(.init_array.*) SORT(.ctors.*))
 *(.init_array EXCLUDE_FILE(*crtend?.o *crtend.o *crtbegin?.o *crtbegin.o) .ctors)
                [!provide]                        PROVIDE (__init_array_end, .)

.fini_array     0x0000000000037a88        0x0
                [!provide]                        PROVIDE (__fini_array_start, .)
 *(SORT(.fini_array.*) SORT(.dtors.*))
 *(.fini_array EXCLUDE_FILE(*crtend?.o *crtend.o *crtbegin?.o *crtbegin.o) .dtors)
                [!provide]                        PROVIDE (__fini_array_end, .)

.ctors
 *crtbegin.o(.ctors)
 *crtbegin?.o(.ctors)
 *(EXCLUDE_FILE(*crtend?.o *crtend.o) .ctors)
 *(SORT(.ctors.*))
 *(.ctors)

.dtors
 *crtbegin.o(.dtors)
 *crtbegin?.o(.dtors)
 *(EXCLUDE_FILE(*crtend?.o *crtend.o) .dtors)
 *(SORT(.dtors.*))
 *(.dtors)

.jcr
 *(.jcr)

.data.rel.ro
 *(.data.rel.ro.local* .gnu.linkonce.d.rel.ro.local.*)
 *(.data.rel.ro .data.rel.ro.* .gnu.linkonce.d.rel.ro.*)

.dynamic
 *(.dynamic)

.got
 *(.got)
 *(.igot)
                0x0000000000037a88                . = DATA_SEGMENT_RELRO_END (., (SIZEOF (.got.plt) >= 0xc)?0xc:0x0)

.got.plt        0x0000000000037a88        0x0
 *(.got.plt)
 *(.igot.plt)
 .igot.plt      0x0000000000037a88        0x0 kernel/kernel.o

.data           0x0000000000037aa0      0x744
 *(.data .data.* .gnu.linkonce.d.*)
 .data          0x0000000000037aa0        0x2 kernel/kernel.o
 .data          0x0000000000037aa2        0x0 kernel/start.o
 .data          0x0000000000037aa2        0x0 kernel/main.o
 .data          0x0000000000037aa2        0x0 kernel/clock.o
 .data          0x0000000000037aa2        0x0 kernel/i8259.o
 *fill*         0x0000000000037aa2       0x1e 
 .data          0x0000000000037ac0       0xf0 kernel/global.o
                0x0000000000037ac0                task_table
                0x0000000000037b20                user_proc_table
                0x0000000000037b98                sys_call_table
                0x0000000000037ba4                sysctl_sched_latency
                0x0000000000037ba8                sysctl_sched_min_granularity
                0x0000000000037bac                sched_nr_latency
 .data          0x0000000000037bb0        0x0 kernel/protect.o
 .data          0x0000000000037bb0        0x0 kernel/proc.o
 .data          0x0000000000037bb0       0x1c kernel/rbtree.o
                0x0000000000037bb0                nil
                0x0000000000037bc8                root
 *fill*         0x0000000000037bcc       0x14 
 .data          0x0000000000037be0      0x600 kernel/keyboard.o
                0x0000000000037be0                keymap
 .data          0x00000000000381e0        0x0 kernel/tty.o
 .data          0x00000000000381e0        0x0 kernel/console.o
 .data          0x00000000000381e0        0x0 kernel/systask.o
 .data          0x00000000000381e0        0x0 kernel/printf.o
 .data          0x00000000000381e0        0x0 kernel/vsprintf.o
 .data          0x00000000000381e0        0x0 mm/frame_allocator.o
 .data          0x00000000000381e0        0x4 mm/page_table.o
                0x00000000000381e0                pagedir
 .data          0x00000000000381e4        0x0 lib/klib.o
 .data          0x00000000000381e4        0x0 lib/misc.o
 .data          0x00000000000381e4        0x0 test/testmm.o

.data1
 *(.data1)
                0x00000000000381e4                _edata = .
                [!provide]                        PROVIDE (edata, .)
                0x00000000000381e4                . = .
                0x00000000000381e4                __bss_start = .

.bss            0x0000000000038200   0x82aa8c
 *(.dynbss)
 *(.bss .bss.* .gnu.linkonce.b.*)
 .bss           0x0000000000038200      0x800 kernel/kernel.o
 .bss           0x0000000000038a00        0x0 kernel/start.o
 .bss           0x0000000000038a00        0x0 kernel/main.o
 .bss           0x0000000000038a00        0x0 kernel/clock.o
 .bss           0x0000000000038a00        0x0 kernel/i8259.o
 .bss           0x0000000000038a00        0xc kernel/global.o
                0x0000000000038a00                nr_running
                0x0000000000038a04                sum_weight
                0x0000000000038a08                has_preempt
 .bss           0x0000000000038a0c        0x0 kernel/protect.o
 .bss           0x0000000000038a0c        0x0 kernel/proc.o
 .bss           0x0000000000038a0c        0x0 kernel/rbtree.o
 *fill*         0x0000000000038a0c       0x14 
 .bss           0x0000000000038a20       0x58 kernel/keyboard.o
 .bss           0x0000000000038a78        0x0 kernel/tty.o
 .bss           0x0000000000038a78        0x0 kernel/console.o
 .bss           0x0000000000038a78        0x0 kernel/systask.o
 .bss           0x0000000000038a78        0x0 kernel/printf.o
 .bss           0x0000000000038a78        0x0 kernel/vsprintf.o
 .bss           0x0000000000038a78        0x0 mm/frame_allocator.o
 .bss           0x0000000000038a78        0x0 mm/page_table.o
 .bss           0x0000000000038a78        0x0 lib/klib.o
 .bss           0x0000000000038a78        0x0 lib/misc.o
 .bss           0x0000000000038a78        0x0 test/testmm.o
 *(COMMON)
 *fill*         0x0000000000038a78        0x8 
 COMMON         0x0000000000038a80   0x82a20c kernel/global.o
                0x0000000000038a80                phy_frames
                0x0000000000838a80                idt_ptr
                0x0000000000838aa0                task_stack
                0x0000000000860aa0                k_reenter
                0x0000000000860ac0                gdt
                0x0000000000860ec0                tty_table
                0x0000000000861f10                wait_table
                0x0000000000861f40                tss
                0x0000000000861fa8                nr_current_console
                0x0000000000861fac                disp_pos
                0x0000000000861fb0                gdt_ptr
                0x0000000000861fb8                wait_cnt
                0x0000000000861fc0                idt
                0x00000000008627c0                se_table
                0x00000000008628b0                ticks
                0x00000000008628b4                stat
                0x00000000008628e0                console_table
                0x0000000000862920                irq_table
                0x0000000000862960                p_proc_ready
                0x0000000000862980                proc_table
                0x0000000000862c8c                . = ALIGN ((. != 0x0)?0x4:0x1)
                0x0000000000862c8c                . = ALIGN (0x4)
                0x0000000000862c8c                . = SEGMENT_START ("ldata-segment", .)
                0x0000000000862c8c                . = ALIGN (0x4)
                0x0000000000862c8c                _end = .
                [!provide]                        PROVIDE (end, .)
                0x0000000000862c8c                . = DATA_SEGMENT_END (.)

.stab
 *(.stab)

.stabstr
 *(.stabstr)

.stab.excl
 *(.stab.excl)

.stab.exclstr
 *(.stab.exclstr)

.stab.index
 *(.stab.index)

.stab.indexstr
 *(.stab.indexstr)

.comment        0x0000000000000000       0x35
 *(.comment)
 .comment       0x0000000000000000       0x35 kernel/start.o
                                         0x36 (size before relaxing)
 .comment       0x0000000000000035       0x36 kernel/main.o
 .comment       0x0000000000000035       0x36 kernel/clock.o
 .comment       0x0000000000000035       0x36 kernel/i8259.o
 .comment       0x0000000000000035       0x36 kernel/global.o
 .comment       0x0000000000000035       0x36 kernel/protect.o
 .comment       0x0000000000000035       0x36 kernel/proc.o
 .comment       0x0000000000000035       0x36 kernel/rbtree.o
 .comment       0x0000000000000035       0x36 kernel/keyboard.o
 .comment       0x0000000000000035       0x36 kernel/tty.o
 .comment       0x0000000000000035       0x36 kernel/console.o
 .comment       0x0000000000000035       0x36 kernel/systask.o
 .comment       0x0000000000000035       0x36 kernel/printf.o
 .comment       0x0000000000000035       0x36 kernel/vsprintf.o
 .comment       0x0000000000000035       0x36 mm/frame_allocator.o
 .comment       0x0000000000000035       0x36 mm/page_table.o
 .comment       0x0000000000000035       0x36 lib/klib.o
 .comment       0x0000000000000035       0x36 lib/misc.o
 .comment       0x0000000000000035       0x36 test/testmm.o

.debug
 *(.debug)

.line
 *(.line)

.debug_srcinfo
 *(.debug_srcinfo)

.debug_sfnames
 *(.debug_sfnames)

.debug_aranges
 *(.debug_aranges)

.debug_pubnames
 *(.debug_pubnames)

.debug_info
 *(.debug_info .gnu.linkonce.wi.*)

.debug_abbrev
 *(.debug_abbrev)

.debug_line
 *(.debug_line .debug_line.* .debug_line_end)

.debug_frame
 *(.debug_frame)

.debug_str
 *(.debug_str)

.debug_loc
 *(.debug_loc)

.debug_macinfo
 *(.debug_macinfo)

.debug_weaknames
 *(.debug_weaknames)

.debug_funcnames
 *(.debug_funcnames)

.debug_typenames
 *(.debug_typenames)

.debug_varnames
 *(.debug_varnames)

.debug_pubtypes
 *(.debug_pubtypes)

.debug_ranges
 *(.debug_ranges)

.debug_macro
 *(.debug_macro)

.gnu.attributes
 *(.gnu.attributes)

/DISCARD/
 *(.note.GNU-stack)
 *(.gnu_debuglink)
 *(.gnu.lto_*)
OUTPUT(kernel.bin elf32-i386)
