
Allocating common symbols
Common symbol       size              file

idt_ptr             0x6               kernel/global.o
task_stack          0x20000           kernel/global.o
k_reenter           0x4               kernel/global.o
gdt                 0x400             kernel/global.o
tty_table           0x1050            kernel/global.o
tss                 0x68              kernel/global.o
nr_current_console  0x4               kernel/global.o
disp_pos            0x4               kernel/global.o
gdt_ptr             0x6               kernel/global.o
idt                 0x800             kernel/global.o
se_table            0xc0              kernel/global.o
ticks               0x4               kernel/global.o
console_table       0x40              kernel/global.o
irq_table           0x40              kernel/global.o
p_proc_ready        0x4               kernel/global.o
proc_table          0x200             kernel/global.o

Discarded input sections

 .note.GNU-stack
                0x0000000000000000        0x0 kernel/start.o
 .note.GNU-stack
                0x0000000000000000        0x0 kernel/main.o
 .note.GNU-stack
                0x0000000000000000        0x0 kernel/clock.o
 .note.GNU-stack
                0x0000000000000000        0x0 kernel/i8259.o
 .note.GNU-stack
                0x0000000000000000        0x0 kernel/global.o
 .note.GNU-stack
                0x0000000000000000        0x0 kernel/protect.o
 .note.GNU-stack
                0x0000000000000000        0x0 kernel/proc.o
 .note.GNU-stack
                0x0000000000000000        0x0 kernel/rbtree.o
 .note.GNU-stack
                0x0000000000000000        0x0 kernel/testmm.o
 .note.GNU-stack
                0x0000000000000000        0x0 kernel/keyboard.o
 .note.GNU-stack
                0x0000000000000000        0x0 kernel/tty.o
 .note.GNU-stack
                0x0000000000000000        0x0 kernel/console.o
 .note.GNU-stack
                0x0000000000000000        0x0 kernel/printf.o
 .note.GNU-stack
                0x0000000000000000        0x0 kernel/vsprintf.o
 .note.GNU-stack
                0x0000000000000000        0x0 lib/klib.o

Memory Configuration

Name             Origin             Length             Attributes
*default*        0x0000000000000000 0xffffffffffffffff

Linker script and memory map

Address of section .text set to 0x30400
LOAD kernel/kernel.o
LOAD kernel/syscall.o
LOAD kernel/start.o
LOAD kernel/main.o
LOAD kernel/clock.o
LOAD kernel/i8259.o
LOAD kernel/global.o
LOAD kernel/protect.o
LOAD kernel/proc.o
LOAD kernel/rbtree.o
LOAD kernel/mm.o
LOAD kernel/testmm.o
LOAD kernel/keyboard.o
LOAD kernel/tty.o
LOAD kernel/console.o
LOAD kernel/printf.o
LOAD kernel/vsprintf.o
LOAD lib/kliba.o
LOAD lib/klib.o
LOAD lib/string.o
                [!provide]                        PROVIDE (__executable_start, 0x8048000)
                0x0000000008048094                . = (0x8048000 + SIZEOF_HEADERS)

.interp
 *(.interp)

.note.gnu.build-id
 *(.note.gnu.build-id)

.hash
 *(.hash)

.gnu.hash
 *(.gnu.hash)

.dynsym
 *(.dynsym)

.dynstr
 *(.dynstr)

.gnu.version
 *(.gnu.version)

.gnu.version_d
 *(.gnu.version_d)

.gnu.version_r
 *(.gnu.version_r)

.rel.dyn        0x0000000008048094        0x0
 *(.rel.init)
 *(.rel.text .rel.text.* .rel.gnu.linkonce.t.*)
 .rel.text      0x0000000008048094        0x0 kernel/kernel.o
 *(.rel.fini)
 *(.rel.rodata .rel.rodata.* .rel.gnu.linkonce.r.*)
 *(.rel.data.rel.ro .rel.data.rel.ro.* .rel.gnu.linkonce.d.rel.ro.*)
 *(.rel.data .rel.data.* .rel.gnu.linkonce.d.*)
 .rel.data      0x0000000008048094        0x0 kernel/kernel.o
 *(.rel.tdata .rel.tdata.* .rel.gnu.linkonce.td.*)
 *(.rel.tbss .rel.tbss.* .rel.gnu.linkonce.tb.*)
 *(.rel.ctors)
 *(.rel.dtors)
 *(.rel.got)
 *(.rel.bss .rel.bss.* .rel.gnu.linkonce.b.*)
 *(.rel.ifunc)

.rel.plt        0x0000000008048094        0x0
 *(.rel.plt)
                [!provide]                        PROVIDE (__rel_iplt_start, .)
 *(.rel.iplt)
 .rel.iplt      0x0000000008048094        0x0 kernel/kernel.o
                [!provide]                        PROVIDE (__rel_iplt_end, .)

.init
 *(SORT(.init))

.plt            0x00000000080480a0        0x0
 *(.plt)
 *(.iplt)
 .iplt          0x00000000080480a0        0x0 kernel/kernel.o

.plt.got
 *(.plt.got)

.text           0x0000000000030400     0x3178
 *(.text.unlikely .text.*_unlikely .text.unlikely.*)
 *(.text.exit .text.exit.*)
 *(.text.startup .text.startup.*)
 *(.text.hot .text.hot.*)
 *(.text .stub .text.* .gnu.linkonce.t.*)
 .text          0x0000000000030400      0x30e kernel/kernel.o
                0x0000000000030400                _start
                0x0000000000030440                hwint00
                0x0000000000030470                hwint01
                0x00000000000304a0                hwint02
                0x00000000000304d0                hwint03
                0x0000000000030500                hwint04
                0x0000000000030530                hwint05
                0x0000000000030560                hwint06
                0x0000000000030590                hwint07
                0x00000000000305c0                hwint08
                0x00000000000305d0                hwint09
                0x00000000000305e0                hwint10
                0x00000000000305f0                hwint11
                0x0000000000030600                hwint12
                0x0000000000030610                hwint13
                0x0000000000030620                hwint14
                0x0000000000030630                hwint15
                0x000000000003063b                divide_error
                0x0000000000030641                single_step_exception
                0x0000000000030647                nmi
                0x000000000003064d                breakpoint_exception
                0x0000000000030653                overflow
                0x0000000000030659                bounds_check
                0x000000000003065f                inval_opcode
                0x0000000000030665                copr_not_available
                0x000000000003066b                double_fault
                0x000000000003066f                copr_seg_overrun
                0x0000000000030675                inval_tss
                0x0000000000030679                segment_not_present
                0x000000000003067d                stack_exception
                0x0000000000030681                general_protection
                0x0000000000030685                page_fault
                0x0000000000030689                copr_error
                0x00000000000306cc                sys_call
                0x00000000000306e9                restart
 *fill*         0x000000000003070e        0x2 
 .text          0x0000000000030710       0x18 kernel/syscall.o
                0x0000000000030710                get_ticks
                0x0000000000030718                write
 .text          0x0000000000030728       0x95 kernel/start.o
                0x0000000000030728                cstart
 .text          0x00000000000307bd      0x2b1 kernel/main.o
                0x00000000000307bd                kernel_main
                0x00000000000309ea                TestA
                0x0000000000030a16                TestB
                0x0000000000030a42                TestC
 .text          0x0000000000030a6e      0x17d kernel/clock.o
                0x0000000000030a6e                clock_handler
                0x0000000000030b59                milli_delay
                0x0000000000030b93                init_clock
 .text          0x0000000000030beb      0x130 kernel/i8259.o
                0x0000000000030beb                init_8259A
                0x0000000000030cc0                spurious_irq
                0x0000000000030cf7                put_irq_handler
 .text          0x0000000000030d1b        0x0 kernel/global.o
 .text          0x0000000000030d1b      0x603 kernel/protect.o
                0x0000000000030d1b                init_prot
                0x0000000000031127                seg2phys
                0x00000000000311e3                exception_handler
 .text          0x000000000003131e      0x353 kernel/proc.o
                0x000000000003131e                __sched_period
                0x000000000003133d                sched_slice
                0x0000000000031379                calc_delta_fair
                0x00000000000313a8                schedule
                0x0000000000031412                add_task
                0x00000000000315d6                rm_task
                0x0000000000031667                sys_get_ticks
 .text          0x0000000000031671      0x72f kernel/rbtree.o
                0x0000000000031671                tree_minimum
                0x0000000000031691                __pick_first_entity
                0x00000000000316c0                left_rotate
                0x0000000000031754                right_rotate
                0x00000000000317e8                rb_insert_fixup
                0x0000000000031968                rb_insert
                0x0000000000031a1d                rb_transplant
                0x0000000000031a77                rb_delete_fixup
                0x0000000000031c8b                rb_delete
 .text          0x0000000000031da0      0x22a kernel/mm.o
                0x0000000000031da0                VAToPA
                0x0000000000031e0c                alloc_pages
                0x0000000000031e9d                free_pages
                0x0000000000031f21                map
                0x0000000000031f5c                unmap
                0x0000000000031f95                get_bitmap
                0x0000000000031fb7                init_bitmap
 .text          0x0000000000031fca      0x255 kernel/testmm.o
                0x0000000000031fca                printint
                0x0000000000031ff1                test_mm
 .text          0x000000000003221f      0x685 kernel/keyboard.o
                0x000000000003221f                keyboard_handler
                0x000000000003227f                init_keyboard
                0x0000000000032324                keyboard_read
 .text          0x00000000000328a4      0x3ae kernel/tty.o
                0x00000000000328a4                task_tty
                0x0000000000032996                in_process
                0x0000000000032bdc                tty_write
                0x0000000000032c22                sys_write
 .text          0x0000000000032c52      0x565 kernel/console.o
                0x0000000000032c52                init_screen
                0x0000000000032d93                is_current_console
                0x0000000000032dae                out_char
                0x0000000000033116                select_console
                0x000000000003314c                scroll_screen
 .text          0x00000000000331b7       0x45 kernel/printf.o
                0x00000000000331b7                printf
 .text          0x00000000000331fc       0xe6 kernel/vsprintf.o
                0x00000000000331fc                vsprintf
 *fill*         0x00000000000332e2        0xe 
 .text          0x00000000000332f0       0xeb lib/kliba.o
                0x00000000000332f0                disp_str
                0x000000000003332e                disp_color_str
                0x000000000003336d                out_byte
                0x0000000000033379                in_byte
                0x0000000000033383                disable_irq
                0x00000000000333b8                enable_irq
                0x00000000000333d7                disable_int
                0x00000000000333d9                enable_int
 .text          0x00000000000333db      0x119 lib/klib.o
                0x00000000000333db                itoa
                0x0000000000033486                disp_int
                0x00000000000334ad                delay
 *fill*         0x00000000000334f4        0xc 
 .text          0x0000000000033500       0x78 lib/string.o
                0x0000000000033500                memcpy
                0x0000000000033529                memset
                0x000000000003354a                strcpy
                0x0000000000033562                strlen
 *(.gnu.warning)

.fini
 *(SORT(.fini))
                [!provide]                        PROVIDE (__etext, .)
                [!provide]                        PROVIDE (_etext, .)
                [!provide]                        PROVIDE (etext, .)

.rodata         0x0000000000033580      0x758
 *(.rodata .rodata.* .gnu.linkonce.r.*)
 .rodata        0x0000000000033580       0x47 kernel/start.o
 *fill*         0x00000000000335c7        0x1 
 .rodata        0x00000000000335c8       0x26 kernel/main.o
 .rodata        0x00000000000335ee       0x11 kernel/i8259.o
 *fill*         0x00000000000335ff        0x1 
 .rodata        0x0000000000033600       0xa0 kernel/global.o
                0x0000000000033600                sched_prio_to_weight
 .rodata        0x00000000000336a0      0x540 kernel/protect.o
 .rodata        0x0000000000033be0        0x4 kernel/testmm.o
 .rodata        0x0000000000033be4       0x64 kernel/keyboard.o
 .rodata        0x0000000000033c48       0x90 kernel/tty.o

.rodata1
 *(.rodata1)

.eh_frame_hdr
 *(.eh_frame_hdr)
 *(.eh_frame_entry .eh_frame_entry.*)

.eh_frame       0x0000000000033cd8      0x7dc
 *(.eh_frame)
 .eh_frame      0x0000000000033cd8       0x38 kernel/start.o
 .eh_frame      0x0000000000033d10       0x70 kernel/main.o
                                         0x88 (size before relaxing)
 .eh_frame      0x0000000000033d80       0x60 kernel/clock.o
                                         0x78 (size before relaxing)
 .eh_frame      0x0000000000033de0       0x60 kernel/i8259.o
                                         0x78 (size before relaxing)
 .eh_frame      0x0000000000033e40       0xb0 kernel/protect.o
                                         0xc8 (size before relaxing)
 .eh_frame      0x0000000000033ef0       0xe4 kernel/proc.o
                                         0xfc (size before relaxing)
 .eh_frame      0x0000000000033fd4      0x120 kernel/rbtree.o
                                        0x138 (size before relaxing)
 .eh_frame      0x00000000000340f4       0x44 kernel/testmm.o
                                         0x5c (size before relaxing)
 .eh_frame      0x0000000000034138       0xe0 kernel/keyboard.o
                                         0xf8 (size before relaxing)
 .eh_frame      0x0000000000034218       0xfc kernel/tty.o
                                        0x114 (size before relaxing)
 .eh_frame      0x0000000000034314      0x100 kernel/console.o
                                        0x118 (size before relaxing)
 .eh_frame      0x0000000000034414       0x20 kernel/printf.o
                                         0x38 (size before relaxing)
 .eh_frame      0x0000000000034434       0x20 kernel/vsprintf.o
                                         0x38 (size before relaxing)
 .eh_frame      0x0000000000034454       0x60 lib/klib.o
                                         0x78 (size before relaxing)
 *(.eh_frame.*)

.gcc_except_table
 *(.gcc_except_table .gcc_except_table.*)

.gnu_extab
 *(.gnu_extab*)

.exception_ranges
 *(.exception_ranges .exception_ranges*)
                0x00000000000354b4                . = DATA_SEGMENT_ALIGN (0x1000, 0x1000)

.eh_frame
 *(.eh_frame)
 *(.eh_frame.*)

.gnu_extab
 *(.gnu_extab)

.gcc_except_table
 *(.gcc_except_table .gcc_except_table.*)

.exception_ranges
 *(.exception_ranges .exception_ranges*)

.tdata
 *(.tdata .tdata.* .gnu.linkonce.td.*)

.tbss
 *(.tbss .tbss.* .gnu.linkonce.tb.*)
 *(.tcommon)

.preinit_array  0x00000000000354b4        0x0
                [!provide]                        PROVIDE (__preinit_array_start, .)
 *(.preinit_array)
                [!provide]                        PROVIDE (__preinit_array_end, .)

.init_array     0x00000000000354b4        0x0
                [!provide]                        PROVIDE (__init_array_start, .)
 *(SORT(.init_array.*) SORT(.ctors.*))
 *(.init_array EXCLUDE_FILE(*crtend?.o *crtend.o *crtbegin?.o *crtbegin.o) .ctors)
                [!provide]                        PROVIDE (__init_array_end, .)

.fini_array     0x00000000000354b4        0x0
                [!provide]                        PROVIDE (__fini_array_start, .)
 *(SORT(.fini_array.*) SORT(.dtors.*))
 *(.fini_array EXCLUDE_FILE(*crtend?.o *crtend.o *crtbegin?.o *crtbegin.o) .dtors)
                [!provide]                        PROVIDE (__fini_array_end, .)

.ctors
 *crtbegin.o(.ctors)
 *crtbegin?.o(.ctors)
 *(EXCLUDE_FILE(*crtend?.o *crtend.o) .ctors)
 *(SORT(.ctors.*))
 *(.ctors)

.dtors
 *crtbegin.o(.dtors)
 *crtbegin?.o(.dtors)
 *(EXCLUDE_FILE(*crtend?.o *crtend.o) .dtors)
 *(SORT(.dtors.*))
 *(.dtors)

.jcr
 *(.jcr)

.data.rel.ro
 *(.data.rel.ro.local* .gnu.linkonce.d.rel.ro.local.*)
 *(.data.rel.ro .data.rel.ro.* .gnu.linkonce.d.rel.ro.*)

.dynamic
 *(.dynamic)

.got
 *(.got)
 *(.igot)
                0x00000000000354b4                . = DATA_SEGMENT_RELRO_END (., (SIZEOF (.got.plt) >= 0xc)?0xc:0x0)

.got.plt        0x00000000000354b4        0x0
 *(.got.plt)
 *(.igot.plt)
 .igot.plt      0x00000000000354b4        0x0 kernel/kernel.o

.data           0x00000000000354c0      0x720
 *(.data .data.* .gnu.linkonce.d.*)
 .data          0x00000000000354c0        0x2 kernel/kernel.o
 .data          0x00000000000354c2        0x0 kernel/start.o
 .data          0x00000000000354c2        0x0 kernel/main.o
 .data          0x00000000000354c2        0x0 kernel/clock.o
 .data          0x00000000000354c2        0x0 kernel/i8259.o
 *fill*         0x00000000000354c2       0x1e 
 .data          0x00000000000354e0       0xd0 kernel/global.o
                0x00000000000354e0                task_table
                0x0000000000035520                user_proc_table
                0x0000000000035598                sys_call_table
                0x00000000000355a0                sysctl_sched_latency
                0x00000000000355a4                sysctl_sched_min_granularity
                0x00000000000355a8                sched_nr_latency
                0x00000000000355ac                nr_running
 .data          0x00000000000355b0        0x0 kernel/protect.o
 .data          0x00000000000355b0        0x0 kernel/proc.o
 .data          0x00000000000355b0       0x1c kernel/rbtree.o
                0x00000000000355b0                nil
                0x00000000000355c8                root
 .data          0x00000000000355cc        0x0 kernel/testmm.o
 *fill*         0x00000000000355cc       0x14 
 .data          0x00000000000355e0      0x600 kernel/keyboard.o
                0x00000000000355e0                keymap
 .data          0x0000000000035be0        0x0 kernel/tty.o
 .data          0x0000000000035be0        0x0 kernel/console.o
 .data          0x0000000000035be0        0x0 kernel/printf.o
 .data          0x0000000000035be0        0x0 kernel/vsprintf.o
 .data          0x0000000000035be0        0x0 lib/klib.o

.data1
 *(.data1)
                0x0000000000035be0                _edata = .
                [!provide]                        PROVIDE (edata, .)
                0x0000000000035be0                . = .
                0x0000000000035be0                __bss_start = .

.bss            0x0000000000035be0    0x229a0
 *(.dynbss)
 *(.bss .bss.* .gnu.linkonce.b.*)
 .bss           0x0000000000035be0      0x800 kernel/kernel.o
 .bss           0x00000000000363e0        0x0 kernel/start.o
 .bss           0x00000000000363e0        0x0 kernel/main.o
 .bss           0x00000000000363e0        0x0 kernel/clock.o
 .bss           0x00000000000363e0        0x0 kernel/i8259.o
 .bss           0x00000000000363e0        0x8 kernel/global.o
                0x00000000000363e0                sum_weight
                0x00000000000363e4                has_preempt
 .bss           0x00000000000363e8        0x0 kernel/protect.o
 .bss           0x00000000000363e8        0x0 kernel/proc.o
 .bss           0x00000000000363e8        0x0 kernel/rbtree.o
 .bss           0x00000000000363e8       0x80 kernel/mm.o
 .bss           0x0000000000036468        0x0 kernel/testmm.o
 *fill*         0x0000000000036468       0x18 
 .bss           0x0000000000036480       0x58 kernel/keyboard.o
 .bss           0x00000000000364d8        0x0 kernel/tty.o
 .bss           0x00000000000364d8        0x0 kernel/console.o
 .bss           0x00000000000364d8        0x0 kernel/printf.o
 .bss           0x00000000000364d8        0x0 kernel/vsprintf.o
 .bss           0x00000000000364d8        0x0 lib/klib.o
 *(COMMON)
 *fill*         0x00000000000364d8        0x8 
 COMMON         0x00000000000364e0    0x220a0 kernel/global.o
                0x00000000000364e0                idt_ptr
                0x0000000000036500                task_stack
                0x0000000000056500                k_reenter
                0x0000000000056520                gdt
                0x0000000000056920                tty_table
                0x0000000000057980                tss
                0x00000000000579e8                nr_current_console
                0x00000000000579ec                disp_pos
                0x00000000000579f0                gdt_ptr
                0x0000000000057a00                idt
                0x0000000000058200                se_table
                0x00000000000582c0                ticks
                0x00000000000582e0                console_table
                0x0000000000058320                irq_table
                0x0000000000058360                p_proc_ready
                0x0000000000058380                proc_table
                0x0000000000058580                . = ALIGN ((. != 0x0)?0x4:0x1)
                0x0000000000058580                . = ALIGN (0x4)
                0x0000000000058580                . = SEGMENT_START ("ldata-segment", .)
                0x0000000000058580                . = ALIGN (0x4)
                0x0000000000058580                _end = .
                [!provide]                        PROVIDE (end, .)
                0x0000000000058580                . = DATA_SEGMENT_END (.)

.stab
 *(.stab)

.stabstr
 *(.stabstr)

.stab.excl
 *(.stab.excl)

.stab.exclstr
 *(.stab.exclstr)

.stab.index
 *(.stab.index)

.stab.indexstr
 *(.stab.indexstr)

.comment        0x0000000000000000       0x35
 *(.comment)
 .comment       0x0000000000000000       0x35 kernel/start.o
                                         0x36 (size before relaxing)
 .comment       0x0000000000000035       0x36 kernel/main.o
 .comment       0x0000000000000035       0x36 kernel/clock.o
 .comment       0x0000000000000035       0x36 kernel/i8259.o
 .comment       0x0000000000000035       0x36 kernel/global.o
 .comment       0x0000000000000035       0x36 kernel/protect.o
 .comment       0x0000000000000035       0x36 kernel/proc.o
 .comment       0x0000000000000035       0x36 kernel/rbtree.o
 .comment       0x0000000000000035       0x36 kernel/testmm.o
 .comment       0x0000000000000035       0x36 kernel/keyboard.o
 .comment       0x0000000000000035       0x36 kernel/tty.o
 .comment       0x0000000000000035       0x36 kernel/console.o
 .comment       0x0000000000000035       0x36 kernel/printf.o
 .comment       0x0000000000000035       0x36 kernel/vsprintf.o
 .comment       0x0000000000000035       0x36 lib/klib.o

.debug
 *(.debug)

.line
 *(.line)

.debug_srcinfo
 *(.debug_srcinfo)

.debug_sfnames
 *(.debug_sfnames)

.debug_aranges
 *(.debug_aranges)

.debug_pubnames
 *(.debug_pubnames)

.debug_info
 *(.debug_info .gnu.linkonce.wi.*)

.debug_abbrev
 *(.debug_abbrev)

.debug_line
 *(.debug_line .debug_line.* .debug_line_end)

.debug_frame
 *(.debug_frame)

.debug_str
 *(.debug_str)

.debug_loc
 *(.debug_loc)

.debug_macinfo
 *(.debug_macinfo)

.debug_weaknames
 *(.debug_weaknames)

.debug_funcnames
 *(.debug_funcnames)

.debug_typenames
 *(.debug_typenames)

.debug_varnames
 *(.debug_varnames)

.debug_pubtypes
 *(.debug_pubtypes)

.debug_ranges
 *(.debug_ranges)

.debug_macro
 *(.debug_macro)

.gnu.attributes
 *(.gnu.attributes)

/DISCARD/
 *(.note.GNU-stack)
 *(.gnu_debuglink)
 *(.gnu.lto_*)
OUTPUT(kernel.bin elf32-i386)
