
Allocating common symbols
Common symbol       size              file

phy_frames          0x2000000         kernel/global.o
idt_ptr             0x6               kernel/global.o
p                   0x1000000         mm/buddy_system.o
task_stack          0x30000           kernel/global.o
k_reenter           0x4               kernel/global.o
gdt                 0x400             kernel/global.o
buddy_tree          0x100             mm/buddy_system.o
tty_table           0x1050            kernel/global.o
wait_table          0x18              kernel/global.o
tss                 0x68              kernel/global.o
nr_current_console  0x4               kernel/global.o
disp_pos            0x4               kernel/global.o
gdt_ptr             0x6               kernel/global.o
wait_cnt            0x4               kernel/global.o
idt                 0x800             kernel/global.o
se_table            0x120             kernel/global.o
PARTITION_ENTRY     0x10              kernel/global.o
ticks               0x4               kernel/global.o
stat                0x18              kernel/global.o
console_table       0x40              kernel/global.o
irq_table           0x40              kernel/global.o
p_proc_ready        0x4               kernel/global.o
p_cur_pagedir       0x4               kernel/global.o
proc_table          0x3c0             kernel/global.o

Discarded input sections

 .note.GNU-stack
                0x0000000000000000        0x0 kernel/start.o
 .note.GNU-stack
                0x0000000000000000        0x0 kernel/main.o
 .note.GNU-stack
                0x0000000000000000        0x0 kernel/clock.o
 .note.GNU-stack
                0x0000000000000000        0x0 kernel/i8259.o
 .note.GNU-stack
                0x0000000000000000        0x0 kernel/global.o
 .note.GNU-stack
                0x0000000000000000        0x0 kernel/protect.o
 .note.GNU-stack
                0x0000000000000000        0x0 kernel/proc.o
 .note.GNU-stack
                0x0000000000000000        0x0 kernel/rbtree.o
 .note.GNU-stack
                0x0000000000000000        0x0 kernel/keyboard.o
 .note.GNU-stack
                0x0000000000000000        0x0 kernel/tty.o
 .note.GNU-stack
                0x0000000000000000        0x0 kernel/console.o
 .note.GNU-stack
                0x0000000000000000        0x0 kernel/systask.o
 .note.GNU-stack
                0x0000000000000000        0x0 kernel/printf.o
 .note.GNU-stack
                0x0000000000000000        0x0 kernel/vsprintf.o
 .note.GNU-stack
                0x0000000000000000        0x0 mm/frame_allocator.o
 .note.GNU-stack
                0x0000000000000000        0x0 mm/page_table.o
 .note.GNU-stack
                0x0000000000000000        0x0 mm/buddy_system.o
 .note.GNU-stack
                0x0000000000000000        0x0 mm/heap_allocator.o
 .note.GNU-stack
                0x0000000000000000        0x0 drv/hd.o
 .note.GNU-stack
                0x0000000000000000        0x0 lib/klib.o
 .note.GNU-stack
                0x0000000000000000        0x0 lib/misc.o
 .note.GNU-stack
                0x0000000000000000        0x0 test/testmm.o

Memory Configuration

Name             Origin             Length             Attributes
*default*        0x0000000000000000 0xffffffffffffffff

Linker script and memory map

Address of section .text set to 0x100400
LOAD kernel/kernel.o
LOAD kernel/syscall.o
LOAD kernel/start.o
LOAD kernel/main.o
LOAD kernel/clock.o
LOAD kernel/i8259.o
LOAD kernel/global.o
LOAD kernel/protect.o
LOAD kernel/proc.o
LOAD kernel/rbtree.o
LOAD kernel/keyboard.o
LOAD kernel/tty.o
LOAD kernel/console.o
LOAD kernel/systask.o
LOAD kernel/printf.o
LOAD kernel/vsprintf.o
LOAD mm/frame_allocator.o
LOAD mm/page_table.o
LOAD mm/buddy_system.o
LOAD mm/heap_allocator.o
LOAD drv/hd.o
LOAD lib/kliba.o
LOAD lib/klib.o
LOAD lib/string.o
LOAD lib/misc.o
LOAD test/testmm.o
                [!provide]                        PROVIDE (__executable_start, 0x8048000)
                0x0000000008048094                . = (0x8048000 + SIZEOF_HEADERS)

.interp
 *(.interp)

.note.gnu.build-id
 *(.note.gnu.build-id)

.hash
 *(.hash)

.gnu.hash
 *(.gnu.hash)

.dynsym
 *(.dynsym)

.dynstr
 *(.dynstr)

.gnu.version
 *(.gnu.version)

.gnu.version_d
 *(.gnu.version_d)

.gnu.version_r
 *(.gnu.version_r)

.rel.dyn        0x0000000008048094        0x0
 *(.rel.init)
 *(.rel.text .rel.text.* .rel.gnu.linkonce.t.*)
 .rel.text      0x0000000008048094        0x0 kernel/kernel.o
 *(.rel.fini)
 *(.rel.rodata .rel.rodata.* .rel.gnu.linkonce.r.*)
 *(.rel.data.rel.ro .rel.data.rel.ro.* .rel.gnu.linkonce.d.rel.ro.*)
 *(.rel.data .rel.data.* .rel.gnu.linkonce.d.*)
 .rel.data      0x0000000008048094        0x0 kernel/kernel.o
 *(.rel.tdata .rel.tdata.* .rel.gnu.linkonce.td.*)
 *(.rel.tbss .rel.tbss.* .rel.gnu.linkonce.tb.*)
 *(.rel.ctors)
 *(.rel.dtors)
 *(.rel.got)
 *(.rel.bss .rel.bss.* .rel.gnu.linkonce.b.*)
 *(.rel.ifunc)

.rel.plt        0x0000000008048094        0x0
 *(.rel.plt)
                [!provide]                        PROVIDE (__rel_iplt_start, .)
 *(.rel.iplt)
 .rel.iplt      0x0000000008048094        0x0 kernel/kernel.o
                [!provide]                        PROVIDE (__rel_iplt_end, .)

.init
 *(SORT(.init))

.plt            0x00000000080480a0        0x0
 *(.plt)
 *(.iplt)
 .iplt          0x00000000080480a0        0x0 kernel/kernel.o

.plt.got
 *(.plt.got)

.text           0x0000000000100400     0x6eec
 *(.text.unlikely .text.*_unlikely .text.unlikely.*)
 *(.text.exit .text.exit.*)
 *(.text.startup .text.startup.*)
 *(.text.hot .text.hot.*)
 *(.text .stub .text.* .gnu.linkonce.t.*)
 .text          0x0000000000100400      0x424 kernel/kernel.o
                0x0000000000100400                _start
                0x0000000000100440                hwint00
                0x0000000000100470                hwint01
                0x00000000001004a0                hwint02
                0x00000000001004d0                hwint03
                0x0000000000100500                hwint04
                0x0000000000100530                hwint05
                0x0000000000100560                hwint06
                0x0000000000100590                hwint07
                0x00000000001005c0                hwint08
                0x00000000001005f0                hwint09
                0x0000000000100620                hwint10
                0x0000000000100650                hwint11
                0x0000000000100680                hwint12
                0x00000000001006b0                hwint13
                0x00000000001006e0                hwint14
                0x0000000000100710                hwint15
                0x0000000000100734                divide_error
                0x000000000010073a                single_step_exception
                0x0000000000100740                nmi
                0x0000000000100746                breakpoint_exception
                0x000000000010074c                overflow
                0x0000000000100752                bounds_check
                0x0000000000100758                inval_opcode
                0x000000000010075e                copr_not_available
                0x0000000000100764                double_fault
                0x0000000000100768                copr_seg_overrun
                0x000000000010076e                inval_tss
                0x0000000000100772                segment_not_present
                0x0000000000100776                stack_exception
                0x000000000010077a                general_protection
                0x000000000010077e                page_fault
                0x0000000000100782                copr_error
                0x00000000001007d3                sys_call
                0x00000000001007f3                restart
 *fill*         0x0000000000100824        0xc 
 .text          0x0000000000100830       0x28 kernel/syscall.o
                0x0000000000100830                sendrec
                0x000000000010084a                printx
 .text          0x0000000000100858      0x12f kernel/start.o
                0x0000000000100858                dealloc_all_userspace
                0x00000000001008d3                cstart
 .text          0x0000000000100987      0x4b6 kernel/main.o
                0x0000000000100987                kernel_main
                0x0000000000100c89                get_ticks
                0x0000000000100cbd                TestA
                0x0000000000100d41                TestB
                0x0000000000100dc8                TestC
                0x0000000000100df4                panic
 .text          0x0000000000100e3d      0x1a5 kernel/clock.o
                0x0000000000100e3d                clock_handler
                0x0000000000100f50                milli_delay
                0x0000000000100f8a                init_clock
 .text          0x0000000000100fe2      0x133 kernel/i8259.o
                0x0000000000100fe2                init_8259A
                0x00000000001010b7                spurious_irq
                0x00000000001010f1                put_irq_handler
 .text          0x0000000000101115        0x0 kernel/global.o
 .text          0x0000000000101115      0x616 kernel/protect.o
                0x0000000000101115                init_prot
                0x0000000000101534                seg2phys
                0x00000000001015f0                exception_handler
 .text          0x000000000010172b     0x1d94 kernel/proc.o
                0x000000000010172b                __sched_period
                0x000000000010174a                sched_slice
                0x0000000000101786                calc_delta_fair
                0x00000000001017b5                schedule
                0x0000000000101843                add_task
                0x0000000000101b28                rm_task
                0x0000000000101bb9                sys_sendrec
                0x0000000000101ce2                send_recv
                0x0000000000101d9f                ldt_seg_linear
                0x0000000000101de6                va2la
                0x0000000000101e4b                reset_msg
                0x0000000000102e76                inform_int
                0x0000000000103011                dump_proc
                0x00000000001033ae                dump_msg
 .text          0x00000000001034bf      0x768 kernel/rbtree.o
                0x00000000001034bf                tree_minimum
                0x00000000001034df                __pick_first_entity
                0x0000000000103511                left_rotate
                0x00000000001035a6                right_rotate
                0x000000000010363b                rb_insert_fixup
                0x00000000001037c8                rb_insert
                0x000000000010387d                rb_transplant
                0x00000000001038d7                rb_delete_fixup
                0x0000000000103b00                rb_delete
 .text          0x0000000000103c27      0x687 kernel/keyboard.o
                0x0000000000103c27                keyboard_handler
                0x0000000000103c87                init_keyboard
                0x0000000000103d2c                keyboard_read
 .text          0x00000000001042ae      0x516 kernel/tty.o
                0x00000000001042ae                task_tty
                0x0000000000104368                in_process
                0x00000000001045ce                tty_write
                0x0000000000104614                sys_printx
 .text          0x00000000001047c4      0x41d kernel/console.o
                0x00000000001047c4                init_screen
                0x00000000001048db                is_current_console
                0x00000000001048f6                out_char
                0x0000000000104b40                select_console
                0x0000000000104b76                scroll_screen
 .text          0x0000000000104be1       0x58 kernel/systask.o
                0x0000000000104be1                task_sys
 .text          0x0000000000104c39       0x50 kernel/printf.o
                0x0000000000104c39                printf
 .text          0x0000000000104c89      0x305 kernel/vsprintf.o
                0x0000000000104ce7                vsprintf
                0x0000000000104f68                sprintf
 .text          0x0000000000104f8e      0x1a2 mm/frame_allocator.o
                0x0000000000104f8e                init_frametracker
                0x0000000000105020                frame_alloc
                0x0000000000105084                frame_dealloc
                0x00000000001050ce                frame_find
 .text          0x0000000000105130      0x344 mm/page_table.o
                0x0000000000105130                new_page_table
                0x00000000001051be                get_final_entry
                0x0000000000105234                kget_final_entry
                0x0000000000105287                dbg_first_entry
                0x00000000001052bb                la2pa
                0x000000000010532b                map
                0x00000000001053af                kmap
                0x00000000001053f2                unmap
 .text          0x0000000000105474      0x8fd mm/buddy_system.o
                0x0000000000105474                log_2
                0x00000000001054b9                pow_2
                0x00000000001054da                buddy_list_insert
                0x0000000000105542                buddy_list_pop
                0x00000000001055e1                buddy_list_del
                0x00000000001056b2                print_table
                0x000000000010571e                buddy_init
                0x00000000001057ed                lowbit
                0x00000000001057fa                buddy_alloc
                0x0000000000105bb8                lneq
                0x0000000000105bf7                buddy_dealloc
 .text          0x0000000000105d71       0x40 mm/heap_allocator.o
                0x0000000000105d71                malloc
                0x0000000000105d96                free
 .text          0x0000000000105db1      0xe84 drv/hd.o
                0x0000000000105db1                task_hd
                0x0000000000106c0a                hd_handler
 *fill*         0x0000000000106c35        0xb 
 .text          0x0000000000106c40      0x19a lib/kliba.o
                0x0000000000106c40                disp_str
                0x0000000000106c7e                disp_color_str
                0x0000000000106cbd                out_byte
                0x0000000000106cc9                in_byte
                0x0000000000106cd3                port_read
                0x0000000000106ce6                port_write
                0x0000000000106cf9                disable_irq
                0x0000000000106d2e                enable_irq
                0x0000000000106d4d                disable_int
                0x0000000000106d4f                enable_int
                0x0000000000106d51                glitter
 .text          0x0000000000106dda      0x119 lib/klib.o
                0x0000000000106dda                itoa
                0x0000000000106e85                disp_int
                0x0000000000106eac                delay
 *fill*         0x0000000000106ef3        0xd 
 .text          0x0000000000106f00       0x78 lib/string.o
                0x0000000000106f00                memcpy
                0x0000000000106f29                memset
                0x0000000000106f4a                strcpy
                0x0000000000106f62                strlen
 .text          0x0000000000106f78      0x19c lib/misc.o
                0x0000000000106f78                memcmp
                0x0000000000106fee                strcmp
                0x0000000000107061                strcat
                0x00000000001070c0                spin
                0x00000000001070db                assertion_failure
 .text          0x0000000000107114      0x1d8 test/testmm.o
                0x0000000000107114                test_frame_pgtable
                0x0000000000107287                test_malloc_free
                0x00000000001072d9                testmm
 *(.gnu.warning)

.fini
 *(SORT(.fini))
                [!provide]                        PROVIDE (__etext, .)
                [!provide]                        PROVIDE (_etext, .)
                [!provide]                        PROVIDE (etext, .)

.rodata         0x0000000000107300     0x13bc
 *(.rodata .rodata.* .gnu.linkonce.r.*)
 .rodata        0x0000000000107300       0x91 kernel/start.o
 *fill*         0x0000000000107391        0x3 
 .rodata        0x0000000000107394       0xa1 kernel/main.o
 .rodata        0x0000000000107435       0x11 kernel/i8259.o
 *fill*         0x0000000000107446       0x1a 
 .rodata        0x0000000000107460       0xa0 kernel/global.o
                0x0000000000107460                sched_prio_to_weight
 .rodata        0x0000000000107500      0x540 kernel/protect.o
 .rodata        0x0000000000107a40      0x6de kernel/proc.o
 *fill*         0x000000000010811e        0x2 
 .rodata        0x0000000000108120       0x64 kernel/keyboard.o
 .rodata        0x0000000000108184       0x90 kernel/tty.o
 .rodata        0x0000000000108214       0x11 kernel/systask.o
 .rodata        0x0000000000108225       0x5f mm/frame_allocator.o
 .rodata        0x0000000000108284       0x63 mm/page_table.o
                0x0000000000108284                PTECNT
 .rodata        0x00000000001082e7       0xdf mm/buddy_system.o
 *fill*         0x00000000001083c6        0x2 
 .rodata        0x00000000001083c8      0x207 drv/hd.o
 *fill*         0x00000000001085cf        0x1 
 .rodata        0x00000000001085d0       0x61 lib/misc.o
 *fill*         0x0000000000108631        0x3 
 .rodata        0x0000000000108634       0x88 test/testmm.o

.rodata1
 *(.rodata1)

.eh_frame_hdr
 *(.eh_frame_hdr)
 *(.eh_frame_entry .eh_frame_entry.*)

.eh_frame       0x00000000001086bc     0x1010
 *(.eh_frame)
 .eh_frame      0x00000000001086bc       0x58 kernel/start.o
 .eh_frame      0x0000000000108714       0xb0 kernel/main.o
                                         0xc8 (size before relaxing)
 .eh_frame      0x00000000001087c4       0x60 kernel/clock.o
                                         0x78 (size before relaxing)
 .eh_frame      0x0000000000108824       0x60 kernel/i8259.o
                                         0x78 (size before relaxing)
 .eh_frame      0x0000000000108884       0xb0 kernel/protect.o
                                         0xc8 (size before relaxing)
 .eh_frame      0x0000000000108934      0x290 kernel/proc.o
                                        0x2a8 (size before relaxing)
 .eh_frame      0x0000000000108bc4      0x120 kernel/rbtree.o
                                        0x138 (size before relaxing)
 .eh_frame      0x0000000000108ce4       0xe0 kernel/keyboard.o
                                         0xf8 (size before relaxing)
 .eh_frame      0x0000000000108dc4       0xfc kernel/tty.o
                                        0x114 (size before relaxing)
 .eh_frame      0x0000000000108ec0      0x100 kernel/console.o
                                        0x118 (size before relaxing)
 .eh_frame      0x0000000000108fc0       0x1c kernel/systask.o
                                         0x34 (size before relaxing)
 .eh_frame      0x0000000000108fdc       0x20 kernel/printf.o
                                         0x38 (size before relaxing)
 .eh_frame      0x0000000000108ffc       0x60 kernel/vsprintf.o
                                         0x78 (size before relaxing)
 .eh_frame      0x000000000010905c       0x80 mm/frame_allocator.o
                                         0x98 (size before relaxing)
 .eh_frame      0x00000000001090dc      0x100 mm/page_table.o
                                        0x118 (size before relaxing)
 .eh_frame      0x00000000001091dc      0x164 mm/buddy_system.o
                                        0x17c (size before relaxing)
 .eh_frame      0x0000000000109340       0x40 mm/heap_allocator.o
                                         0x58 (size before relaxing)
 .eh_frame      0x0000000000109380      0x1f0 drv/hd.o
                                        0x208 (size before relaxing)
 .eh_frame      0x0000000000109570       0x60 lib/klib.o
                                         0x78 (size before relaxing)
 .eh_frame      0x00000000001095d0       0x9c lib/misc.o
                                         0xb4 (size before relaxing)
 .eh_frame      0x000000000010966c       0x60 test/testmm.o
                                         0x78 (size before relaxing)
 *(.eh_frame.*)

.gcc_except_table
 *(.gcc_except_table .gcc_except_table.*)

.gnu_extab
 *(.gnu_extab*)

.exception_ranges
 *(.exception_ranges .exception_ranges*)
                0x000000000010a000                . = DATA_SEGMENT_ALIGN (0x1000, 0x1000)

.eh_frame
 *(.eh_frame)
 *(.eh_frame.*)

.gnu_extab
 *(.gnu_extab)

.gcc_except_table
 *(.gcc_except_table .gcc_except_table.*)

.exception_ranges
 *(.exception_ranges .exception_ranges*)

.tdata
 *(.tdata .tdata.* .gnu.linkonce.td.*)

.tbss
 *(.tbss .tbss.* .gnu.linkonce.tb.*)
 *(.tcommon)

.preinit_array  0x000000000010a000        0x0
                [!provide]                        PROVIDE (__preinit_array_start, .)
 *(.preinit_array)
                [!provide]                        PROVIDE (__preinit_array_end, .)

.init_array     0x000000000010a000        0x0
                [!provide]                        PROVIDE (__init_array_start, .)
 *(SORT(.init_array.*) SORT(.ctors.*))
 *(.init_array EXCLUDE_FILE(*crtend?.o *crtend.o *crtbegin?.o *crtbegin.o) .ctors)
                [!provide]                        PROVIDE (__init_array_end, .)

.fini_array     0x000000000010a000        0x0
                [!provide]                        PROVIDE (__fini_array_start, .)
 *(SORT(.fini_array.*) SORT(.dtors.*))
 *(.fini_array EXCLUDE_FILE(*crtend?.o *crtend.o *crtbegin?.o *crtbegin.o) .dtors)
                [!provide]                        PROVIDE (__fini_array_end, .)

.ctors
 *crtbegin.o(.ctors)
 *crtbegin?.o(.ctors)
 *(EXCLUDE_FILE(*crtend?.o *crtend.o) .ctors)
 *(SORT(.ctors.*))
 *(.ctors)

.dtors
 *crtbegin.o(.dtors)
 *crtbegin?.o(.dtors)
 *(EXCLUDE_FILE(*crtend?.o *crtend.o) .dtors)
 *(SORT(.dtors.*))
 *(.dtors)

.jcr
 *(.jcr)

.data.rel.ro
 *(.data.rel.ro.local* .gnu.linkonce.d.rel.ro.local.*)
 *(.data.rel.ro .data.rel.ro.* .gnu.linkonce.d.rel.ro.*)

.dynamic
 *(.dynamic)

.got
 *(.got)
 *(.igot)
                0x000000000010a000                . = DATA_SEGMENT_RELRO_END (., (SIZEOF (.got.plt) >= 0xc)?0xc:0x0)

.got.plt        0x000000000010a000        0x0
 *(.got.plt)
 *(.igot.plt)
 .igot.plt      0x000000000010a000        0x0 kernel/kernel.o

.data           0x000000000010a000      0x780
 *(.data .data.* .gnu.linkonce.d.*)
 .data          0x000000000010a000        0x2 kernel/kernel.o
 .data          0x000000000010a002        0x0 kernel/start.o
 .data          0x000000000010a002        0x0 kernel/main.o
 .data          0x000000000010a002        0x0 kernel/clock.o
 .data          0x000000000010a002        0x0 kernel/i8259.o
 *fill*         0x000000000010a002       0x1e 
 .data          0x000000000010a020      0x148 kernel/global.o
                0x000000000010a020                task_table
                0x000000000010a0a0                user_proc_table
                0x000000000010a118                sys_call_table
                0x000000000010a124                sysctl_sched_latency
                0x000000000010a128                sysctl_sched_min_granularity
                0x000000000010a12c                sched_nr_latency
                0x000000000010a130                sched_tree
                0x000000000010a14c                frame_tree
 .data          0x000000000010a168        0x0 kernel/protect.o
 .data          0x000000000010a168        0x0 kernel/proc.o
 .data          0x000000000010a168        0x0 kernel/rbtree.o
 *fill*         0x000000000010a168       0x18 
 .data          0x000000000010a180      0x600 kernel/keyboard.o
                0x000000000010a180                keymap
 .data          0x000000000010a780        0x0 kernel/tty.o
 .data          0x000000000010a780        0x0 kernel/console.o
 .data          0x000000000010a780        0x0 kernel/systask.o
 .data          0x000000000010a780        0x0 kernel/printf.o
 .data          0x000000000010a780        0x0 kernel/vsprintf.o
 .data          0x000000000010a780        0x0 mm/frame_allocator.o
 .data          0x000000000010a780        0x0 mm/page_table.o
 .data          0x000000000010a780        0x0 mm/buddy_system.o
 .data          0x000000000010a780        0x0 mm/heap_allocator.o
 .data          0x000000000010a780        0x0 drv/hd.o
 .data          0x000000000010a780        0x0 lib/klib.o
 .data          0x000000000010a780        0x0 lib/misc.o
 .data          0x000000000010a780        0x0 test/testmm.o

.data1
 *(.data1)
                0x000000000010a780                _edata = .
                [!provide]                        PROVIDE (edata, .)
                0x000000000010a780                . = .
                0x000000000010a780                __bss_start = .

.bss            0x000000000010a780  0x30332e0
 *(.dynbss)
 *(.bss .bss.* .gnu.linkonce.b.*)
 .bss           0x000000000010a780      0x800 kernel/kernel.o
 .bss           0x000000000010af80        0x0 kernel/start.o
 .bss           0x000000000010af80        0x0 kernel/main.o
 .bss           0x000000000010af80        0x0 kernel/clock.o
 .bss           0x000000000010af80        0x0 kernel/i8259.o
 .bss           0x000000000010af80        0xc kernel/global.o
                0x000000000010af80                nr_running
                0x000000000010af84                sum_weight
                0x000000000010af88                has_preempt
 .bss           0x000000000010af8c        0x0 kernel/protect.o
 .bss           0x000000000010af8c        0x0 kernel/proc.o
 .bss           0x000000000010af8c        0x0 kernel/rbtree.o
 *fill*         0x000000000010af8c       0x14 
 .bss           0x000000000010afa0       0x58 kernel/keyboard.o
 .bss           0x000000000010aff8        0x0 kernel/tty.o
 .bss           0x000000000010aff8        0x0 kernel/console.o
 .bss           0x000000000010aff8        0x0 kernel/systask.o
 .bss           0x000000000010aff8        0x0 kernel/printf.o
 .bss           0x000000000010aff8        0x0 kernel/vsprintf.o
 .bss           0x000000000010aff8        0x0 mm/frame_allocator.o
 .bss           0x000000000010aff8        0x0 mm/page_table.o
 .bss           0x000000000010aff8        0x0 mm/buddy_system.o
 .bss           0x000000000010aff8        0x0 mm/heap_allocator.o
 *fill*         0x000000000010aff8        0x8 
 .bss           0x000000000010b000      0x64c drv/hd.o
 .bss           0x000000000010b64c        0x0 lib/klib.o
 .bss           0x000000000010b64c        0x0 lib/misc.o
 .bss           0x000000000010b64c        0x0 test/testmm.o
 *(COMMON)
 *fill*         0x000000000010b64c       0x14 
 COMMON         0x000000000010b660  0x2032300 kernel/global.o
                0x000000000010b660                phy_frames
                0x000000000210b660                idt_ptr
                0x000000000210b680                task_stack
                0x000000000213b680                k_reenter
                0x000000000213b6a0                gdt
                0x000000000213baa0                tty_table
                0x000000000213caf0                wait_table
                0x000000000213cb20                tss
                0x000000000213cb88                nr_current_console
                0x000000000213cb8c                disp_pos
                0x000000000213cb90                gdt_ptr
                0x000000000213cb98                wait_cnt
                0x000000000213cba0                idt
                0x000000000213d3a0                se_table
                0x000000000213d4c0                PARTITION_ENTRY
                0x000000000213d4d0                ticks
                0x000000000213d4d4                stat
                0x000000000213d500                console_table
                0x000000000213d540                irq_table
                0x000000000213d580                p_proc_ready
                0x000000000213d584                p_cur_pagedir
                0x000000000213d5a0                proc_table
 COMMON         0x000000000213d960  0x1000100 mm/buddy_system.o
                0x000000000213d960                p
                0x000000000313d960                buddy_tree
                0x000000000313da60                . = ALIGN ((. != 0x0)?0x4:0x1)
                0x000000000313da60                . = ALIGN (0x4)
                0x000000000313da60                . = SEGMENT_START ("ldata-segment", .)
                0x000000000313da60                . = ALIGN (0x4)
                0x000000000313da60                _end = .
                [!provide]                        PROVIDE (end, .)
                0x000000000313da60                . = DATA_SEGMENT_END (.)

.stab
 *(.stab)

.stabstr
 *(.stabstr)

.stab.excl
 *(.stab.excl)

.stab.exclstr
 *(.stab.exclstr)

.stab.index
 *(.stab.index)

.stab.indexstr
 *(.stab.indexstr)

.comment        0x0000000000000000       0x35
 *(.comment)
 .comment       0x0000000000000000       0x35 kernel/start.o
                                         0x36 (size before relaxing)
 .comment       0x0000000000000035       0x36 kernel/main.o
 .comment       0x0000000000000035       0x36 kernel/clock.o
 .comment       0x0000000000000035       0x36 kernel/i8259.o
 .comment       0x0000000000000035       0x36 kernel/global.o
 .comment       0x0000000000000035       0x36 kernel/protect.o
 .comment       0x0000000000000035       0x36 kernel/proc.o
 .comment       0x0000000000000035       0x36 kernel/rbtree.o
 .comment       0x0000000000000035       0x36 kernel/keyboard.o
 .comment       0x0000000000000035       0x36 kernel/tty.o
 .comment       0x0000000000000035       0x36 kernel/console.o
 .comment       0x0000000000000035       0x36 kernel/systask.o
 .comment       0x0000000000000035       0x36 kernel/printf.o
 .comment       0x0000000000000035       0x36 kernel/vsprintf.o
 .comment       0x0000000000000035       0x36 mm/frame_allocator.o
 .comment       0x0000000000000035       0x36 mm/page_table.o
 .comment       0x0000000000000035       0x36 mm/buddy_system.o
 .comment       0x0000000000000035       0x36 mm/heap_allocator.o
 .comment       0x0000000000000035       0x36 drv/hd.o
 .comment       0x0000000000000035       0x36 lib/klib.o
 .comment       0x0000000000000035       0x36 lib/misc.o
 .comment       0x0000000000000035       0x36 test/testmm.o

.debug
 *(.debug)

.line
 *(.line)

.debug_srcinfo
 *(.debug_srcinfo)

.debug_sfnames
 *(.debug_sfnames)

.debug_aranges
 *(.debug_aranges)

.debug_pubnames
 *(.debug_pubnames)

.debug_info
 *(.debug_info .gnu.linkonce.wi.*)

.debug_abbrev
 *(.debug_abbrev)

.debug_line
 *(.debug_line .debug_line.* .debug_line_end)

.debug_frame
 *(.debug_frame)

.debug_str
 *(.debug_str)

.debug_loc
 *(.debug_loc)

.debug_macinfo
 *(.debug_macinfo)

.debug_weaknames
 *(.debug_weaknames)

.debug_funcnames
 *(.debug_funcnames)

.debug_typenames
 *(.debug_typenames)

.debug_varnames
 *(.debug_varnames)

.debug_pubtypes
 *(.debug_pubtypes)

.debug_ranges
 *(.debug_ranges)

.debug_macro
 *(.debug_macro)

.gnu.attributes
 *(.gnu.attributes)

/DISCARD/
 *(.note.GNU-stack)
 *(.gnu_debuglink)
 *(.gnu.lto_*)
OUTPUT(kernel.bin elf32-i386)
