
Allocating common symbols
Common symbol       size              file

phy_frames          0x2000000         kernel/global.o
idt_ptr             0x6               kernel/global.o
p                   0x1000000         mm/buddy_system.o
task_stack          0x30000           kernel/global.o
k_reenter           0x4               kernel/global.o
gdt                 0x400             kernel/global.o
buddy_tree          0x100             mm/buddy_system.o
tty_table           0x1050            kernel/global.o
wait_table          0x18              kernel/global.o
tss                 0x68              kernel/global.o
nr_current_console  0x4               kernel/global.o
disp_pos            0x4               kernel/global.o
gdt_ptr             0x6               kernel/global.o
wait_cnt            0x4               kernel/global.o
idt                 0x800             kernel/global.o
se_table            0x120             kernel/global.o
PARTITION_ENTRY     0x10              kernel/global.o
ticks               0x4               kernel/global.o
stat                0x18              kernel/global.o
console_table       0x40              kernel/global.o
irq_table           0x40              kernel/global.o
p_proc_ready        0x4               kernel/global.o
p_cur_pagedir       0x4               kernel/global.o
proc_table          0x3c0             kernel/global.o

Discarded input sections

 .note.GNU-stack
                0x0000000000000000        0x0 kernel/start.o
 .note.GNU-stack
                0x0000000000000000        0x0 kernel/main.o
 .note.GNU-stack
                0x0000000000000000        0x0 kernel/clock.o
 .note.GNU-stack
                0x0000000000000000        0x0 kernel/i8259.o
 .note.GNU-stack
                0x0000000000000000        0x0 kernel/global.o
 .note.GNU-stack
                0x0000000000000000        0x0 kernel/protect.o
 .note.GNU-stack
                0x0000000000000000        0x0 kernel/proc.o
 .note.GNU-stack
                0x0000000000000000        0x0 kernel/rbtree.o
 .note.GNU-stack
                0x0000000000000000        0x0 kernel/keyboard.o
 .note.GNU-stack
                0x0000000000000000        0x0 kernel/tty.o
 .note.GNU-stack
                0x0000000000000000        0x0 kernel/console.o
 .note.GNU-stack
                0x0000000000000000        0x0 kernel/systask.o
 .note.GNU-stack
                0x0000000000000000        0x0 kernel/printf.o
 .note.GNU-stack
                0x0000000000000000        0x0 kernel/vsprintf.o
 .note.GNU-stack
                0x0000000000000000        0x0 mm/frame_allocator.o
 .note.GNU-stack
                0x0000000000000000        0x0 mm/page_table.o
 .note.GNU-stack
                0x0000000000000000        0x0 mm/buddy_system.o
 .note.GNU-stack
                0x0000000000000000        0x0 mm/heap_allocator.o
 .note.GNU-stack
                0x0000000000000000        0x0 drv/hd.o
 .note.GNU-stack
                0x0000000000000000        0x0 lib/klib.o
 .note.GNU-stack
                0x0000000000000000        0x0 lib/misc.o
 .note.GNU-stack
                0x0000000000000000        0x0 test/testmm.o

Memory Configuration

Name             Origin             Length             Attributes
*default*        0x0000000000000000 0xffffffffffffffff

Linker script and memory map

Address of section .text set to 0x100400
LOAD kernel/kernel.o
LOAD kernel/syscall.o
LOAD kernel/start.o
LOAD kernel/main.o
LOAD kernel/clock.o
LOAD kernel/i8259.o
LOAD kernel/global.o
LOAD kernel/protect.o
LOAD kernel/proc.o
LOAD kernel/rbtree.o
LOAD kernel/keyboard.o
LOAD kernel/tty.o
LOAD kernel/console.o
LOAD kernel/systask.o
LOAD kernel/printf.o
LOAD kernel/vsprintf.o
LOAD mm/frame_allocator.o
LOAD mm/page_table.o
LOAD mm/buddy_system.o
LOAD mm/heap_allocator.o
LOAD drv/hd.o
LOAD lib/kliba.o
LOAD lib/klib.o
LOAD lib/string.o
LOAD lib/misc.o
LOAD test/testmm.o
                [!provide]                        PROVIDE (__executable_start, 0x8048000)
                0x0000000008048094                . = (0x8048000 + SIZEOF_HEADERS)

.interp
 *(.interp)

.note.gnu.build-id
 *(.note.gnu.build-id)

.hash
 *(.hash)

.gnu.hash
 *(.gnu.hash)

.dynsym
 *(.dynsym)

.dynstr
 *(.dynstr)

.gnu.version
 *(.gnu.version)

.gnu.version_d
 *(.gnu.version_d)

.gnu.version_r
 *(.gnu.version_r)

.rel.dyn        0x0000000008048094        0x0
 *(.rel.init)
 *(.rel.text .rel.text.* .rel.gnu.linkonce.t.*)
 .rel.text      0x0000000008048094        0x0 kernel/kernel.o
 *(.rel.fini)
 *(.rel.rodata .rel.rodata.* .rel.gnu.linkonce.r.*)
 *(.rel.data.rel.ro .rel.data.rel.ro.* .rel.gnu.linkonce.d.rel.ro.*)
 *(.rel.data .rel.data.* .rel.gnu.linkonce.d.*)
 .rel.data      0x0000000008048094        0x0 kernel/kernel.o
 *(.rel.tdata .rel.tdata.* .rel.gnu.linkonce.td.*)
 *(.rel.tbss .rel.tbss.* .rel.gnu.linkonce.tb.*)
 *(.rel.ctors)
 *(.rel.dtors)
 *(.rel.got)
 *(.rel.bss .rel.bss.* .rel.gnu.linkonce.b.*)
 *(.rel.ifunc)

.rel.plt        0x0000000008048094        0x0
 *(.rel.plt)
                [!provide]                        PROVIDE (__rel_iplt_start, .)
 *(.rel.iplt)
 .rel.iplt      0x0000000008048094        0x0 kernel/kernel.o
                [!provide]                        PROVIDE (__rel_iplt_end, .)

.init
 *(SORT(.init))

.plt            0x00000000080480a0        0x0
 *(.plt)
 *(.iplt)
 .iplt          0x00000000080480a0        0x0 kernel/kernel.o

.plt.got
 *(.plt.got)

.text           0x0000000000100400     0x6e16
 *(.text.unlikely .text.*_unlikely .text.unlikely.*)
 *(.text.exit .text.exit.*)
 *(.text.startup .text.startup.*)
 *(.text.hot .text.hot.*)
 *(.text .stub .text.* .gnu.linkonce.t.*)
 .text          0x0000000000100400      0x424 kernel/kernel.o
                0x0000000000100400                _start
                0x0000000000100440                hwint00
                0x0000000000100470                hwint01
                0x00000000001004a0                hwint02
                0x00000000001004d0                hwint03
                0x0000000000100500                hwint04
                0x0000000000100530                hwint05
                0x0000000000100560                hwint06
                0x0000000000100590                hwint07
                0x00000000001005c0                hwint08
                0x00000000001005f0                hwint09
                0x0000000000100620                hwint10
                0x0000000000100650                hwint11
                0x0000000000100680                hwint12
                0x00000000001006b0                hwint13
                0x00000000001006e0                hwint14
                0x0000000000100710                hwint15
                0x0000000000100734                divide_error
                0x000000000010073a                single_step_exception
                0x0000000000100740                nmi
                0x0000000000100746                breakpoint_exception
                0x000000000010074c                overflow
                0x0000000000100752                bounds_check
                0x0000000000100758                inval_opcode
                0x000000000010075e                copr_not_available
                0x0000000000100764                double_fault
                0x0000000000100768                copr_seg_overrun
                0x000000000010076e                inval_tss
                0x0000000000100772                segment_not_present
                0x0000000000100776                stack_exception
                0x000000000010077a                general_protection
                0x000000000010077e                page_fault
                0x0000000000100782                copr_error
                0x00000000001007d3                sys_call
                0x00000000001007f3                restart
 *fill*         0x0000000000100824        0xc 
 .text          0x0000000000100830       0x28 kernel/syscall.o
                0x0000000000100830                sendrec
                0x000000000010084a                printx
 .text          0x0000000000100858      0x12f kernel/start.o
                0x0000000000100858                dealloc_all_userspace
                0x00000000001008d3                cstart
 .text          0x0000000000100987      0x3e5 kernel/main.o
                0x0000000000100987                kernel_main
                0x0000000000100c27                get_ticks
                0x0000000000100c5b                TestA
                0x0000000000100cc1                TestB
                0x0000000000100d14                TestC
                0x0000000000100d23                panic
 .text          0x0000000000100d6c      0x1a5 kernel/clock.o
                0x0000000000100d6c                clock_handler
                0x0000000000100e7f                milli_delay
                0x0000000000100eb9                init_clock
 .text          0x0000000000100f11      0x130 kernel/i8259.o
                0x0000000000100f11                init_8259A
                0x0000000000100fe6                spurious_irq
                0x000000000010101d                put_irq_handler
 .text          0x0000000000101041        0x0 kernel/global.o
 .text          0x0000000000101041      0x616 kernel/protect.o
                0x0000000000101041                init_prot
                0x0000000000101460                seg2phys
                0x000000000010151c                exception_handler
 .text          0x0000000000101657     0x1d94 kernel/proc.o
                0x0000000000101657                __sched_period
                0x0000000000101676                sched_slice
                0x00000000001016b2                calc_delta_fair
                0x00000000001016e1                schedule
                0x000000000010176f                add_task
                0x0000000000101a54                rm_task
                0x0000000000101ae5                sys_sendrec
                0x0000000000101c0e                send_recv
                0x0000000000101ccb                ldt_seg_linear
                0x0000000000101d12                va2la
                0x0000000000101d77                reset_msg
                0x0000000000102da2                inform_int
                0x0000000000102f3d                dump_proc
                0x00000000001032da                dump_msg
 .text          0x00000000001033eb      0x768 kernel/rbtree.o
                0x00000000001033eb                tree_minimum
                0x000000000010340b                __pick_first_entity
                0x000000000010343d                left_rotate
                0x00000000001034d2                right_rotate
                0x0000000000103567                rb_insert_fixup
                0x00000000001036f4                rb_insert
                0x00000000001037a9                rb_transplant
                0x0000000000103803                rb_delete_fixup
                0x0000000000103a2c                rb_delete
 .text          0x0000000000103b53      0x687 kernel/keyboard.o
                0x0000000000103b53                keyboard_handler
                0x0000000000103bb3                init_keyboard
                0x0000000000103c58                keyboard_read
 .text          0x00000000001041da      0x516 kernel/tty.o
                0x00000000001041da                task_tty
                0x0000000000104294                in_process
                0x00000000001044fa                tty_write
                0x0000000000104540                sys_printx
 .text          0x00000000001046f0      0x41d kernel/console.o
                0x00000000001046f0                init_screen
                0x0000000000104807                is_current_console
                0x0000000000104822                out_char
                0x0000000000104a6c                select_console
                0x0000000000104aa2                scroll_screen
 .text          0x0000000000104b0d       0x58 kernel/systask.o
                0x0000000000104b0d                task_sys
 .text          0x0000000000104b65       0x50 kernel/printf.o
                0x0000000000104b65                printf
 .text          0x0000000000104bb5      0x305 kernel/vsprintf.o
                0x0000000000104c13                vsprintf
                0x0000000000104e94                sprintf
 .text          0x0000000000104eba      0x179 mm/frame_allocator.o
                0x0000000000104eba                init_frametracker
                0x0000000000104f4c                frame_alloc
                0x0000000000104fa9                frame_dealloc
                0x0000000000104ff3                frame_find
 .text          0x0000000000105033      0x310 mm/page_table.o
                0x0000000000105033                new_page_table
                0x00000000001050c1                get_final_entry
                0x0000000000105137                kget_final_entry
                0x000000000010518a                la2pa
                0x00000000001051fa                map
                0x000000000010527e                kmap
                0x00000000001052c1                unmap
 .text          0x0000000000105343      0x8fd mm/buddy_system.o
                0x0000000000105343                log_2
                0x0000000000105388                pow_2
                0x00000000001053a9                buddy_list_insert
                0x0000000000105411                buddy_list_pop
                0x00000000001054b0                buddy_list_del
                0x0000000000105581                print_table
                0x00000000001055ed                buddy_init
                0x00000000001056bc                lowbit
                0x00000000001056c9                buddy_alloc
                0x0000000000105a87                lneq
                0x0000000000105ac6                buddy_dealloc
 .text          0x0000000000105c40       0x40 mm/heap_allocator.o
                0x0000000000105c40                malloc
                0x0000000000105c65                free
 .text          0x0000000000105c80      0xe84 drv/hd.o
                0x0000000000105c80                task_hd
                0x0000000000106ad9                hd_handler
 *fill*         0x0000000000106b04        0xc 
 .text          0x0000000000106b10      0x19a lib/kliba.o
                0x0000000000106b10                disp_str
                0x0000000000106b4e                disp_color_str
                0x0000000000106b8d                out_byte
                0x0000000000106b99                in_byte
                0x0000000000106ba3                port_read
                0x0000000000106bb6                port_write
                0x0000000000106bc9                disable_irq
                0x0000000000106bfe                enable_irq
                0x0000000000106c1d                disable_int
                0x0000000000106c1f                enable_int
                0x0000000000106c21                glitter
 .text          0x0000000000106caa      0x119 lib/klib.o
                0x0000000000106caa                itoa
                0x0000000000106d55                disp_int
                0x0000000000106d7c                delay
 *fill*         0x0000000000106dc3        0xd 
 .text          0x0000000000106dd0       0x78 lib/string.o
                0x0000000000106dd0                memcpy
                0x0000000000106df9                memset
                0x0000000000106e1a                strcpy
                0x0000000000106e32                strlen
 .text          0x0000000000106e48      0x19c lib/misc.o
                0x0000000000106e48                memcmp
                0x0000000000106ebe                strcmp
                0x0000000000106f31                strcat
                0x0000000000106f90                spin
                0x0000000000106fab                assertion_failure
 .text          0x0000000000106fe4      0x232 test/testmm.o
                0x0000000000106fe4                test_frame_pgtable
                0x00000000001071b1                test_malloc_free
                0x0000000000107203                testmm
 *(.gnu.warning)

.fini
 *(SORT(.fini))
                [!provide]                        PROVIDE (__etext, .)
                [!provide]                        PROVIDE (_etext, .)
                [!provide]                        PROVIDE (etext, .)

.rodata         0x0000000000107220     0x1398
 *(.rodata .rodata.* .gnu.linkonce.r.*)
 .rodata        0x0000000000107220       0x91 kernel/start.o
 *fill*         0x00000000001072b1        0x3 
 .rodata        0x00000000001072b4       0x8e kernel/main.o
 .rodata        0x0000000000107342       0x11 kernel/i8259.o
 *fill*         0x0000000000107353        0xd 
 .rodata        0x0000000000107360       0xa0 kernel/global.o
                0x0000000000107360                sched_prio_to_weight
 .rodata        0x0000000000107400      0x540 kernel/protect.o
 .rodata        0x0000000000107940      0x6de kernel/proc.o
 *fill*         0x000000000010801e        0x2 
 .rodata        0x0000000000108020       0x64 kernel/keyboard.o
 .rodata        0x0000000000108084       0x90 kernel/tty.o
 .rodata        0x0000000000108114       0x11 kernel/systask.o
 .rodata        0x0000000000108125       0x58 mm/frame_allocator.o
 *fill*         0x000000000010817d        0x3 
 .rodata        0x0000000000108180       0x63 mm/page_table.o
                0x0000000000108180                PTECNT
 .rodata        0x00000000001081e3       0xdf mm/buddy_system.o
 *fill*         0x00000000001082c2        0x2 
 .rodata        0x00000000001082c4      0x207 drv/hd.o
 *fill*         0x00000000001084cb        0x1 
 .rodata        0x00000000001084cc       0x61 lib/misc.o
 *fill*         0x000000000010852d        0x3 
 .rodata        0x0000000000108530       0x88 test/testmm.o

.rodata1
 *(.rodata1)

.eh_frame_hdr
 *(.eh_frame_hdr)
 *(.eh_frame_entry .eh_frame_entry.*)

.eh_frame       0x00000000001085b8      0xff0
 *(.eh_frame)
 .eh_frame      0x00000000001085b8       0x58 kernel/start.o
 .eh_frame      0x0000000000108610       0xb0 kernel/main.o
                                         0xc8 (size before relaxing)
 .eh_frame      0x00000000001086c0       0x60 kernel/clock.o
                                         0x78 (size before relaxing)
 .eh_frame      0x0000000000108720       0x60 kernel/i8259.o
                                         0x78 (size before relaxing)
 .eh_frame      0x0000000000108780       0xb0 kernel/protect.o
                                         0xc8 (size before relaxing)
 .eh_frame      0x0000000000108830      0x290 kernel/proc.o
                                        0x2a8 (size before relaxing)
 .eh_frame      0x0000000000108ac0      0x120 kernel/rbtree.o
                                        0x138 (size before relaxing)
 .eh_frame      0x0000000000108be0       0xe0 kernel/keyboard.o
                                         0xf8 (size before relaxing)
 .eh_frame      0x0000000000108cc0       0xfc kernel/tty.o
                                        0x114 (size before relaxing)
 .eh_frame      0x0000000000108dbc      0x100 kernel/console.o
                                        0x118 (size before relaxing)
 .eh_frame      0x0000000000108ebc       0x1c kernel/systask.o
                                         0x34 (size before relaxing)
 .eh_frame      0x0000000000108ed8       0x20 kernel/printf.o
                                         0x38 (size before relaxing)
 .eh_frame      0x0000000000108ef8       0x60 kernel/vsprintf.o
                                         0x78 (size before relaxing)
 .eh_frame      0x0000000000108f58       0x80 mm/frame_allocator.o
                                         0x98 (size before relaxing)
 .eh_frame      0x0000000000108fd8       0xe0 mm/page_table.o
                                         0xf8 (size before relaxing)
 .eh_frame      0x00000000001090b8      0x164 mm/buddy_system.o
                                        0x17c (size before relaxing)
 .eh_frame      0x000000000010921c       0x40 mm/heap_allocator.o
                                         0x58 (size before relaxing)
 .eh_frame      0x000000000010925c      0x1f0 drv/hd.o
                                        0x208 (size before relaxing)
 .eh_frame      0x000000000010944c       0x60 lib/klib.o
                                         0x78 (size before relaxing)
 .eh_frame      0x00000000001094ac       0x9c lib/misc.o
                                         0xb4 (size before relaxing)
 .eh_frame      0x0000000000109548       0x60 test/testmm.o
                                         0x78 (size before relaxing)
 *(.eh_frame.*)

.gcc_except_table
 *(.gcc_except_table .gcc_except_table.*)

.gnu_extab
 *(.gnu_extab*)

.exception_ranges
 *(.exception_ranges .exception_ranges*)
                0x000000000010a000                . = DATA_SEGMENT_ALIGN (0x1000, 0x1000)

.eh_frame
 *(.eh_frame)
 *(.eh_frame.*)

.gnu_extab
 *(.gnu_extab)

.gcc_except_table
 *(.gcc_except_table .gcc_except_table.*)

.exception_ranges
 *(.exception_ranges .exception_ranges*)

.tdata
 *(.tdata .tdata.* .gnu.linkonce.td.*)

.tbss
 *(.tbss .tbss.* .gnu.linkonce.tb.*)
 *(.tcommon)

.preinit_array  0x000000000010a000        0x0
                [!provide]                        PROVIDE (__preinit_array_start, .)
 *(.preinit_array)
                [!provide]                        PROVIDE (__preinit_array_end, .)

.init_array     0x000000000010a000        0x0
                [!provide]                        PROVIDE (__init_array_start, .)
 *(SORT(.init_array.*) SORT(.ctors.*))
 *(.init_array EXCLUDE_FILE(*crtend?.o *crtend.o *crtbegin?.o *crtbegin.o) .ctors)
                [!provide]                        PROVIDE (__init_array_end, .)

.fini_array     0x000000000010a000        0x0
                [!provide]                        PROVIDE (__fini_array_start, .)
 *(SORT(.fini_array.*) SORT(.dtors.*))
 *(.fini_array EXCLUDE_FILE(*crtend?.o *crtend.o *crtbegin?.o *crtbegin.o) .dtors)
                [!provide]                        PROVIDE (__fini_array_end, .)

.ctors
 *crtbegin.o(.ctors)
 *crtbegin?.o(.ctors)
 *(EXCLUDE_FILE(*crtend?.o *crtend.o) .ctors)
 *(SORT(.ctors.*))
 *(.ctors)

.dtors
 *crtbegin.o(.dtors)
 *crtbegin?.o(.dtors)
 *(EXCLUDE_FILE(*crtend?.o *crtend.o) .dtors)
 *(SORT(.dtors.*))
 *(.dtors)

.jcr
 *(.jcr)

.data.rel.ro
 *(.data.rel.ro.local* .gnu.linkonce.d.rel.ro.local.*)
 *(.data.rel.ro .data.rel.ro.* .gnu.linkonce.d.rel.ro.*)

.dynamic
 *(.dynamic)

.got
 *(.got)
 *(.igot)
                0x000000000010a000                . = DATA_SEGMENT_RELRO_END (., (SIZEOF (.got.plt) >= 0xc)?0xc:0x0)

.got.plt        0x000000000010a000        0x0
 *(.got.plt)
 *(.igot.plt)
 .igot.plt      0x000000000010a000        0x0 kernel/kernel.o

.data           0x000000000010a000      0x780
 *(.data .data.* .gnu.linkonce.d.*)
 .data          0x000000000010a000        0x2 kernel/kernel.o
 .data          0x000000000010a002        0x0 kernel/start.o
 .data          0x000000000010a002        0x0 kernel/main.o
 .data          0x000000000010a002        0x0 kernel/clock.o
 .data          0x000000000010a002        0x0 kernel/i8259.o
 *fill*         0x000000000010a002       0x1e 
 .data          0x000000000010a020      0x148 kernel/global.o
                0x000000000010a020                task_table
                0x000000000010a0a0                user_proc_table
                0x000000000010a118                sys_call_table
                0x000000000010a124                sysctl_sched_latency
                0x000000000010a128                sysctl_sched_min_granularity
                0x000000000010a12c                sched_nr_latency
                0x000000000010a130                sched_tree
                0x000000000010a14c                frame_tree
 .data          0x000000000010a168        0x0 kernel/protect.o
 .data          0x000000000010a168        0x0 kernel/proc.o
 .data          0x000000000010a168        0x0 kernel/rbtree.o
 *fill*         0x000000000010a168       0x18 
 .data          0x000000000010a180      0x600 kernel/keyboard.o
                0x000000000010a180                keymap
 .data          0x000000000010a780        0x0 kernel/tty.o
 .data          0x000000000010a780        0x0 kernel/console.o
 .data          0x000000000010a780        0x0 kernel/systask.o
 .data          0x000000000010a780        0x0 kernel/printf.o
 .data          0x000000000010a780        0x0 kernel/vsprintf.o
 .data          0x000000000010a780        0x0 mm/frame_allocator.o
 .data          0x000000000010a780        0x0 mm/page_table.o
 .data          0x000000000010a780        0x0 mm/buddy_system.o
 .data          0x000000000010a780        0x0 mm/heap_allocator.o
 .data          0x000000000010a780        0x0 drv/hd.o
 .data          0x000000000010a780        0x0 lib/klib.o
 .data          0x000000000010a780        0x0 lib/misc.o
 .data          0x000000000010a780        0x0 test/testmm.o

.data1
 *(.data1)
                0x000000000010a780                _edata = .
                [!provide]                        PROVIDE (edata, .)
                0x000000000010a780                . = .
                0x000000000010a780                __bss_start = .

.bss            0x000000000010a780  0x30332e0
 *(.dynbss)
 *(.bss .bss.* .gnu.linkonce.b.*)
 .bss           0x000000000010a780      0x800 kernel/kernel.o
 .bss           0x000000000010af80        0x0 kernel/start.o
 .bss           0x000000000010af80        0x0 kernel/main.o
 .bss           0x000000000010af80        0x0 kernel/clock.o
 .bss           0x000000000010af80        0x0 kernel/i8259.o
 .bss           0x000000000010af80        0xc kernel/global.o
                0x000000000010af80                nr_running
                0x000000000010af84                sum_weight
                0x000000000010af88                has_preempt
 .bss           0x000000000010af8c        0x0 kernel/protect.o
 .bss           0x000000000010af8c        0x0 kernel/proc.o
 .bss           0x000000000010af8c        0x0 kernel/rbtree.o
 *fill*         0x000000000010af8c       0x14 
 .bss           0x000000000010afa0       0x58 kernel/keyboard.o
 .bss           0x000000000010aff8        0x0 kernel/tty.o
 .bss           0x000000000010aff8        0x0 kernel/console.o
 .bss           0x000000000010aff8        0x0 kernel/systask.o
 .bss           0x000000000010aff8        0x0 kernel/printf.o
 .bss           0x000000000010aff8        0x0 kernel/vsprintf.o
 .bss           0x000000000010aff8        0x0 mm/frame_allocator.o
 .bss           0x000000000010aff8        0x0 mm/page_table.o
 .bss           0x000000000010aff8        0x0 mm/buddy_system.o
 .bss           0x000000000010aff8        0x0 mm/heap_allocator.o
 *fill*         0x000000000010aff8        0x8 
 .bss           0x000000000010b000      0x64c drv/hd.o
 .bss           0x000000000010b64c        0x0 lib/klib.o
 .bss           0x000000000010b64c        0x0 lib/misc.o
 .bss           0x000000000010b64c        0x0 test/testmm.o
 *(COMMON)
 *fill*         0x000000000010b64c       0x14 
 COMMON         0x000000000010b660  0x2032300 kernel/global.o
                0x000000000010b660                phy_frames
                0x000000000210b660                idt_ptr
                0x000000000210b680                task_stack
                0x000000000213b680                k_reenter
                0x000000000213b6a0                gdt
                0x000000000213baa0                tty_table
                0x000000000213caf0                wait_table
                0x000000000213cb20                tss
                0x000000000213cb88                nr_current_console
                0x000000000213cb8c                disp_pos
                0x000000000213cb90                gdt_ptr
                0x000000000213cb98                wait_cnt
                0x000000000213cba0                idt
                0x000000000213d3a0                se_table
                0x000000000213d4c0                PARTITION_ENTRY
                0x000000000213d4d0                ticks
                0x000000000213d4d4                stat
                0x000000000213d500                console_table
                0x000000000213d540                irq_table
                0x000000000213d580                p_proc_ready
                0x000000000213d584                p_cur_pagedir
                0x000000000213d5a0                proc_table
 COMMON         0x000000000213d960  0x1000100 mm/buddy_system.o
                0x000000000213d960                p
                0x000000000313d960                buddy_tree
                0x000000000313da60                . = ALIGN ((. != 0x0)?0x4:0x1)
                0x000000000313da60                . = ALIGN (0x4)
                0x000000000313da60                . = SEGMENT_START ("ldata-segment", .)
                0x000000000313da60                . = ALIGN (0x4)
                0x000000000313da60                _end = .
                [!provide]                        PROVIDE (end, .)
                0x000000000313da60                . = DATA_SEGMENT_END (.)

.stab
 *(.stab)

.stabstr
 *(.stabstr)

.stab.excl
 *(.stab.excl)

.stab.exclstr
 *(.stab.exclstr)

.stab.index
 *(.stab.index)

.stab.indexstr
 *(.stab.indexstr)

.comment        0x0000000000000000       0x35
 *(.comment)
 .comment       0x0000000000000000       0x35 kernel/start.o
                                         0x36 (size before relaxing)
 .comment       0x0000000000000035       0x36 kernel/main.o
 .comment       0x0000000000000035       0x36 kernel/clock.o
 .comment       0x0000000000000035       0x36 kernel/i8259.o
 .comment       0x0000000000000035       0x36 kernel/global.o
 .comment       0x0000000000000035       0x36 kernel/protect.o
 .comment       0x0000000000000035       0x36 kernel/proc.o
 .comment       0x0000000000000035       0x36 kernel/rbtree.o
 .comment       0x0000000000000035       0x36 kernel/keyboard.o
 .comment       0x0000000000000035       0x36 kernel/tty.o
 .comment       0x0000000000000035       0x36 kernel/console.o
 .comment       0x0000000000000035       0x36 kernel/systask.o
 .comment       0x0000000000000035       0x36 kernel/printf.o
 .comment       0x0000000000000035       0x36 kernel/vsprintf.o
 .comment       0x0000000000000035       0x36 mm/frame_allocator.o
 .comment       0x0000000000000035       0x36 mm/page_table.o
 .comment       0x0000000000000035       0x36 mm/buddy_system.o
 .comment       0x0000000000000035       0x36 mm/heap_allocator.o
 .comment       0x0000000000000035       0x36 drv/hd.o
 .comment       0x0000000000000035       0x36 lib/klib.o
 .comment       0x0000000000000035       0x36 lib/misc.o
 .comment       0x0000000000000035       0x36 test/testmm.o

.debug
 *(.debug)

.line
 *(.line)

.debug_srcinfo
 *(.debug_srcinfo)

.debug_sfnames
 *(.debug_sfnames)

.debug_aranges
 *(.debug_aranges)

.debug_pubnames
 *(.debug_pubnames)

.debug_info
 *(.debug_info .gnu.linkonce.wi.*)

.debug_abbrev
 *(.debug_abbrev)

.debug_line
 *(.debug_line .debug_line.* .debug_line_end)

.debug_frame
 *(.debug_frame)

.debug_str
 *(.debug_str)

.debug_loc
 *(.debug_loc)

.debug_macinfo
 *(.debug_macinfo)

.debug_weaknames
 *(.debug_weaknames)

.debug_funcnames
 *(.debug_funcnames)

.debug_typenames
 *(.debug_typenames)

.debug_varnames
 *(.debug_varnames)

.debug_pubtypes
 *(.debug_pubtypes)

.debug_ranges
 *(.debug_ranges)

.debug_macro
 *(.debug_macro)

.gnu.attributes
 *(.gnu.attributes)

/DISCARD/
 *(.note.GNU-stack)
 *(.gnu_debuglink)
 *(.gnu.lto_*)
OUTPUT(kernel.bin elf32-i386)
