
Allocating common symbols
Common symbol       size              file

phy_frames          0x800000          kernel/global.o
idt_ptr             0x6               kernel/global.o
p                   0x1000000         mm/buddy_system.o
task_stack          0x30000           kernel/global.o
k_reenter           0x4               kernel/global.o
gdt                 0x400             kernel/global.o
buddy_tree          0x100             mm/buddy_system.o
tty_table           0x1050            kernel/global.o
wait_table          0x18              kernel/global.o
tss                 0x68              kernel/global.o
nr_current_console  0x4               kernel/global.o
disp_pos            0x4               kernel/global.o
gdt_ptr             0x6               kernel/global.o
wait_cnt            0x4               kernel/global.o
idt                 0x800             kernel/global.o
se_table            0x120             kernel/global.o
PARTITION_ENTRY     0x10              kernel/global.o
ticks               0x4               kernel/global.o
stat                0x18              kernel/global.o
console_table       0x40              kernel/global.o
irq_table           0x40              kernel/global.o
p_proc_ready        0x4               kernel/global.o
proc_table          0x3c0             kernel/global.o

Discarded input sections

 .note.GNU-stack
                0x0000000000000000        0x0 kernel/start.o
 .note.GNU-stack
                0x0000000000000000        0x0 kernel/main.o
 .note.GNU-stack
                0x0000000000000000        0x0 kernel/clock.o
 .note.GNU-stack
                0x0000000000000000        0x0 kernel/i8259.o
 .note.GNU-stack
                0x0000000000000000        0x0 kernel/global.o
 .note.GNU-stack
                0x0000000000000000        0x0 kernel/protect.o
 .note.GNU-stack
                0x0000000000000000        0x0 kernel/proc.o
 .note.GNU-stack
                0x0000000000000000        0x0 kernel/rbtree.o
 .note.GNU-stack
                0x0000000000000000        0x0 kernel/keyboard.o
 .note.GNU-stack
                0x0000000000000000        0x0 kernel/tty.o
 .note.GNU-stack
                0x0000000000000000        0x0 kernel/console.o
 .note.GNU-stack
                0x0000000000000000        0x0 kernel/systask.o
 .note.GNU-stack
                0x0000000000000000        0x0 kernel/printf.o
 .note.GNU-stack
                0x0000000000000000        0x0 kernel/vsprintf.o
 .note.GNU-stack
                0x0000000000000000        0x0 mm/frame_allocator.o
 .note.GNU-stack
                0x0000000000000000        0x0 mm/page_table.o
 .note.GNU-stack
                0x0000000000000000        0x0 mm/buddy_system.o
 .note.GNU-stack
                0x0000000000000000        0x0 mm/heap_allocator.o
 .note.GNU-stack
                0x0000000000000000        0x0 drv/hd.o
 .note.GNU-stack
                0x0000000000000000        0x0 lib/klib.o
 .note.GNU-stack
                0x0000000000000000        0x0 lib/misc.o
 .note.GNU-stack
                0x0000000000000000        0x0 test/testmm.o

Memory Configuration

Name             Origin             Length             Attributes
*default*        0x0000000000000000 0xffffffffffffffff

Linker script and memory map

Address of section .text set to 0x100400
LOAD kernel/kernel.o
LOAD kernel/syscall.o
LOAD kernel/start.o
LOAD kernel/main.o
LOAD kernel/clock.o
LOAD kernel/i8259.o
LOAD kernel/global.o
LOAD kernel/protect.o
LOAD kernel/proc.o
LOAD kernel/rbtree.o
LOAD kernel/keyboard.o
LOAD kernel/tty.o
LOAD kernel/console.o
LOAD kernel/systask.o
LOAD kernel/printf.o
LOAD kernel/vsprintf.o
LOAD mm/frame_allocator.o
LOAD mm/page_table.o
LOAD mm/buddy_system.o
LOAD mm/heap_allocator.o
LOAD drv/hd.o
LOAD lib/kliba.o
LOAD lib/klib.o
LOAD lib/string.o
LOAD lib/misc.o
LOAD test/testmm.o
                [!provide]                        PROVIDE (__executable_start, 0x8048000)
                0x0000000008048094                . = (0x8048000 + SIZEOF_HEADERS)

.interp
 *(.interp)

.note.gnu.build-id
 *(.note.gnu.build-id)

.hash
 *(.hash)

.gnu.hash
 *(.gnu.hash)

.dynsym
 *(.dynsym)

.dynstr
 *(.dynstr)

.gnu.version
 *(.gnu.version)

.gnu.version_d
 *(.gnu.version_d)

.gnu.version_r
 *(.gnu.version_r)

.rel.dyn        0x0000000008048094        0x0
 *(.rel.init)
 *(.rel.text .rel.text.* .rel.gnu.linkonce.t.*)
 .rel.text      0x0000000008048094        0x0 kernel/kernel.o
 *(.rel.fini)
 *(.rel.rodata .rel.rodata.* .rel.gnu.linkonce.r.*)
 *(.rel.data.rel.ro .rel.data.rel.ro.* .rel.gnu.linkonce.d.rel.ro.*)
 *(.rel.data .rel.data.* .rel.gnu.linkonce.d.*)
 .rel.data      0x0000000008048094        0x0 kernel/kernel.o
 *(.rel.tdata .rel.tdata.* .rel.gnu.linkonce.td.*)
 *(.rel.tbss .rel.tbss.* .rel.gnu.linkonce.tb.*)
 *(.rel.ctors)
 *(.rel.dtors)
 *(.rel.got)
 *(.rel.bss .rel.bss.* .rel.gnu.linkonce.b.*)
 *(.rel.ifunc)

.rel.plt        0x0000000008048094        0x0
 *(.rel.plt)
                [!provide]                        PROVIDE (__rel_iplt_start, .)
 *(.rel.iplt)
 .rel.iplt      0x0000000008048094        0x0 kernel/kernel.o
                [!provide]                        PROVIDE (__rel_iplt_end, .)

.init
 *(SORT(.init))

.plt            0x00000000080480a0        0x0
 *(.plt)
 *(.iplt)
 .iplt          0x00000000080480a0        0x0 kernel/kernel.o

.plt.got
 *(.plt.got)

.text           0x0000000000100400     0x6b25
 *(.text.unlikely .text.*_unlikely .text.unlikely.*)
 *(.text.exit .text.exit.*)
 *(.text.startup .text.startup.*)
 *(.text.hot .text.hot.*)
 *(.text .stub .text.* .gnu.linkonce.t.*)
 .text          0x0000000000100400      0x410 kernel/kernel.o
                0x0000000000100400                _start
                0x0000000000100440                hwint00
                0x0000000000100470                hwint01
                0x00000000001004a0                hwint02
                0x00000000001004d0                hwint03
                0x0000000000100500                hwint04
                0x0000000000100530                hwint05
                0x0000000000100560                hwint06
                0x0000000000100590                hwint07
                0x00000000001005c0                hwint08
                0x00000000001005f0                hwint09
                0x0000000000100620                hwint10
                0x0000000000100650                hwint11
                0x0000000000100680                hwint12
                0x00000000001006b0                hwint13
                0x00000000001006e0                hwint14
                0x0000000000100710                hwint15
                0x0000000000100734                divide_error
                0x000000000010073a                single_step_exception
                0x0000000000100740                nmi
                0x0000000000100746                breakpoint_exception
                0x000000000010074c                overflow
                0x0000000000100752                bounds_check
                0x0000000000100758                inval_opcode
                0x000000000010075e                copr_not_available
                0x0000000000100764                double_fault
                0x0000000000100768                copr_seg_overrun
                0x000000000010076e                inval_tss
                0x0000000000100772                segment_not_present
                0x0000000000100776                stack_exception
                0x000000000010077a                general_protection
                0x000000000010077e                page_fault
                0x0000000000100782                copr_error
                0x00000000001007cb                sys_call
                0x00000000001007eb                restart
 .text          0x0000000000100810       0x28 kernel/syscall.o
                0x0000000000100810                sendrec
                0x000000000010082a                printx
 .text          0x0000000000100838      0x129 kernel/start.o
                0x0000000000100838                dealloc_all_userspace
                0x00000000001008ad                cstart
 .text          0x0000000000100961      0x350 kernel/main.o
                0x0000000000100961                kernel_main
                0x0000000000100bc3                get_ticks
                0x0000000000100bf7                TestA
                0x0000000000100c06                TestB
                0x0000000000100c59                TestC
                0x0000000000100c68                panic
 .text          0x0000000000100cb1      0x196 kernel/clock.o
                0x0000000000100cb1                clock_handler
                0x0000000000100db5                milli_delay
                0x0000000000100def                init_clock
 .text          0x0000000000100e47      0x130 kernel/i8259.o
                0x0000000000100e47                init_8259A
                0x0000000000100f1c                spurious_irq
                0x0000000000100f53                put_irq_handler
 .text          0x0000000000100f77        0x0 kernel/global.o
 .text          0x0000000000100f77      0x619 kernel/protect.o
                0x0000000000100f77                init_prot
                0x0000000000101399                seg2phys
                0x0000000000101455                exception_handler
 .text          0x0000000000101590     0x1c62 kernel/proc.o
                0x0000000000101590                __sched_period
                0x00000000001015af                sched_slice
                0x00000000001015eb                calc_delta_fair
                0x000000000010161a                schedule
                0x0000000000101690                add_task
                0x00000000001018bf                rm_task
                0x0000000000101950                sys_sendrec
                0x0000000000101a79                send_recv
                0x0000000000101b36                ldt_seg_linear
                0x0000000000101b80                va2la
                0x0000000000101be5                reset_msg
                0x0000000000102bbb                inform_int
                0x0000000000102d47                dump_proc
                0x00000000001030e1                dump_msg
 .text          0x00000000001031f2      0x72f kernel/rbtree.o
                0x00000000001031f2                tree_minimum
                0x0000000000103212                __pick_first_entity
                0x0000000000103241                left_rotate
                0x00000000001032d5                right_rotate
                0x0000000000103369                rb_insert_fixup
                0x00000000001034e9                rb_insert
                0x000000000010359e                rb_transplant
                0x00000000001035f8                rb_delete_fixup
                0x000000000010380c                rb_delete
 .text          0x0000000000103921      0x687 kernel/keyboard.o
                0x0000000000103921                keyboard_handler
                0x0000000000103981                init_keyboard
                0x0000000000103a26                keyboard_read
 .text          0x0000000000103fa8      0x516 kernel/tty.o
                0x0000000000103fa8                task_tty
                0x0000000000104062                in_process
                0x00000000001042c8                tty_write
                0x000000000010430e                sys_printx
 .text          0x00000000001044be      0x41d kernel/console.o
                0x00000000001044be                init_screen
                0x00000000001045d5                is_current_console
                0x00000000001045f0                out_char
                0x000000000010483a                select_console
                0x0000000000104870                scroll_screen
 .text          0x00000000001048db       0x58 kernel/systask.o
                0x00000000001048db                task_sys
 .text          0x0000000000104933       0x50 kernel/printf.o
                0x0000000000104933                printf
 .text          0x0000000000104983      0x305 kernel/vsprintf.o
                0x00000000001049e1                vsprintf
                0x0000000000104c62                sprintf
 .text          0x0000000000104c88      0x14d mm/frame_allocator.o
                0x0000000000104c88                init_frametracker
                0x0000000000104cd9                frame_alloc
                0x0000000000104d56                frame_dealloc
                0x0000000000104d89                frame_find
 .text          0x0000000000104dd5      0x220 mm/page_table.o
                0x0000000000104dd5                new_page_table
                0x0000000000104dfd                get_final_entry
                0x0000000000104e71                la2pa
                0x0000000000104ede                map
                0x0000000000104f5f                unmap
 .text          0x0000000000104ff5      0x8fd mm/buddy_system.o
                0x0000000000104ff5                log_2
                0x000000000010503a                pow_2
                0x000000000010505b                buddy_list_insert
                0x00000000001050c3                buddy_list_pop
                0x0000000000105162                buddy_list_del
                0x0000000000105233                print_table
                0x000000000010529f                buddy_init
                0x000000000010536e                lowbit
                0x000000000010537b                buddy_alloc
                0x0000000000105739                lneq
                0x0000000000105778                buddy_dealloc
 .text          0x00000000001058f2       0x40 mm/heap_allocator.o
                0x00000000001058f2                malloc
                0x0000000000105917                free
 .text          0x0000000000105932      0xf6a drv/hd.o
                0x0000000000105932                task_hd
                0x0000000000106871                hd_handler
 *fill*         0x000000000010689c        0x4 
 .text          0x00000000001068a0      0x19a lib/kliba.o
                0x00000000001068a0                disp_str
                0x00000000001068de                disp_color_str
                0x000000000010691d                out_byte
                0x0000000000106929                in_byte
                0x0000000000106933                port_read
                0x0000000000106946                port_write
                0x0000000000106959                disable_irq
                0x000000000010698e                enable_irq
                0x00000000001069ad                disable_int
                0x00000000001069af                enable_int
                0x00000000001069b1                glitter
 .text          0x0000000000106a3a      0x119 lib/klib.o
                0x0000000000106a3a                itoa
                0x0000000000106ae5                disp_int
                0x0000000000106b0c                delay
 *fill*         0x0000000000106b53        0xd 
 .text          0x0000000000106b60       0x78 lib/string.o
                0x0000000000106b60                memcpy
                0x0000000000106b89                memset
                0x0000000000106baa                strcpy
                0x0000000000106bc2                strlen
 .text          0x0000000000106bd8      0x19c lib/misc.o
                0x0000000000106bd8                memcmp
                0x0000000000106c4e                strcmp
                0x0000000000106cc1                strcat
                0x0000000000106d20                spin
                0x0000000000106d3b                assertion_failure
 .text          0x0000000000106d74      0x1b1 test/testmm.o
                0x0000000000106d74                test_frame_pgtable
                0x0000000000106ec0                test_malloc_free
                0x0000000000106f12                testmm
 *(.gnu.warning)

.fini
 *(SORT(.fini))
                [!provide]                        PROVIDE (__etext, .)
                [!provide]                        PROVIDE (_etext, .)
                [!provide]                        PROVIDE (etext, .)

.rodata         0x0000000000106f40     0x1350
 *(.rodata .rodata.* .gnu.linkonce.r.*)
 .rodata        0x0000000000106f40       0x91 kernel/start.o
 *fill*         0x0000000000106fd1        0x3 
 .rodata        0x0000000000106fd4       0x4e kernel/main.o
 .rodata        0x0000000000107022       0x11 kernel/i8259.o
 *fill*         0x0000000000107033        0xd 
 .rodata        0x0000000000107040       0xa0 kernel/global.o
                0x0000000000107040                sched_prio_to_weight
 .rodata        0x00000000001070e0      0x540 kernel/protect.o
 .rodata        0x0000000000107620      0x6d6 kernel/proc.o
 *fill*         0x0000000000107cf6        0x2 
 .rodata        0x0000000000107cf8       0x64 kernel/keyboard.o
 .rodata        0x0000000000107d5c       0x90 kernel/tty.o
 .rodata        0x0000000000107dec       0x11 kernel/systask.o
 .rodata        0x0000000000107dfd       0x56 mm/frame_allocator.o
 *fill*         0x0000000000107e53        0x1 
 .rodata        0x0000000000107e54       0x7e mm/page_table.o
                0x0000000000107e54                PTECNT
 .rodata        0x0000000000107ed2       0xdf mm/buddy_system.o
 *fill*         0x0000000000107fb1        0x3 
 .rodata        0x0000000000107fb4      0x24f drv/hd.o
 *fill*         0x0000000000108203        0x1 
 .rodata        0x0000000000108204       0x61 lib/misc.o
 .rodata        0x0000000000108265       0x2b test/testmm.o

.rodata1
 *(.rodata1)

.eh_frame_hdr
 *(.eh_frame_hdr)
 *(.eh_frame_entry .eh_frame_entry.*)

.eh_frame       0x0000000000108290      0xfac
 *(.eh_frame)
 .eh_frame      0x0000000000108290       0x58 kernel/start.o
 .eh_frame      0x00000000001082e8       0xb0 kernel/main.o
                                         0xc8 (size before relaxing)
 .eh_frame      0x0000000000108398       0x60 kernel/clock.o
                                         0x78 (size before relaxing)
 .eh_frame      0x00000000001083f8       0x60 kernel/i8259.o
                                         0x78 (size before relaxing)
 .eh_frame      0x0000000000108458       0xb0 kernel/protect.o
                                         0xc8 (size before relaxing)
 .eh_frame      0x0000000000108508      0x28c kernel/proc.o
                                        0x2a4 (size before relaxing)
 .eh_frame      0x0000000000108794      0x120 kernel/rbtree.o
                                        0x138 (size before relaxing)
 .eh_frame      0x00000000001088b4       0xe0 kernel/keyboard.o
                                         0xf8 (size before relaxing)
 .eh_frame      0x0000000000108994       0xfc kernel/tty.o
                                        0x114 (size before relaxing)
 .eh_frame      0x0000000000108a90      0x100 kernel/console.o
                                        0x118 (size before relaxing)
 .eh_frame      0x0000000000108b90       0x1c kernel/systask.o
                                         0x34 (size before relaxing)
 .eh_frame      0x0000000000108bac       0x20 kernel/printf.o
                                         0x38 (size before relaxing)
 .eh_frame      0x0000000000108bcc       0x60 kernel/vsprintf.o
                                         0x78 (size before relaxing)
 .eh_frame      0x0000000000108c2c       0x80 mm/frame_allocator.o
                                         0x98 (size before relaxing)
 .eh_frame      0x0000000000108cac       0xa0 mm/page_table.o
                                         0xb8 (size before relaxing)
 .eh_frame      0x0000000000108d4c      0x164 mm/buddy_system.o
                                        0x17c (size before relaxing)
 .eh_frame      0x0000000000108eb0       0x40 mm/heap_allocator.o
                                         0x58 (size before relaxing)
 .eh_frame      0x0000000000108ef0      0x1f0 drv/hd.o
                                        0x208 (size before relaxing)
 .eh_frame      0x00000000001090e0       0x60 lib/klib.o
                                         0x78 (size before relaxing)
 .eh_frame      0x0000000000109140       0x9c lib/misc.o
                                         0xb4 (size before relaxing)
 .eh_frame      0x00000000001091dc       0x60 test/testmm.o
                                         0x78 (size before relaxing)
 *(.eh_frame.*)

.gcc_except_table
 *(.gcc_except_table .gcc_except_table.*)

.gnu_extab
 *(.gnu_extab*)

.exception_ranges
 *(.exception_ranges .exception_ranges*)
                0x000000000010a23c                . = DATA_SEGMENT_ALIGN (0x1000, 0x1000)

.eh_frame
 *(.eh_frame)
 *(.eh_frame.*)

.gnu_extab
 *(.gnu_extab)

.gcc_except_table
 *(.gcc_except_table .gcc_except_table.*)

.exception_ranges
 *(.exception_ranges .exception_ranges*)

.tdata
 *(.tdata .tdata.* .gnu.linkonce.td.*)

.tbss
 *(.tbss .tbss.* .gnu.linkonce.tb.*)
 *(.tcommon)

.preinit_array  0x000000000010a23c        0x0
                [!provide]                        PROVIDE (__preinit_array_start, .)
 *(.preinit_array)
                [!provide]                        PROVIDE (__preinit_array_end, .)

.init_array     0x000000000010a23c        0x0
                [!provide]                        PROVIDE (__init_array_start, .)
 *(SORT(.init_array.*) SORT(.ctors.*))
 *(.init_array EXCLUDE_FILE(*crtend?.o *crtend.o *crtbegin?.o *crtbegin.o) .ctors)
                [!provide]                        PROVIDE (__init_array_end, .)

.fini_array     0x000000000010a23c        0x0
                [!provide]                        PROVIDE (__fini_array_start, .)
 *(SORT(.fini_array.*) SORT(.dtors.*))
 *(.fini_array EXCLUDE_FILE(*crtend?.o *crtend.o *crtbegin?.o *crtbegin.o) .dtors)
                [!provide]                        PROVIDE (__fini_array_end, .)

.ctors
 *crtbegin.o(.ctors)
 *crtbegin?.o(.ctors)
 *(EXCLUDE_FILE(*crtend?.o *crtend.o) .ctors)
 *(SORT(.ctors.*))
 *(.ctors)

.dtors
 *crtbegin.o(.dtors)
 *crtbegin?.o(.dtors)
 *(EXCLUDE_FILE(*crtend?.o *crtend.o) .dtors)
 *(SORT(.dtors.*))
 *(.dtors)

.jcr
 *(.jcr)

.data.rel.ro
 *(.data.rel.ro.local* .gnu.linkonce.d.rel.ro.local.*)
 *(.data.rel.ro .data.rel.ro.* .gnu.linkonce.d.rel.ro.*)

.dynamic
 *(.dynamic)

.got
 *(.got)
 *(.igot)
                0x000000000010a23c                . = DATA_SEGMENT_RELRO_END (., (SIZEOF (.got.plt) >= 0xc)?0xc:0x0)

.got.plt        0x000000000010a23c        0x0
 *(.got.plt)
 *(.igot.plt)
 .igot.plt      0x000000000010a23c        0x0 kernel/kernel.o

.data           0x000000000010a240      0x764
 *(.data .data.* .gnu.linkonce.d.*)
 .data          0x000000000010a240        0x2 kernel/kernel.o
 .data          0x000000000010a242        0x0 kernel/start.o
 .data          0x000000000010a242        0x0 kernel/main.o
 .data          0x000000000010a242        0x0 kernel/clock.o
 .data          0x000000000010a242        0x0 kernel/i8259.o
 *fill*         0x000000000010a242       0x1e 
 .data          0x000000000010a260      0x110 kernel/global.o
                0x000000000010a260                task_table
                0x000000000010a2e0                user_proc_table
                0x000000000010a358                sys_call_table
                0x000000000010a364                sysctl_sched_latency
                0x000000000010a368                sysctl_sched_min_granularity
                0x000000000010a36c                sched_nr_latency
 .data          0x000000000010a370        0x0 kernel/protect.o
 .data          0x000000000010a370        0x0 kernel/proc.o
 .data          0x000000000010a370       0x1c kernel/rbtree.o
                0x000000000010a370                nil
                0x000000000010a388                root
 *fill*         0x000000000010a38c       0x14 
 .data          0x000000000010a3a0      0x600 kernel/keyboard.o
                0x000000000010a3a0                keymap
 .data          0x000000000010a9a0        0x0 kernel/tty.o
 .data          0x000000000010a9a0        0x0 kernel/console.o
 .data          0x000000000010a9a0        0x0 kernel/systask.o
 .data          0x000000000010a9a0        0x0 kernel/printf.o
 .data          0x000000000010a9a0        0x0 kernel/vsprintf.o
 .data          0x000000000010a9a0        0x0 mm/frame_allocator.o
 .data          0x000000000010a9a0        0x4 mm/page_table.o
                0x000000000010a9a0                pagedir
 .data          0x000000000010a9a4        0x0 mm/buddy_system.o
 .data          0x000000000010a9a4        0x0 mm/heap_allocator.o
 .data          0x000000000010a9a4        0x0 drv/hd.o
 .data          0x000000000010a9a4        0x0 lib/klib.o
 .data          0x000000000010a9a4        0x0 lib/misc.o
 .data          0x000000000010a9a4        0x0 test/testmm.o

.data1
 *(.data1)
                0x000000000010a9a4                _edata = .
                [!provide]                        PROVIDE (edata, .)
                0x000000000010a9a4                . = .
                0x000000000010a9a4                __bss_start = .

.bss            0x000000000010a9c0  0x18332e0
 *(.dynbss)
 *(.bss .bss.* .gnu.linkonce.b.*)
 .bss           0x000000000010a9c0      0x800 kernel/kernel.o
 .bss           0x000000000010b1c0        0x0 kernel/start.o
 .bss           0x000000000010b1c0        0x0 kernel/main.o
 .bss           0x000000000010b1c0        0x0 kernel/clock.o
 .bss           0x000000000010b1c0        0x0 kernel/i8259.o
 .bss           0x000000000010b1c0        0xc kernel/global.o
                0x000000000010b1c0                nr_running
                0x000000000010b1c4                sum_weight
                0x000000000010b1c8                has_preempt
 .bss           0x000000000010b1cc        0x0 kernel/protect.o
 .bss           0x000000000010b1cc        0x0 kernel/proc.o
 .bss           0x000000000010b1cc        0x0 kernel/rbtree.o
 *fill*         0x000000000010b1cc       0x14 
 .bss           0x000000000010b1e0       0x58 kernel/keyboard.o
 .bss           0x000000000010b238        0x0 kernel/tty.o
 .bss           0x000000000010b238        0x0 kernel/console.o
 .bss           0x000000000010b238        0x0 kernel/systask.o
 .bss           0x000000000010b238        0x0 kernel/printf.o
 .bss           0x000000000010b238        0x0 kernel/vsprintf.o
 .bss           0x000000000010b238        0x0 mm/frame_allocator.o
 .bss           0x000000000010b238        0x0 mm/page_table.o
 .bss           0x000000000010b238        0x0 mm/buddy_system.o
 .bss           0x000000000010b238        0x0 mm/heap_allocator.o
 *fill*         0x000000000010b238        0x8 
 .bss           0x000000000010b240      0x64c drv/hd.o
 .bss           0x000000000010b88c        0x0 lib/klib.o
 .bss           0x000000000010b88c        0x0 lib/misc.o
 .bss           0x000000000010b88c        0x0 test/testmm.o
 *(COMMON)
 *fill*         0x000000000010b88c       0x14 
 COMMON         0x000000000010b8a0   0x832300 kernel/global.o
                0x000000000010b8a0                phy_frames
                0x000000000090b8a0                idt_ptr
                0x000000000090b8c0                task_stack
                0x000000000093b8c0                k_reenter
                0x000000000093b8e0                gdt
                0x000000000093bce0                tty_table
                0x000000000093cd30                wait_table
                0x000000000093cd60                tss
                0x000000000093cdc8                nr_current_console
                0x000000000093cdcc                disp_pos
                0x000000000093cdd0                gdt_ptr
                0x000000000093cdd8                wait_cnt
                0x000000000093cde0                idt
                0x000000000093d5e0                se_table
                0x000000000093d700                PARTITION_ENTRY
                0x000000000093d710                ticks
                0x000000000093d714                stat
                0x000000000093d740                console_table
                0x000000000093d780                irq_table
                0x000000000093d7c0                p_proc_ready
                0x000000000093d7e0                proc_table
 COMMON         0x000000000093dba0  0x1000100 mm/buddy_system.o
                0x000000000093dba0                p
                0x000000000193dba0                buddy_tree
                0x000000000193dca0                . = ALIGN ((. != 0x0)?0x4:0x1)
                0x000000000193dca0                . = ALIGN (0x4)
                0x000000000193dca0                . = SEGMENT_START ("ldata-segment", .)
                0x000000000193dca0                . = ALIGN (0x4)
                0x000000000193dca0                _end = .
                [!provide]                        PROVIDE (end, .)
                0x000000000193dca0                . = DATA_SEGMENT_END (.)

.stab
 *(.stab)

.stabstr
 *(.stabstr)

.stab.excl
 *(.stab.excl)

.stab.exclstr
 *(.stab.exclstr)

.stab.index
 *(.stab.index)

.stab.indexstr
 *(.stab.indexstr)

.comment        0x0000000000000000       0x35
 *(.comment)
 .comment       0x0000000000000000       0x35 kernel/start.o
                                         0x36 (size before relaxing)
 .comment       0x0000000000000035       0x36 kernel/main.o
 .comment       0x0000000000000035       0x36 kernel/clock.o
 .comment       0x0000000000000035       0x36 kernel/i8259.o
 .comment       0x0000000000000035       0x36 kernel/global.o
 .comment       0x0000000000000035       0x36 kernel/protect.o
 .comment       0x0000000000000035       0x36 kernel/proc.o
 .comment       0x0000000000000035       0x36 kernel/rbtree.o
 .comment       0x0000000000000035       0x36 kernel/keyboard.o
 .comment       0x0000000000000035       0x36 kernel/tty.o
 .comment       0x0000000000000035       0x36 kernel/console.o
 .comment       0x0000000000000035       0x36 kernel/systask.o
 .comment       0x0000000000000035       0x36 kernel/printf.o
 .comment       0x0000000000000035       0x36 kernel/vsprintf.o
 .comment       0x0000000000000035       0x36 mm/frame_allocator.o
 .comment       0x0000000000000035       0x36 mm/page_table.o
 .comment       0x0000000000000035       0x36 mm/buddy_system.o
 .comment       0x0000000000000035       0x36 mm/heap_allocator.o
 .comment       0x0000000000000035       0x36 drv/hd.o
 .comment       0x0000000000000035       0x36 lib/klib.o
 .comment       0x0000000000000035       0x36 lib/misc.o
 .comment       0x0000000000000035       0x36 test/testmm.o

.debug
 *(.debug)

.line
 *(.line)

.debug_srcinfo
 *(.debug_srcinfo)

.debug_sfnames
 *(.debug_sfnames)

.debug_aranges
 *(.debug_aranges)

.debug_pubnames
 *(.debug_pubnames)

.debug_info
 *(.debug_info .gnu.linkonce.wi.*)

.debug_abbrev
 *(.debug_abbrev)

.debug_line
 *(.debug_line .debug_line.* .debug_line_end)

.debug_frame
 *(.debug_frame)

.debug_str
 *(.debug_str)

.debug_loc
 *(.debug_loc)

.debug_macinfo
 *(.debug_macinfo)

.debug_weaknames
 *(.debug_weaknames)

.debug_funcnames
 *(.debug_funcnames)

.debug_typenames
 *(.debug_typenames)

.debug_varnames
 *(.debug_varnames)

.debug_pubtypes
 *(.debug_pubtypes)

.debug_ranges
 *(.debug_ranges)

.debug_macro
 *(.debug_macro)

.gnu.attributes
 *(.gnu.attributes)

/DISCARD/
 *(.note.GNU-stack)
 *(.gnu_debuglink)
 *(.gnu.lto_*)
OUTPUT(kernel.bin elf32-i386)
