
Allocating common symbols
Common symbol       size              file

phy_frames          0x2000000         kernel/global.o
idt_ptr             0x6               kernel/global.o
p                   0x1000000         mm/buddy_system.o
task_stack          0x30000           kernel/global.o
k_reenter           0x4               kernel/global.o
gdt                 0x400             kernel/global.o
buddy_tree          0x100             mm/buddy_system.o
tty_table           0x1050            kernel/global.o
wait_table          0x18              kernel/global.o
tss                 0x68              kernel/global.o
nr_current_console  0x4               kernel/global.o
disp_pos            0x4               kernel/global.o
gdt_ptr             0x6               kernel/global.o
wait_cnt            0x4               kernel/global.o
idt                 0x800             kernel/global.o
se_table            0x120             kernel/global.o
PARTITION_ENTRY     0x10              kernel/global.o
ticks               0x4               kernel/global.o
stat                0x18              kernel/global.o
console_table       0x40              kernel/global.o
irq_table           0x40              kernel/global.o
p_proc_ready        0x4               kernel/global.o
p_cur_pagedir       0x4               kernel/global.o
proc_table          0x3f0             kernel/global.o

Discarded input sections

 .note.GNU-stack
                0x0000000000000000        0x0 kernel/start.o
 .note.GNU-stack
                0x0000000000000000        0x0 kernel/main.o
 .note.GNU-stack
                0x0000000000000000        0x0 kernel/clock.o
 .note.GNU-stack
                0x0000000000000000        0x0 kernel/i8259.o
 .note.GNU-stack
                0x0000000000000000        0x0 kernel/global.o
 .note.GNU-stack
                0x0000000000000000        0x0 kernel/protect.o
 .note.GNU-stack
                0x0000000000000000        0x0 kernel/proc.o
 .note.GNU-stack
                0x0000000000000000        0x0 kernel/rbtree.o
 .note.GNU-stack
                0x0000000000000000        0x0 kernel/keyboard.o
 .note.GNU-stack
                0x0000000000000000        0x0 kernel/tty.o
 .note.GNU-stack
                0x0000000000000000        0x0 kernel/console.o
 .note.GNU-stack
                0x0000000000000000        0x0 kernel/systask.o
 .note.GNU-stack
                0x0000000000000000        0x0 kernel/printf.o
 .note.GNU-stack
                0x0000000000000000        0x0 kernel/vsprintf.o
 .note.GNU-stack
                0x0000000000000000        0x0 mm/frame_allocator.o
 .note.GNU-stack
                0x0000000000000000        0x0 mm/page_table.o
 .note.GNU-stack
                0x0000000000000000        0x0 mm/buddy_system.o
 .note.GNU-stack
                0x0000000000000000        0x0 mm/heap_allocator.o
 .note.GNU-stack
                0x0000000000000000        0x0 drv/hd.o
 .note.GNU-stack
                0x0000000000000000        0x0 lib/klib.o
 .note.GNU-stack
                0x0000000000000000        0x0 lib/misc.o
 .note.GNU-stack
                0x0000000000000000        0x0 test/testmm.o

Memory Configuration

Name             Origin             Length             Attributes
*default*        0x0000000000000000 0xffffffffffffffff

Linker script and memory map

Address of section .text set to 0x100400
LOAD kernel/kernel.o
LOAD kernel/syscall.o
LOAD kernel/start.o
LOAD kernel/main.o
LOAD kernel/clock.o
LOAD kernel/i8259.o
LOAD kernel/global.o
LOAD kernel/protect.o
LOAD kernel/proc.o
LOAD kernel/rbtree.o
LOAD kernel/keyboard.o
LOAD kernel/tty.o
LOAD kernel/console.o
LOAD kernel/systask.o
LOAD kernel/printf.o
LOAD kernel/vsprintf.o
LOAD mm/frame_allocator.o
LOAD mm/page_table.o
LOAD mm/buddy_system.o
LOAD mm/heap_allocator.o
LOAD drv/hd.o
LOAD lib/kliba.o
LOAD lib/klib.o
LOAD lib/string.o
LOAD lib/misc.o
LOAD test/testmm.o
                [!provide]                        PROVIDE (__executable_start = SEGMENT_START ("text-segment", 0x8048000))
                0x0000000008048094                . = (SEGMENT_START ("text-segment", 0x8048000) + SIZEOF_HEADERS)

.interp
 *(.interp)

.note.gnu.build-id
 *(.note.gnu.build-id)

.hash
 *(.hash)

.gnu.hash
 *(.gnu.hash)

.dynsym
 *(.dynsym)

.dynstr
 *(.dynstr)

.gnu.version
 *(.gnu.version)

.gnu.version_d
 *(.gnu.version_d)

.gnu.version_r
 *(.gnu.version_r)

.rel.dyn        0x0000000008048094        0x0
 *(.rel.init)
 *(.rel.text .rel.text.* .rel.gnu.linkonce.t.*)
 .rel.text      0x0000000008048094        0x0 kernel/kernel.o
 *(.rel.fini)
 *(.rel.rodata .rel.rodata.* .rel.gnu.linkonce.r.*)
 *(.rel.data.rel.ro .rel.data.rel.ro.* .rel.gnu.linkonce.d.rel.ro.*)
 *(.rel.data .rel.data.* .rel.gnu.linkonce.d.*)
 *(.rel.tdata .rel.tdata.* .rel.gnu.linkonce.td.*)
 *(.rel.tbss .rel.tbss.* .rel.gnu.linkonce.tb.*)
 *(.rel.ctors)
 *(.rel.dtors)
 *(.rel.got)
 .rel.got       0x0000000008048094        0x0 kernel/kernel.o
 *(.rel.bss .rel.bss.* .rel.gnu.linkonce.b.*)
 *(.rel.ifunc)

.rel.plt        0x0000000008048094        0x0
 *(.rel.plt)
                [!provide]                        PROVIDE (__rel_iplt_start = .)
 *(.rel.iplt)
 .rel.iplt      0x0000000008048094        0x0 kernel/kernel.o
                [!provide]                        PROVIDE (__rel_iplt_end = .)

.init
 *(SORT_NONE(.init))

.plt            0x0000000008048098        0x0
 *(.plt)
 *(.iplt)
 .iplt          0x0000000008048098        0x0 kernel/kernel.o

.plt.got
 *(.plt.got)

.plt.sec
 *(.plt.sec)

.text           0x0000000000100400     0x706a
 *(.text.unlikely .text.*_unlikely .text.unlikely.*)
 *(.text.exit .text.exit.*)
 *(.text.startup .text.startup.*)
 *(.text.hot .text.hot.*)
 *(.text .stub .text.* .gnu.linkonce.t.*)
 .text          0x0000000000100400      0x43e kernel/kernel.o
                0x0000000000100400                _start
                0x0000000000100440                hwint00
                0x0000000000100470                hwint01
                0x00000000001004a0                hwint02
                0x00000000001004d0                hwint03
                0x0000000000100500                hwint04
                0x0000000000100530                hwint05
                0x0000000000100560                hwint06
                0x0000000000100590                hwint07
                0x00000000001005c0                hwint08
                0x00000000001005f0                hwint09
                0x0000000000100620                hwint10
                0x0000000000100650                hwint11
                0x0000000000100680                hwint12
                0x00000000001006b0                hwint13
                0x00000000001006e0                hwint14
                0x0000000000100710                hwint15
                0x0000000000100736                divide_error
                0x000000000010073c                single_step_exception
                0x0000000000100742                nmi
                0x0000000000100748                breakpoint_exception
                0x000000000010074e                overflow
                0x0000000000100754                bounds_check
                0x000000000010075a                inval_opcode
                0x0000000000100760                copr_not_available
                0x0000000000100766                double_fault
                0x000000000010076a                copr_seg_overrun
                0x0000000000100770                inval_tss
                0x0000000000100774                segment_not_present
                0x0000000000100778                stack_exception
                0x000000000010077c                general_protection
                0x0000000000100780                page_fault
                0x000000000010078f                copr_error
                0x00000000001007eb                sys_call
                0x000000000010080d                restart
 *fill*         0x000000000010083e        0x2 
 .text          0x0000000000100840       0x28 kernel/syscall.o
                0x0000000000100840                sendrec
                0x000000000010085a                printx
 .text          0x0000000000100868      0x12f kernel/start.o
                0x0000000000100868                dealloc_all_userspace
                0x00000000001008e3                cstart
 .text          0x0000000000100997      0x518 kernel/main.o
                0x0000000000100997                kernel_main
                0x0000000000100c94                get_ticks
                0x0000000000100cc8                TestA
                0x0000000000100d2b                TestB
                0x0000000000100d8b                TestC
                0x0000000000100e15                stackoverflowdest
                0x0000000000100e2d                testStackoverflow
                0x0000000000100e4b                panic
                0x0000000000100e92                __stack_chk_fail
 .text          0x0000000000100eaf      0x258 kernel/clock.o
                0x0000000000100eaf                clock_handler
                0x0000000000100ff0                check_integrity
                0x0000000000101075                milli_delay
                0x00000000001010af                init_clock
 .text          0x0000000000101107      0x130 kernel/i8259.o
                0x0000000000101107                init_8259A
                0x00000000001011dc                spurious_irq
                0x0000000000101213                put_irq_handler
 .text          0x0000000000101237        0x0 kernel/global.o
 .text          0x0000000000101237      0x65a kernel/protect.o
                0x0000000000101237                init_prot
                0x0000000000101654                seg2phys
                0x0000000000101710                exception_handler
                0x0000000000101860                page_fault_handler
 .text          0x0000000000101891     0x1dea kernel/proc.o
                0x0000000000101891                __sched_period
                0x00000000001018b0                sched_slice
                0x00000000001018ec                calc_delta_fair
                0x000000000010191b                schedule
                0x00000000001019a9                calculate_integrity
                0x00000000001019e1                add_task
                0x0000000000101d04                rm_task
                0x0000000000101d9e                sys_sendrec
                0x0000000000101ec7                send_recv
                0x0000000000101f84                ldt_seg_linear
                0x0000000000101fce                va2la
                0x000000000010202f                reset_msg
                0x000000000010303a                inform_int
                0x00000000001031d1                dump_proc
                0x000000000010356e                dump_msg
 .text          0x000000000010367b      0x768 kernel/rbtree.o
                0x000000000010367b                tree_minimum
                0x000000000010369b                __pick_first_entity
                0x00000000001036cd                left_rotate
                0x0000000000103762                right_rotate
                0x00000000001037f7                rb_insert_fixup
                0x0000000000103984                rb_insert
                0x0000000000103a39                rb_transplant
                0x0000000000103a93                rb_delete_fixup
                0x0000000000103cbc                rb_delete
 .text          0x0000000000103de3      0x687 kernel/keyboard.o
                0x0000000000103de3                keyboard_handler
                0x0000000000103e43                init_keyboard
                0x0000000000103ee8                keyboard_read
 .text          0x000000000010446a      0x4c5 kernel/tty.o
                0x000000000010446a                task_tty
                0x0000000000104524                in_process
                0x000000000010478a                tty_write
                0x00000000001047d0                sys_printx
 .text          0x000000000010492f      0x41d kernel/console.o
                0x000000000010492f                init_screen
                0x0000000000104a46                is_current_console
                0x0000000000104a61                out_char
                0x0000000000104cab                select_console
                0x0000000000104ce1                scroll_screen
 .text          0x0000000000104d4c       0x58 kernel/systask.o
                0x0000000000104d4c                task_sys
 .text          0x0000000000104da4       0x65 kernel/printf.o
                0x0000000000104da4                printf
 .text          0x0000000000104e09      0x305 kernel/vsprintf.o
                0x0000000000104e67                vsprintf
                0x00000000001050e8                sprintf
 .text          0x000000000010510e      0x1a2 mm/frame_allocator.o
                0x000000000010510e                init_frametracker
                0x00000000001051a0                frame_alloc
                0x0000000000105204                frame_dealloc
                0x000000000010524e                frame_find
 .text          0x00000000001052b0      0x344 mm/page_table.o
                0x00000000001052b0                new_page_table
                0x000000000010533e                get_final_entry
                0x00000000001053b4                kget_final_entry
                0x0000000000105407                dbg_first_entry
                0x000000000010543b                la2pa
                0x00000000001054ab                map
                0x000000000010552f                kmap
                0x0000000000105572                unmap
 .text          0x00000000001055f4      0x8fd mm/buddy_system.o
                0x00000000001055f4                log_2
                0x0000000000105639                pow_2
                0x000000000010565a                buddy_list_insert
                0x00000000001056c2                buddy_list_pop
                0x0000000000105761                buddy_list_del
                0x0000000000105832                print_table
                0x000000000010589e                buddy_init
                0x000000000010596d                lowbit
                0x000000000010597a                buddy_alloc
                0x0000000000105d38                lneq
                0x0000000000105d77                buddy_dealloc
 .text          0x0000000000105ef1       0x40 mm/heap_allocator.o
                0x0000000000105ef1                malloc
                0x0000000000105f16                free
 .text          0x0000000000105f31      0xe84 drv/hd.o
                0x0000000000105f31                task_hd
                0x0000000000106d8a                hd_handler
 *fill*         0x0000000000106db5        0xb 
 .text          0x0000000000106dc0      0x19a lib/kliba.o
                0x0000000000106dc0                disp_str
                0x0000000000106dfe                disp_color_str
                0x0000000000106e3d                out_byte
                0x0000000000106e49                in_byte
                0x0000000000106e53                port_read
                0x0000000000106e66                port_write
                0x0000000000106e79                disable_irq
                0x0000000000106eae                enable_irq
                0x0000000000106ecd                disable_int
                0x0000000000106ecf                enable_int
                0x0000000000106ed1                glitter
 .text          0x0000000000106f5a      0x119 lib/klib.o
                0x0000000000106f5a                itoa
                0x0000000000107005                disp_int
                0x000000000010702c                delay
 *fill*         0x0000000000107073        0xd 
 .text          0x0000000000107080       0x78 lib/string.o
                0x0000000000107080                memcpy
                0x00000000001070a9                memset
                0x00000000001070ca                strcpy
                0x00000000001070e2                strlen
 .text          0x00000000001070f8      0x19a lib/misc.o
                0x00000000001070f8                memcmp
                0x000000000010716e                strcmp
                0x00000000001071e1                strcat
                0x0000000000107240                spin
                0x000000000010725b                assertion_failure
 .text          0x0000000000107292      0x1d8 test/testmm.o
                0x0000000000107292                test_frame_pgtable
                0x0000000000107405                test_malloc_free
                0x0000000000107457                testmm
 *(.gnu.warning)

.fini
 *(SORT_NONE(.fini))
                [!provide]                        PROVIDE (__etext = .)
                [!provide]                        PROVIDE (_etext = .)
                [!provide]                        PROVIDE (etext = .)

.rodata         0x0000000000107480     0x1420
 *(.rodata .rodata.* .gnu.linkonce.r.*)
 .rodata        0x0000000000107480       0x91 kernel/start.o
 *fill*         0x0000000000107511        0x3 
 .rodata        0x0000000000107514       0xbb kernel/main.o
 *fill*         0x00000000001075cf        0x1 
 .rodata        0x00000000001075d0       0x27 kernel/clock.o
 .rodata        0x00000000001075f7       0x11 kernel/i8259.o
 *fill*         0x0000000000107608       0x18 
 .rodata        0x0000000000107620       0xa0 kernel/global.o
                0x0000000000107620                sched_prio_to_weight
 .rodata        0x00000000001076c0      0x54f kernel/protect.o
 *fill*         0x0000000000107c0f        0x1 
 .rodata        0x0000000000107c10      0x6de kernel/proc.o
 *fill*         0x00000000001082ee        0x2 
 .rodata        0x00000000001082f0       0x64 kernel/keyboard.o
 .rodata        0x0000000000108354       0xa2 kernel/tty.o
 .rodata        0x00000000001083f6       0x11 kernel/systask.o
 .rodata        0x0000000000108407       0x5f mm/frame_allocator.o
 *fill*         0x0000000000108466        0x2 
 .rodata        0x0000000000108468       0x63 mm/page_table.o
                0x0000000000108468                PTECNT
 .rodata        0x00000000001084cb       0xdf mm/buddy_system.o
 *fill*         0x00000000001085aa        0x2 
 .rodata        0x00000000001085ac      0x207 drv/hd.o
 *fill*         0x00000000001087b3        0x1 
 .rodata        0x00000000001087b4       0x61 lib/misc.o
 *fill*         0x0000000000108815        0x3 
 .rodata        0x0000000000108818       0x88 test/testmm.o

.rodata1
 *(.rodata1)

.eh_frame_hdr
 *(.eh_frame_hdr)
 *(.eh_frame_entry .eh_frame_entry.*)

.eh_frame       0x00000000001088a0     0x10cc
 *(.eh_frame)
 .eh_frame      0x00000000001088a0       0x58 kernel/start.o
 .eh_frame      0x00000000001088f8      0x108 kernel/main.o
                                        0x120 (size before relaxing)
 .eh_frame      0x0000000000108a00       0x84 kernel/clock.o
                                         0x9c (size before relaxing)
 .eh_frame      0x0000000000108a84       0x60 kernel/i8259.o
                                         0x78 (size before relaxing)
 .eh_frame      0x0000000000108ae4       0xd0 kernel/protect.o
                                         0xe8 (size before relaxing)
 .eh_frame      0x0000000000108bb4      0x2b0 kernel/proc.o
                                        0x2c8 (size before relaxing)
 .eh_frame      0x0000000000108e64      0x120 kernel/rbtree.o
                                        0x138 (size before relaxing)
 .eh_frame      0x0000000000108f84       0xe0 kernel/keyboard.o
                                         0xf8 (size before relaxing)
 .eh_frame      0x0000000000109064       0xfc kernel/tty.o
                                        0x114 (size before relaxing)
 .eh_frame      0x0000000000109160      0x100 kernel/console.o
                                        0x118 (size before relaxing)
 .eh_frame      0x0000000000109260       0x1c kernel/systask.o
                                         0x34 (size before relaxing)
 .eh_frame      0x000000000010927c       0x20 kernel/printf.o
                                         0x38 (size before relaxing)
 .eh_frame      0x000000000010929c       0x60 kernel/vsprintf.o
                                         0x78 (size before relaxing)
 .eh_frame      0x00000000001092fc       0x80 mm/frame_allocator.o
                                         0x98 (size before relaxing)
 .eh_frame      0x000000000010937c      0x100 mm/page_table.o
                                        0x118 (size before relaxing)
 .eh_frame      0x000000000010947c      0x164 mm/buddy_system.o
                                        0x17c (size before relaxing)
 .eh_frame      0x00000000001095e0       0x40 mm/heap_allocator.o
                                         0x58 (size before relaxing)
 .eh_frame      0x0000000000109620      0x1f0 drv/hd.o
                                        0x208 (size before relaxing)
 .eh_frame      0x0000000000109810       0x60 lib/klib.o
                                         0x78 (size before relaxing)
 .eh_frame      0x0000000000109870       0x9c lib/misc.o
                                         0xb4 (size before relaxing)
 .eh_frame      0x000000000010990c       0x60 test/testmm.o
                                         0x78 (size before relaxing)
 *(.eh_frame.*)

.gcc_except_table
 *(.gcc_except_table .gcc_except_table.*)

.gnu_extab
 *(.gnu_extab*)

.exception_ranges
 *(.exception_ranges .exception_ranges*)
                0x000000000010b000                . = DATA_SEGMENT_ALIGN (CONSTANT (MAXPAGESIZE), CONSTANT (COMMONPAGESIZE))

.eh_frame
 *(.eh_frame)
 *(.eh_frame.*)

.gnu_extab
 *(.gnu_extab)

.gcc_except_table
 *(.gcc_except_table .gcc_except_table.*)

.exception_ranges
 *(.exception_ranges .exception_ranges*)

.tdata
 *(.tdata .tdata.* .gnu.linkonce.td.*)

.tbss
 *(.tbss .tbss.* .gnu.linkonce.tb.*)
 *(.tcommon)

.preinit_array  0x000000000010b000        0x0
                [!provide]                        PROVIDE (__preinit_array_start = .)
 *(.preinit_array)
                [!provide]                        PROVIDE (__preinit_array_end = .)

.init_array     0x000000000010b000        0x0
                [!provide]                        PROVIDE (__init_array_start = .)
 *(SORT_BY_INIT_PRIORITY(.init_array.*) SORT_BY_INIT_PRIORITY(.ctors.*))
 *(.init_array EXCLUDE_FILE(*crtend?.o *crtend.o *crtbegin?.o *crtbegin.o) .ctors)
                [!provide]                        PROVIDE (__init_array_end = .)

.fini_array     0x000000000010b000        0x0
                [!provide]                        PROVIDE (__fini_array_start = .)
 *(SORT_BY_INIT_PRIORITY(.fini_array.*) SORT_BY_INIT_PRIORITY(.dtors.*))
 *(.fini_array EXCLUDE_FILE(*crtend?.o *crtend.o *crtbegin?.o *crtbegin.o) .dtors)
                [!provide]                        PROVIDE (__fini_array_end = .)

.ctors
 *crtbegin.o(.ctors)
 *crtbegin?.o(.ctors)
 *(EXCLUDE_FILE(*crtend?.o *crtend.o) .ctors)
 *(SORT_BY_NAME(.ctors.*))
 *(.ctors)

.dtors
 *crtbegin.o(.dtors)
 *crtbegin?.o(.dtors)
 *(EXCLUDE_FILE(*crtend?.o *crtend.o) .dtors)
 *(SORT_BY_NAME(.dtors.*))
 *(.dtors)

.jcr
 *(.jcr)

.data.rel.ro
 *(.data.rel.ro.local* .gnu.linkonce.d.rel.ro.local.*)
 *(.data.rel.ro .data.rel.ro.* .gnu.linkonce.d.rel.ro.*)

.dynamic
 *(.dynamic)

.got            0x000000000010b000        0x0
 *(.got)
 .got           0x000000000010b000        0x0 kernel/kernel.o
 *(.igot)
                0x000000000010b000                . = DATA_SEGMENT_RELRO_END (., (SIZEOF (.got.plt) >= 0xc)?0xc:0x0)

.got.plt        0x000000000010b000        0x0
 *(.got.plt)
 .got.plt       0x000000000010b000        0x0 kernel/kernel.o
 *(.igot.plt)
 .igot.plt      0x000000000010b000        0x0 kernel/kernel.o

.data           0x000000000010b000      0x7c0
 *(.data .data.* .gnu.linkonce.d.*)
 .data          0x000000000010b000        0x2 kernel/kernel.o
 .data          0x000000000010b002        0x0 kernel/start.o
 .data          0x000000000010b002        0x0 kernel/main.o
 .data          0x000000000010b002        0x0 kernel/clock.o
 .data          0x000000000010b002        0x0 kernel/i8259.o
 *fill*         0x000000000010b002       0x1e 
 .data          0x000000000010b020      0x198 kernel/global.o
                0x000000000010b020                task_table
                0x000000000010b0a0                user_proc_table
                0x000000000010b120                exp_handler_table
                0x000000000010b164                sys_call_table
                0x000000000010b170                sysctl_sched_latency
                0x000000000010b174                sysctl_sched_min_granularity
                0x000000000010b178                sched_nr_latency
                0x000000000010b17c                sched_tree
                0x000000000010b198                frame_tree
                0x000000000010b1b4                __stack_chk_guard
 .data          0x000000000010b1b8        0x0 kernel/protect.o
 .data          0x000000000010b1b8        0x0 kernel/proc.o
 .data          0x000000000010b1b8        0x0 kernel/rbtree.o
 *fill*         0x000000000010b1b8        0x8 
 .data          0x000000000010b1c0      0x600 kernel/keyboard.o
                0x000000000010b1c0                keymap
 .data          0x000000000010b7c0        0x0 kernel/tty.o
 .data          0x000000000010b7c0        0x0 kernel/console.o
 .data          0x000000000010b7c0        0x0 kernel/systask.o
 .data          0x000000000010b7c0        0x0 kernel/printf.o
 .data          0x000000000010b7c0        0x0 kernel/vsprintf.o
 .data          0x000000000010b7c0        0x0 mm/frame_allocator.o
 .data          0x000000000010b7c0        0x0 mm/page_table.o
 .data          0x000000000010b7c0        0x0 mm/buddy_system.o
 .data          0x000000000010b7c0        0x0 mm/heap_allocator.o
 .data          0x000000000010b7c0        0x0 drv/hd.o
 .data          0x000000000010b7c0        0x0 lib/klib.o
 .data          0x000000000010b7c0        0x0 lib/misc.o
 .data          0x000000000010b7c0        0x0 test/testmm.o

.data1
 *(.data1)
                0x000000000010b7c0                _edata = .
                [!provide]                        PROVIDE (edata = .)
                0x000000000010b7c0                . = .
                0x000000000010b7c0                __bss_start = .

.bss            0x000000000010b7c0  0x3033320
 *(.dynbss)
 *(.bss .bss.* .gnu.linkonce.b.*)
 .bss           0x000000000010b7c0      0x800 kernel/kernel.o
 .bss           0x000000000010bfc0        0x0 kernel/start.o
 .bss           0x000000000010bfc0        0x0 kernel/main.o
 .bss           0x000000000010bfc0        0x0 kernel/clock.o
 .bss           0x000000000010bfc0        0x0 kernel/i8259.o
 .bss           0x000000000010bfc0        0xc kernel/global.o
                0x000000000010bfc0                nr_running
                0x000000000010bfc4                sum_weight
                0x000000000010bfc8                has_preempt
 .bss           0x000000000010bfcc        0x0 kernel/protect.o
 .bss           0x000000000010bfcc        0x0 kernel/proc.o
 .bss           0x000000000010bfcc        0x0 kernel/rbtree.o
 *fill*         0x000000000010bfcc       0x14 
 .bss           0x000000000010bfe0       0x58 kernel/keyboard.o
 .bss           0x000000000010c038        0x0 kernel/tty.o
 .bss           0x000000000010c038        0x0 kernel/console.o
 .bss           0x000000000010c038        0x0 kernel/systask.o
 .bss           0x000000000010c038        0x0 kernel/printf.o
 .bss           0x000000000010c038        0x0 kernel/vsprintf.o
 .bss           0x000000000010c038        0x0 mm/frame_allocator.o
 .bss           0x000000000010c038        0x0 mm/page_table.o
 .bss           0x000000000010c038        0x0 mm/buddy_system.o
 .bss           0x000000000010c038        0x0 mm/heap_allocator.o
 *fill*         0x000000000010c038        0x8 
 .bss           0x000000000010c040      0x64c drv/hd.o
 .bss           0x000000000010c68c        0x0 lib/klib.o
 .bss           0x000000000010c68c        0x0 lib/misc.o
 .bss           0x000000000010c68c        0x0 test/testmm.o
 *(COMMON)
 *fill*         0x000000000010c68c       0x14 
 COMMON         0x000000000010c6a0  0x2032330 kernel/global.o
                0x000000000010c6a0                phy_frames
                0x000000000210c6a0                idt_ptr
                0x000000000210c6c0                task_stack
                0x000000000213c6c0                k_reenter
                0x000000000213c6e0                gdt
                0x000000000213cae0                tty_table
                0x000000000213db30                wait_table
                0x000000000213db60                tss
                0x000000000213dbc8                nr_current_console
                0x000000000213dbcc                disp_pos
                0x000000000213dbd0                gdt_ptr
                0x000000000213dbd8                wait_cnt
                0x000000000213dbe0                idt
                0x000000000213e3e0                se_table
                0x000000000213e500                PARTITION_ENTRY
                0x000000000213e510                ticks
                0x000000000213e514                stat
                0x000000000213e540                console_table
                0x000000000213e580                irq_table
                0x000000000213e5c0                p_proc_ready
                0x000000000213e5c4                p_cur_pagedir
                0x000000000213e5e0                proc_table
 *fill*         0x000000000213e9d0       0x10 
 COMMON         0x000000000213e9e0  0x1000100 mm/buddy_system.o
                0x000000000213e9e0                p
                0x000000000313e9e0                buddy_tree
                0x000000000313eae0                . = ALIGN ((. != 0x0)?0x4:0x1)
                0x000000000313eae0                . = ALIGN (0x4)
                0x000000000313eae0                . = SEGMENT_START ("ldata-segment", .)
                0x000000000313eae0                . = ALIGN (0x4)
                0x000000000313eae0                _end = .
                [!provide]                        PROVIDE (end = .)
                0x000000000313eae0                . = DATA_SEGMENT_END (.)

.stab
 *(.stab)

.stabstr
 *(.stabstr)

.stab.excl
 *(.stab.excl)

.stab.exclstr
 *(.stab.exclstr)

.stab.index
 *(.stab.index)

.stab.indexstr
 *(.stab.indexstr)

.comment        0x0000000000000000       0x35
 *(.comment)
 .comment       0x0000000000000000       0x35 kernel/start.o
                                         0x36 (size before relaxing)
 .comment       0x0000000000000035       0x36 kernel/main.o
 .comment       0x0000000000000035       0x36 kernel/clock.o
 .comment       0x0000000000000035       0x36 kernel/i8259.o
 .comment       0x0000000000000035       0x36 kernel/global.o
 .comment       0x0000000000000035       0x36 kernel/protect.o
 .comment       0x0000000000000035       0x36 kernel/proc.o
 .comment       0x0000000000000035       0x36 kernel/rbtree.o
 .comment       0x0000000000000035       0x36 kernel/keyboard.o
 .comment       0x0000000000000035       0x36 kernel/tty.o
 .comment       0x0000000000000035       0x36 kernel/console.o
 .comment       0x0000000000000035       0x36 kernel/systask.o
 .comment       0x0000000000000035       0x36 kernel/printf.o
 .comment       0x0000000000000035       0x36 kernel/vsprintf.o
 .comment       0x0000000000000035       0x36 mm/frame_allocator.o
 .comment       0x0000000000000035       0x36 mm/page_table.o
 .comment       0x0000000000000035       0x36 mm/buddy_system.o
 .comment       0x0000000000000035       0x36 mm/heap_allocator.o
 .comment       0x0000000000000035       0x36 drv/hd.o
 .comment       0x0000000000000035       0x36 lib/klib.o
 .comment       0x0000000000000035       0x36 lib/misc.o
 .comment       0x0000000000000035       0x36 test/testmm.o

.debug
 *(.debug)

.line
 *(.line)

.debug_srcinfo
 *(.debug_srcinfo)

.debug_sfnames
 *(.debug_sfnames)

.debug_aranges
 *(.debug_aranges)

.debug_pubnames
 *(.debug_pubnames)

.debug_info
 *(.debug_info .gnu.linkonce.wi.*)

.debug_abbrev
 *(.debug_abbrev)

.debug_line
 *(.debug_line .debug_line.* .debug_line_end)

.debug_frame
 *(.debug_frame)

.debug_str
 *(.debug_str)

.debug_loc
 *(.debug_loc)

.debug_macinfo
 *(.debug_macinfo)

.debug_weaknames
 *(.debug_weaknames)

.debug_funcnames
 *(.debug_funcnames)

.debug_typenames
 *(.debug_typenames)

.debug_varnames
 *(.debug_varnames)

.debug_pubtypes
 *(.debug_pubtypes)

.debug_ranges
 *(.debug_ranges)

.debug_macro
 *(.debug_macro)

.debug_addr
 *(.debug_addr)

.gnu.attributes
 *(.gnu.attributes)

/DISCARD/
 *(.note.GNU-stack)
 *(.gnu_debuglink)
 *(.gnu.lto_*)
OUTPUT(kernel.bin elf32-i386)
