
Allocating common symbols
Common symbol       size              file

idt_ptr             0x6               kernel/global.o
task_stack          0x28000           kernel/global.o
k_reenter           0x4               kernel/global.o
gdt                 0x400             kernel/global.o
tty_table           0x1050            kernel/global.o
wait_table          0x14              kernel/global.o
tss                 0x68              kernel/global.o
nr_current_console  0x4               kernel/global.o
disp_pos            0x4               kernel/global.o
gdt_ptr             0x6               kernel/global.o
wait_cnt            0x4               kernel/global.o
idt                 0x800             kernel/global.o
se_table            0xf0              kernel/global.o
ticks               0x4               kernel/global.o
stat                0x14              kernel/global.o
console_table       0x40              kernel/global.o
irq_table           0x40              kernel/global.o
p_proc_ready        0x4               kernel/global.o
proc_table          0x30c             kernel/global.o

Discarded input sections

 .note.GNU-stack
                0x0000000000000000        0x0 kernel/start.o
 .note.GNU-stack
                0x0000000000000000        0x0 kernel/main.o
 .note.GNU-stack
                0x0000000000000000        0x0 kernel/clock.o
 .note.GNU-stack
                0x0000000000000000        0x0 kernel/i8259.o
 .note.GNU-stack
                0x0000000000000000        0x0 kernel/global.o
 .note.GNU-stack
                0x0000000000000000        0x0 kernel/protect.o
 .note.GNU-stack
                0x0000000000000000        0x0 kernel/proc.o
 .note.GNU-stack
                0x0000000000000000        0x0 kernel/rbtree.o
 .note.GNU-stack
                0x0000000000000000        0x0 kernel/testmm.o
 .note.GNU-stack
                0x0000000000000000        0x0 kernel/keyboard.o
 .note.GNU-stack
                0x0000000000000000        0x0 kernel/tty.o
 .note.GNU-stack
                0x0000000000000000        0x0 kernel/console.o
 .note.GNU-stack
                0x0000000000000000        0x0 kernel/systask.o
 .note.GNU-stack
                0x0000000000000000        0x0 kernel/printf.o
 .note.GNU-stack
                0x0000000000000000        0x0 kernel/vsprintf.o
 .note.GNU-stack
                0x0000000000000000        0x0 lib/klib.o
 .note.GNU-stack
                0x0000000000000000        0x0 lib/misc.o

Memory Configuration

Name             Origin             Length             Attributes
*default*        0x0000000000000000 0xffffffffffffffff

Linker script and memory map

Address of section .text set to 0x30400
LOAD kernel/kernel.o
LOAD kernel/syscall.o
LOAD kernel/start.o
LOAD kernel/main.o
LOAD kernel/clock.o
LOAD kernel/i8259.o
LOAD kernel/global.o
LOAD kernel/protect.o
LOAD kernel/proc.o
LOAD kernel/rbtree.o
LOAD kernel/mm.o
LOAD kernel/testmm.o
LOAD kernel/keyboard.o
LOAD kernel/tty.o
LOAD kernel/console.o
LOAD kernel/systask.o
LOAD kernel/printf.o
LOAD kernel/vsprintf.o
LOAD lib/kliba.o
LOAD lib/klib.o
LOAD lib/string.o
LOAD lib/misc.o
                [!provide]                        PROVIDE (__executable_start, 0x8048000)
                0x0000000008048094                . = (0x8048000 + SIZEOF_HEADERS)

.interp
 *(.interp)

.note.gnu.build-id
 *(.note.gnu.build-id)

.hash
 *(.hash)

.gnu.hash
 *(.gnu.hash)

.dynsym
 *(.dynsym)

.dynstr
 *(.dynstr)

.gnu.version
 *(.gnu.version)

.gnu.version_d
 *(.gnu.version_d)

.gnu.version_r
 *(.gnu.version_r)

.rel.dyn        0x0000000008048094        0x0
 *(.rel.init)
 *(.rel.text .rel.text.* .rel.gnu.linkonce.t.*)
 .rel.text      0x0000000008048094        0x0 kernel/kernel.o
 *(.rel.fini)
 *(.rel.rodata .rel.rodata.* .rel.gnu.linkonce.r.*)
 *(.rel.data.rel.ro .rel.data.rel.ro.* .rel.gnu.linkonce.d.rel.ro.*)
 *(.rel.data .rel.data.* .rel.gnu.linkonce.d.*)
 .rel.data      0x0000000008048094        0x0 kernel/kernel.o
 *(.rel.tdata .rel.tdata.* .rel.gnu.linkonce.td.*)
 *(.rel.tbss .rel.tbss.* .rel.gnu.linkonce.tb.*)
 *(.rel.ctors)
 *(.rel.dtors)
 *(.rel.got)
 *(.rel.bss .rel.bss.* .rel.gnu.linkonce.b.*)
 *(.rel.ifunc)

.rel.plt        0x0000000008048094        0x0
 *(.rel.plt)
                [!provide]                        PROVIDE (__rel_iplt_start, .)
 *(.rel.iplt)
 .rel.iplt      0x0000000008048094        0x0 kernel/kernel.o
                [!provide]                        PROVIDE (__rel_iplt_end, .)

.init
 *(SORT(.init))

.plt            0x00000000080480a0        0x0
 *(.plt)
 *(.iplt)
 .iplt          0x00000000080480a0        0x0 kernel/kernel.o

.plt.got
 *(.plt.got)

.text           0x0000000000030400     0x4c9c
 *(.text.unlikely .text.*_unlikely .text.unlikely.*)
 *(.text.exit .text.exit.*)
 *(.text.startup .text.startup.*)
 *(.text.hot .text.hot.*)
 *(.text .stub .text.* .gnu.linkonce.t.*)
 .text          0x0000000000030400      0x317 kernel/kernel.o
                0x0000000000030400                _start
                0x0000000000030440                hwint00
                0x0000000000030470                hwint01
                0x00000000000304a0                hwint02
                0x00000000000304d0                hwint03
                0x0000000000030500                hwint04
                0x0000000000030530                hwint05
                0x0000000000030560                hwint06
                0x0000000000030590                hwint07
                0x00000000000305c0                hwint08
                0x00000000000305d0                hwint09
                0x00000000000305e0                hwint10
                0x00000000000305f0                hwint11
                0x0000000000030600                hwint12
                0x0000000000030610                hwint13
                0x0000000000030620                hwint14
                0x0000000000030630                hwint15
                0x000000000003063b                divide_error
                0x0000000000030641                single_step_exception
                0x0000000000030647                nmi
                0x000000000003064d                breakpoint_exception
                0x0000000000030653                overflow
                0x0000000000030659                bounds_check
                0x000000000003065f                inval_opcode
                0x0000000000030665                copr_not_available
                0x000000000003066b                double_fault
                0x000000000003066f                copr_seg_overrun
                0x0000000000030675                inval_tss
                0x0000000000030679                segment_not_present
                0x000000000003067d                stack_exception
                0x0000000000030681                general_protection
                0x0000000000030685                page_fault
                0x0000000000030689                copr_error
                0x00000000000306d2                sys_call
                0x00000000000306f2                restart
 *fill*         0x0000000000030717        0x9 
 .text          0x0000000000030720       0x20 kernel/syscall.o
                0x0000000000030720                sendrec
                0x0000000000030734                printx
 .text          0x0000000000030740       0x95 kernel/start.o
                0x0000000000030740                cstart
 .text          0x00000000000307d5      0x347 kernel/main.o
                0x00000000000307d5                kernel_main
                0x0000000000030a2b                get_ticks
                0x0000000000030a5f                TestA
                0x0000000000030ab5                TestB
                0x0000000000030ac4                TestC
                0x0000000000030ad3                panic
 .text          0x0000000000030b1c      0x196 kernel/clock.o
                0x0000000000030b1c                clock_handler
                0x0000000000030c20                milli_delay
                0x0000000000030c5a                init_clock
 .text          0x0000000000030cb2      0x130 kernel/i8259.o
                0x0000000000030cb2                init_8259A
                0x0000000000030d87                spurious_irq
                0x0000000000030dbe                put_irq_handler
 .text          0x0000000000030de2        0x0 kernel/global.o
 .text          0x0000000000030de2      0x614 kernel/protect.o
                0x0000000000030de2                init_prot
                0x00000000000311ff                seg2phys
                0x00000000000312bb                exception_handler
 .text          0x00000000000313f6     0x1aaa kernel/proc.o
                0x00000000000313f6                __sched_period
                0x0000000000031415                sched_slice
                0x0000000000031451                calc_delta_fair
                0x0000000000031480                schedule
                0x00000000000314f6                add_task
                0x0000000000031721                rm_task
                0x00000000000317b2                sys_sendrec
                0x00000000000318db                send_recv
                0x0000000000031998                ldt_seg_linear
                0x00000000000319e2                va2la
                0x0000000000031a43                reset_msg
                0x00000000000329f9                dump_proc
                0x0000000000032d93                dump_msg
 .text          0x0000000000032ea0      0x72f kernel/rbtree.o
                0x0000000000032ea0                tree_minimum
                0x0000000000032ec0                __pick_first_entity
                0x0000000000032eef                left_rotate
                0x0000000000032f83                right_rotate
                0x0000000000033017                rb_insert_fixup
                0x0000000000033197                rb_insert
                0x000000000003324c                rb_transplant
                0x00000000000332a6                rb_delete_fixup
                0x00000000000334ba                rb_delete
 *fill*         0x00000000000335cf        0x1 
 .text          0x00000000000335d0      0x22a kernel/mm.o
                0x00000000000335d0                VAToPA
                0x000000000003363c                alloc_pages
                0x00000000000336cd                free_pages
                0x0000000000033751                map
                0x000000000003378c                unmap
                0x00000000000337c5                get_bitmap
                0x00000000000337e7                init_bitmap
 .text          0x00000000000337fa      0x256 kernel/testmm.o
                0x00000000000337fa                printint
                0x0000000000033822                test_mm
 .text          0x0000000000033a50      0x687 kernel/keyboard.o
                0x0000000000033a50                keyboard_handler
                0x0000000000033ab0                init_keyboard
                0x0000000000033b55                keyboard_read
 .text          0x00000000000340d7      0x516 kernel/tty.o
                0x00000000000340d7                task_tty
                0x0000000000034191                in_process
                0x00000000000343f7                tty_write
                0x000000000003443d                sys_printx
 .text          0x00000000000345ed      0x41d kernel/console.o
                0x00000000000345ed                init_screen
                0x0000000000034704                is_current_console
                0x000000000003471f                out_char
                0x0000000000034969                select_console
                0x000000000003499f                scroll_screen
 .text          0x0000000000034a0a       0x58 kernel/systask.o
                0x0000000000034a0a                task_sys
 .text          0x0000000000034a62       0x50 kernel/printf.o
                0x0000000000034a62                printf
 .text          0x0000000000034ab2      0x305 kernel/vsprintf.o
                0x0000000000034b10                vsprintf
                0x0000000000034d91                sprintf
 *fill*         0x0000000000034db7        0x9 
 .text          0x0000000000034dc0       0xeb lib/kliba.o
                0x0000000000034dc0                disp_str
                0x0000000000034dfe                disp_color_str
                0x0000000000034e3d                out_byte
                0x0000000000034e49                in_byte
                0x0000000000034e53                disable_irq
                0x0000000000034e88                enable_irq
                0x0000000000034ea7                disable_int
                0x0000000000034ea9                enable_int
 .text          0x0000000000034eab      0x119 lib/klib.o
                0x0000000000034eab                itoa
                0x0000000000034f56                disp_int
                0x0000000000034f7d                delay
 *fill*         0x0000000000034fc4        0xc 
 .text          0x0000000000034fd0       0x78 lib/string.o
                0x0000000000034fd0                memcpy
                0x0000000000034ff9                memset
                0x000000000003501a                strcpy
                0x0000000000035032                strlen
 .text          0x0000000000035048       0x54 lib/misc.o
                0x0000000000035048                spin
                0x0000000000035063                assertion_failure
 *(.gnu.warning)

.fini
 *(SORT(.fini))
                [!provide]                        PROVIDE (__etext, .)
                [!provide]                        PROVIDE (_etext, .)
                [!provide]                        PROVIDE (etext, .)

.rodata         0x00000000000350a0      0xea5
 *(.rodata .rodata.* .gnu.linkonce.r.*)
 .rodata        0x00000000000350a0       0x4b kernel/start.o
 *fill*         0x00000000000350eb        0x1 
 .rodata        0x00000000000350ec       0x52 kernel/main.o
 .rodata        0x000000000003513e       0x11 kernel/i8259.o
 *fill*         0x000000000003514f       0x11 
 .rodata        0x0000000000035160       0xa0 kernel/global.o
                0x0000000000035160                sched_prio_to_weight
 .rodata        0x0000000000035200      0x540 kernel/protect.o
 .rodata        0x0000000000035740      0x696 kernel/proc.o
 .rodata        0x0000000000035dd6        0x4 kernel/testmm.o
 *fill*         0x0000000000035dda        0x2 
 .rodata        0x0000000000035ddc       0x64 kernel/keyboard.o
 .rodata        0x0000000000035e40       0x90 kernel/tty.o
 .rodata        0x0000000000035ed0       0x11 kernel/systask.o
 *fill*         0x0000000000035ee1        0x3 
 .rodata        0x0000000000035ee4       0x61 lib/misc.o

.rodata1
 *(.rodata1)

.eh_frame_hdr
 *(.eh_frame_hdr)
 *(.eh_frame_entry .eh_frame_entry.*)

.eh_frame       0x0000000000035f48      0xa3c
 *(.eh_frame)
 .eh_frame      0x0000000000035f48       0x38 kernel/start.o
 .eh_frame      0x0000000000035f80       0xb0 kernel/main.o
                                         0xc8 (size before relaxing)
 .eh_frame      0x0000000000036030       0x60 kernel/clock.o
                                         0x78 (size before relaxing)
 .eh_frame      0x0000000000036090       0x60 kernel/i8259.o
                                         0x78 (size before relaxing)
 .eh_frame      0x00000000000360f0       0xb0 kernel/protect.o
                                         0xc8 (size before relaxing)
 .eh_frame      0x00000000000361a0      0x26c kernel/proc.o
                                        0x284 (size before relaxing)
 .eh_frame      0x000000000003640c      0x120 kernel/rbtree.o
                                        0x138 (size before relaxing)
 .eh_frame      0x000000000003652c       0x44 kernel/testmm.o
                                         0x5c (size before relaxing)
 .eh_frame      0x0000000000036570       0xe0 kernel/keyboard.o
                                         0xf8 (size before relaxing)
 .eh_frame      0x0000000000036650       0xfc kernel/tty.o
                                        0x114 (size before relaxing)
 .eh_frame      0x000000000003674c      0x100 kernel/console.o
                                        0x118 (size before relaxing)
 .eh_frame      0x000000000003684c       0x1c kernel/systask.o
                                         0x34 (size before relaxing)
 .eh_frame      0x0000000000036868       0x20 kernel/printf.o
                                         0x38 (size before relaxing)
 .eh_frame      0x0000000000036888       0x60 kernel/vsprintf.o
                                         0x78 (size before relaxing)
 .eh_frame      0x00000000000368e8       0x60 lib/klib.o
                                         0x78 (size before relaxing)
 .eh_frame      0x0000000000036948       0x3c lib/misc.o
                                         0x54 (size before relaxing)
 *(.eh_frame.*)

.gcc_except_table
 *(.gcc_except_table .gcc_except_table.*)

.gnu_extab
 *(.gnu_extab*)

.exception_ranges
 *(.exception_ranges .exception_ranges*)
                0x0000000000037984                . = DATA_SEGMENT_ALIGN (0x1000, 0x1000)

.eh_frame
 *(.eh_frame)
 *(.eh_frame.*)

.gnu_extab
 *(.gnu_extab)

.gcc_except_table
 *(.gcc_except_table .gcc_except_table.*)

.exception_ranges
 *(.exception_ranges .exception_ranges*)

.tdata
 *(.tdata .tdata.* .gnu.linkonce.td.*)

.tbss
 *(.tbss .tbss.* .gnu.linkonce.tb.*)
 *(.tcommon)

.preinit_array  0x0000000000037984        0x0
                [!provide]                        PROVIDE (__preinit_array_start, .)
 *(.preinit_array)
                [!provide]                        PROVIDE (__preinit_array_end, .)

.init_array     0x0000000000037984        0x0
                [!provide]                        PROVIDE (__init_array_start, .)
 *(SORT(.init_array.*) SORT(.ctors.*))
 *(.init_array EXCLUDE_FILE(*crtend?.o *crtend.o *crtbegin?.o *crtbegin.o) .ctors)
                [!provide]                        PROVIDE (__init_array_end, .)

.fini_array     0x0000000000037984        0x0
                [!provide]                        PROVIDE (__fini_array_start, .)
 *(SORT(.fini_array.*) SORT(.dtors.*))
 *(.fini_array EXCLUDE_FILE(*crtend?.o *crtend.o *crtbegin?.o *crtbegin.o) .dtors)
                [!provide]                        PROVIDE (__fini_array_end, .)

.ctors
 *crtbegin.o(.ctors)
 *crtbegin?.o(.ctors)
 *(EXCLUDE_FILE(*crtend?.o *crtend.o) .ctors)
 *(SORT(.ctors.*))
 *(.ctors)

.dtors
 *crtbegin.o(.dtors)
 *crtbegin?.o(.dtors)
 *(EXCLUDE_FILE(*crtend?.o *crtend.o) .dtors)
 *(SORT(.dtors.*))
 *(.dtors)

.jcr
 *(.jcr)

.data.rel.ro
 *(.data.rel.ro.local* .gnu.linkonce.d.rel.ro.local.*)
 *(.data.rel.ro .data.rel.ro.* .gnu.linkonce.d.rel.ro.*)

.dynamic
 *(.dynamic)

.got
 *(.got)
 *(.igot)
                0x0000000000037984                . = DATA_SEGMENT_RELRO_END (., (SIZEOF (.got.plt) >= 0xc)?0xc:0x0)

.got.plt        0x0000000000037984        0x0
 *(.got.plt)
 *(.igot.plt)
 .igot.plt      0x0000000000037984        0x0 kernel/kernel.o

.data           0x00000000000379a0      0x740
 *(.data .data.* .gnu.linkonce.d.*)
 .data          0x00000000000379a0        0x2 kernel/kernel.o
 .data          0x00000000000379a2        0x0 kernel/start.o
 .data          0x00000000000379a2        0x0 kernel/main.o
 .data          0x00000000000379a2        0x0 kernel/clock.o
 .data          0x00000000000379a2        0x0 kernel/i8259.o
 *fill*         0x00000000000379a2       0x1e 
 .data          0x00000000000379c0       0xf0 kernel/global.o
                0x00000000000379c0                task_table
                0x0000000000037a20                user_proc_table
                0x0000000000037a98                sys_call_table
                0x0000000000037aa4                sysctl_sched_latency
                0x0000000000037aa8                sysctl_sched_min_granularity
                0x0000000000037aac                sched_nr_latency
 .data          0x0000000000037ab0        0x0 kernel/protect.o
 .data          0x0000000000037ab0        0x0 kernel/proc.o
 .data          0x0000000000037ab0       0x1c kernel/rbtree.o
                0x0000000000037ab0                nil
                0x0000000000037ac8                root
 .data          0x0000000000037acc        0x0 kernel/testmm.o
 *fill*         0x0000000000037acc       0x14 
 .data          0x0000000000037ae0      0x600 kernel/keyboard.o
                0x0000000000037ae0                keymap
 .data          0x00000000000380e0        0x0 kernel/tty.o
 .data          0x00000000000380e0        0x0 kernel/console.o
 .data          0x00000000000380e0        0x0 kernel/systask.o
 .data          0x00000000000380e0        0x0 kernel/printf.o
 .data          0x00000000000380e0        0x0 kernel/vsprintf.o
 .data          0x00000000000380e0        0x0 lib/klib.o
 .data          0x00000000000380e0        0x0 lib/misc.o

.data1
 *(.data1)
                0x00000000000380e0                _edata = .
                [!provide]                        PROVIDE (edata, .)
                0x00000000000380e0                . = .
                0x00000000000380e0                __bss_start = .

.bss            0x00000000000380e0    0x2ab0c
 *(.dynbss)
 *(.bss .bss.* .gnu.linkonce.b.*)
 .bss           0x00000000000380e0      0x800 kernel/kernel.o
 .bss           0x00000000000388e0        0x0 kernel/start.o
 .bss           0x00000000000388e0        0x0 kernel/main.o
 .bss           0x00000000000388e0        0x0 kernel/clock.o
 .bss           0x00000000000388e0        0x0 kernel/i8259.o
 .bss           0x00000000000388e0        0xc kernel/global.o
                0x00000000000388e0                nr_running
                0x00000000000388e4                sum_weight
                0x00000000000388e8                has_preempt
 .bss           0x00000000000388ec        0x0 kernel/protect.o
 .bss           0x00000000000388ec        0x0 kernel/proc.o
 .bss           0x00000000000388ec        0x0 kernel/rbtree.o
 .bss           0x00000000000388ec       0x80 kernel/mm.o
 .bss           0x000000000003896c        0x0 kernel/testmm.o
 *fill*         0x000000000003896c       0x14 
 .bss           0x0000000000038980       0x58 kernel/keyboard.o
 .bss           0x00000000000389d8        0x0 kernel/tty.o
 .bss           0x00000000000389d8        0x0 kernel/console.o
 .bss           0x00000000000389d8        0x0 kernel/systask.o
 .bss           0x00000000000389d8        0x0 kernel/printf.o
 .bss           0x00000000000389d8        0x0 kernel/vsprintf.o
 .bss           0x00000000000389d8        0x0 lib/klib.o
 .bss           0x00000000000389d8        0x0 lib/misc.o
 *(COMMON)
 *fill*         0x00000000000389d8        0x8 
 COMMON         0x00000000000389e0    0x2a20c kernel/global.o
                0x00000000000389e0                idt_ptr
                0x0000000000038a00                task_stack
                0x0000000000060a00                k_reenter
                0x0000000000060a20                gdt
                0x0000000000060e20                tty_table
                0x0000000000061e70                wait_table
                0x0000000000061ea0                tss
                0x0000000000061f08                nr_current_console
                0x0000000000061f0c                disp_pos
                0x0000000000061f10                gdt_ptr
                0x0000000000061f18                wait_cnt
                0x0000000000061f20                idt
                0x0000000000062720                se_table
                0x0000000000062810                ticks
                0x0000000000062814                stat
                0x0000000000062840                console_table
                0x0000000000062880                irq_table
                0x00000000000628c0                p_proc_ready
                0x00000000000628e0                proc_table
                0x0000000000062bec                . = ALIGN ((. != 0x0)?0x4:0x1)
                0x0000000000062bec                . = ALIGN (0x4)
                0x0000000000062bec                . = SEGMENT_START ("ldata-segment", .)
                0x0000000000062bec                . = ALIGN (0x4)
                0x0000000000062bec                _end = .
                [!provide]                        PROVIDE (end, .)
                0x0000000000062bec                . = DATA_SEGMENT_END (.)

.stab
 *(.stab)

.stabstr
 *(.stabstr)

.stab.excl
 *(.stab.excl)

.stab.exclstr
 *(.stab.exclstr)

.stab.index
 *(.stab.index)

.stab.indexstr
 *(.stab.indexstr)

.comment        0x0000000000000000       0x35
 *(.comment)
 .comment       0x0000000000000000       0x35 kernel/start.o
                                         0x36 (size before relaxing)
 .comment       0x0000000000000035       0x36 kernel/main.o
 .comment       0x0000000000000035       0x36 kernel/clock.o
 .comment       0x0000000000000035       0x36 kernel/i8259.o
 .comment       0x0000000000000035       0x36 kernel/global.o
 .comment       0x0000000000000035       0x36 kernel/protect.o
 .comment       0x0000000000000035       0x36 kernel/proc.o
 .comment       0x0000000000000035       0x36 kernel/rbtree.o
 .comment       0x0000000000000035       0x36 kernel/testmm.o
 .comment       0x0000000000000035       0x36 kernel/keyboard.o
 .comment       0x0000000000000035       0x36 kernel/tty.o
 .comment       0x0000000000000035       0x36 kernel/console.o
 .comment       0x0000000000000035       0x36 kernel/systask.o
 .comment       0x0000000000000035       0x36 kernel/printf.o
 .comment       0x0000000000000035       0x36 kernel/vsprintf.o
 .comment       0x0000000000000035       0x36 lib/klib.o
 .comment       0x0000000000000035       0x36 lib/misc.o

.debug
 *(.debug)

.line
 *(.line)

.debug_srcinfo
 *(.debug_srcinfo)

.debug_sfnames
 *(.debug_sfnames)

.debug_aranges
 *(.debug_aranges)

.debug_pubnames
 *(.debug_pubnames)

.debug_info
 *(.debug_info .gnu.linkonce.wi.*)

.debug_abbrev
 *(.debug_abbrev)

.debug_line
 *(.debug_line .debug_line.* .debug_line_end)

.debug_frame
 *(.debug_frame)

.debug_str
 *(.debug_str)

.debug_loc
 *(.debug_loc)

.debug_macinfo
 *(.debug_macinfo)

.debug_weaknames
 *(.debug_weaknames)

.debug_funcnames
 *(.debug_funcnames)

.debug_typenames
 *(.debug_typenames)

.debug_varnames
 *(.debug_varnames)

.debug_pubtypes
 *(.debug_pubtypes)

.debug_ranges
 *(.debug_ranges)

.debug_macro
 *(.debug_macro)

.gnu.attributes
 *(.gnu.attributes)

/DISCARD/
 *(.note.GNU-stack)
 *(.gnu_debuglink)
 *(.gnu.lto_*)
OUTPUT(kernel.bin elf32-i386)
