Archive member included to satisfy reference by file (symbol)

lib/orangescrt.a(syscall.o)   fs/main.o (logcontrol)
lib/orangescrt.a(printf.o)    kernel/main.o (printf)
lib/orangescrt.a(vsprintf.o)  kernel/main.o (vsprintf)
lib/orangescrt.a(string.o)    kernel/start.o (memcpy)
lib/orangescrt.a(misc.o)      kernel/main.o (send_recv)
lib/orangescrt.a(open.o)      kernel/main.o (open)
lib/orangescrt.a(read.o)      kernel/main.o (read)
lib/orangescrt.a(write.o)     kernel/main.o (write)
lib/orangescrt.a(close.o)     kernel/main.o (close)
lib/orangescrt.a(getpid.o)    kernel/main.o (getpid)
lib/orangescrt.a(stat.o)      mm/exec.o (stat)
lib/orangescrt.a(fork.o)      kernel/main.o (fork)
lib/orangescrt.a(wait.o)      kernel/main.o (wait)
lib/orangescrt.a(exec.o)      kernel/main.o (execv)

Allocating common symbols
Common symbol       size              file

idt_ptr             0x6               kernel/global.o
inode_table         0xb00             kernel/global.o
task_stack          0x24000           kernel/global.o
k_reenter           0x4               kernel/global.o
gdt                 0x400             kernel/global.o
current_console     0x4               kernel/global.o
log_device          0x4               kernel/global.o
pcaller             0x4               kernel/global.o
tty_table           0xc78             kernel/global.o
tss                 0x68              kernel/global.o
fs_msg              0x30              kernel/global.o
memory_size         0x4               kernel/global.o
f_desc_table        0x400             kernel/global.o
root_inode          0x4               kernel/global.o
disp_pos            0x4               kernel/global.o
logbuf              0x1000            kernel/global.o
mm_msg              0x30              kernel/global.o
key_pressed         0x4               kernel/global.o
gdt_ptr             0x6               kernel/global.o
idt                 0x800             kernel/global.o
log_process         0x4               kernel/global.o
super_block         0x1e0             kernel/global.o
PARTITION_ENTRY     0x10              kernel/hd.o
ticks               0x4               kernel/global.o
console_table       0x3c              kernel/global.o
logbuf_pos          0x4               kernel/global.o
irq_table           0x40              kernel/global.o
p_proc_ready        0x4               kernel/global.o
proc_table          0x3aae            kernel/global.o
log_file            0x4               kernel/global.o
log_syscall         0x4               kernel/global.o

Discarded input sections

 .note.GNU-stack
                0x0000000000000000        0x0 kernel/start.o
 .note.GNU-stack
                0x0000000000000000        0x0 kernel/main.o
 .note.GNU-stack
                0x0000000000000000        0x0 kernel/clock.o
 .note.GNU-stack
                0x0000000000000000        0x0 kernel/keyboard.o
 .note.GNU-stack
                0x0000000000000000        0x0 kernel/tty.o
 .note.GNU-stack
                0x0000000000000000        0x0 kernel/console.o
 .note.GNU-stack
                0x0000000000000000        0x0 kernel/i8259.o
 .note.GNU-stack
                0x0000000000000000        0x0 kernel/global.o
 .note.GNU-stack
                0x0000000000000000        0x0 kernel/protect.o
 .note.GNU-stack
                0x0000000000000000        0x0 kernel/proc.o
 .note.GNU-stack
                0x0000000000000000        0x0 kernel/systask.o
 .note.GNU-stack
                0x0000000000000000        0x0 kernel/hd.o
 .note.GNU-stack
                0x0000000000000000        0x0 kernel/klib.o
 .note.GNU-stack
                0x0000000000000000        0x0 lib/syslog.o
 .note.GNU-stack
                0x0000000000000000        0x0 mm/main.o
 .note.GNU-stack
                0x0000000000000000        0x0 mm/forkexit.o
 .note.GNU-stack
                0x0000000000000000        0x0 mm/exec.o
 .note.GNU-stack
                0x0000000000000000        0x0 fs/main.o
 .note.GNU-stack
                0x0000000000000000        0x0 fs/open.o
 .note.GNU-stack
                0x0000000000000000        0x0 fs/misc.o
 .note.GNU-stack
                0x0000000000000000        0x0 fs/read_write.o
 .note.GNU-stack
                0x0000000000000000        0x0 fs/link.o
 .note.GNU-stack
                0x0000000000000000        0x0 fs/disklog.o
 .note.GNU-stack
                0x0000000000000000        0x0 lib/orangescrt.a(printf.o)
 .note.GNU-stack
                0x0000000000000000        0x0 lib/orangescrt.a(vsprintf.o)
 .note.GNU-stack
                0x0000000000000000        0x0 lib/orangescrt.a(misc.o)
 .note.GNU-stack
                0x0000000000000000        0x0 lib/orangescrt.a(open.o)
 .note.GNU-stack
                0x0000000000000000        0x0 lib/orangescrt.a(read.o)
 .note.GNU-stack
                0x0000000000000000        0x0 lib/orangescrt.a(write.o)
 .note.GNU-stack
                0x0000000000000000        0x0 lib/orangescrt.a(close.o)
 .note.GNU-stack
                0x0000000000000000        0x0 lib/orangescrt.a(getpid.o)
 .note.GNU-stack
                0x0000000000000000        0x0 lib/orangescrt.a(stat.o)
 .note.GNU-stack
                0x0000000000000000        0x0 lib/orangescrt.a(fork.o)
 .note.GNU-stack
                0x0000000000000000        0x0 lib/orangescrt.a(wait.o)
 .note.GNU-stack
                0x0000000000000000        0x0 lib/orangescrt.a(exec.o)

Memory Configuration

Name             Origin             Length             Attributes
*default*        0x0000000000000000 0xffffffffffffffff

Linker script and memory map

Address of section .text set to 0x1000
LOAD kernel/kernel.o
LOAD kernel/start.o
LOAD kernel/main.o
LOAD kernel/clock.o
LOAD kernel/keyboard.o
LOAD kernel/tty.o
LOAD kernel/console.o
LOAD kernel/i8259.o
LOAD kernel/global.o
LOAD kernel/protect.o
LOAD kernel/proc.o
LOAD kernel/systask.o
LOAD kernel/hd.o
LOAD kernel/kliba.o
LOAD kernel/klib.o
LOAD lib/syslog.o
LOAD mm/main.o
LOAD mm/forkexit.o
LOAD mm/exec.o
LOAD fs/main.o
LOAD fs/open.o
LOAD fs/misc.o
LOAD fs/read_write.o
LOAD fs/link.o
LOAD fs/disklog.o
LOAD lib/orangescrt.a
                [!provide]                        PROVIDE (__executable_start, 0x8048000)
                0x0000000008048094                . = (0x8048000 + SIZEOF_HEADERS)

.interp
 *(.interp)

.note.gnu.build-id
 *(.note.gnu.build-id)

.hash
 *(.hash)

.gnu.hash
 *(.gnu.hash)

.dynsym
 *(.dynsym)

.dynstr
 *(.dynstr)

.gnu.version
 *(.gnu.version)

.gnu.version_d
 *(.gnu.version_d)

.gnu.version_r
 *(.gnu.version_r)

.rel.dyn        0x0000000008048094        0x0
 *(.rel.init)
 *(.rel.text .rel.text.* .rel.gnu.linkonce.t.*)
 .rel.text      0x0000000008048094        0x0 kernel/kernel.o
 *(.rel.fini)
 *(.rel.rodata .rel.rodata.* .rel.gnu.linkonce.r.*)
 *(.rel.data.rel.ro .rel.data.rel.ro.* .rel.gnu.linkonce.d.rel.ro.*)
 *(.rel.data .rel.data.* .rel.gnu.linkonce.d.*)
 .rel.data      0x0000000008048094        0x0 kernel/kernel.o
 *(.rel.tdata .rel.tdata.* .rel.gnu.linkonce.td.*)
 *(.rel.tbss .rel.tbss.* .rel.gnu.linkonce.tb.*)
 *(.rel.ctors)
 *(.rel.dtors)
 *(.rel.got)
 *(.rel.bss .rel.bss.* .rel.gnu.linkonce.b.*)
 *(.rel.ifunc)

.rel.plt        0x0000000008048094        0x0
 *(.rel.plt)
                [!provide]                        PROVIDE (__rel_iplt_start, .)
 *(.rel.iplt)
 .rel.iplt      0x0000000008048094        0x0 kernel/kernel.o
                [!provide]                        PROVIDE (__rel_iplt_end, .)

.init
 *(SORT(.init))

.plt            0x00000000080480a0        0x0
 *(.plt)
 *(.iplt)
 .iplt          0x00000000080480a0        0x0 kernel/kernel.o

.plt.got
 *(.plt.got)

.text           0x0000000000001000     0xc46c
 *(.text.unlikely .text.*_unlikely .text.unlikely.*)
 *(.text.exit .text.exit.*)
 *(.text.startup .text.startup.*)
 *(.text.hot .text.hot.*)
 *(.text .stub .text.* .gnu.linkonce.t.*)
 .text          0x0000000000001000      0x41e kernel/kernel.o
                0x0000000000001000                _start
                0x0000000000001040                hwint00
                0x0000000000001070                hwint01
                0x00000000000010a0                hwint02
                0x00000000000010d0                hwint03
                0x0000000000001100                hwint04
                0x0000000000001130                hwint05
                0x0000000000001160                hwint06
                0x0000000000001190                hwint07
                0x00000000000011c0                hwint08
                0x00000000000011f0                hwint09
                0x0000000000001220                hwint10
                0x0000000000001250                hwint11
                0x0000000000001280                hwint12
                0x00000000000012b0                hwint13
                0x00000000000012e0                hwint14
                0x0000000000001310                hwint15
                0x0000000000001334                divide_error
                0x000000000000133a                single_step_exception
                0x0000000000001340                nmi
                0x0000000000001346                breakpoint_exception
                0x000000000000134c                overflow
                0x0000000000001352                bounds_check
                0x0000000000001358                inval_opcode
                0x000000000000135e                copr_not_available
                0x0000000000001364                double_fault
                0x0000000000001368                copr_seg_overrun
                0x000000000000136e                inval_tss
                0x0000000000001372                segment_not_present
                0x0000000000001376                stack_exception
                0x000000000000137a                general_protection
                0x000000000000137e                page_fault
                0x0000000000001382                copr_error
                0x00000000000013cb                sys_call
                0x00000000000013f9                restart
 .text          0x000000000000141e       0x95 kernel/start.o
                0x000000000000141e                cstart
 .text          0x00000000000014b3      0x9b5 kernel/main.o
                0x00000000000014b3                kernel_main
                0x00000000000017cb                get_ticks
                0x00000000000017ff                untar
                0x00000000000019bd                shabby_shell
                0x0000000000001ca6                Init
                0x0000000000001e13                TestA
                0x0000000000001e18                TestB
                0x0000000000001e1d                TestC
                0x0000000000001e22                panic
 .text          0x0000000000001e68      0x10d kernel/clock.o
                0x0000000000001e68                clock_handler
                0x0000000000001ee3                milli_delay
                0x0000000000001f1d                init_clock
 .text          0x0000000000001f75      0x6da kernel/keyboard.o
                0x0000000000001f75                keyboard_handler
                0x0000000000001fdf                init_keyboard
                0x000000000000208e                keyboard_read
 .text          0x000000000000264f      0xa62 kernel/tty.o
                0x000000000000264f                task_tty
                0x000000000000284d                in_process
                0x0000000000002db2                sys_printx
                0x0000000000002f50                dump_tty_buf
 .text          0x00000000000030b1      0x7fc kernel/console.o
                0x00000000000030b1                init_screen
                0x0000000000003225                out_char
                0x0000000000003527                is_current_console
                0x000000000000361a                select_console
                0x000000000000365a                scroll_screen
 .text          0x00000000000038ad      0x130 kernel/i8259.o
                0x00000000000038ad                init_8259A
                0x0000000000003982                spurious_irq
                0x00000000000039b9                put_irq_handler
 .text          0x00000000000039dd        0x0 kernel/global.o
 .text          0x00000000000039dd      0x660 kernel/protect.o
                0x00000000000039dd                init_prot
                0x0000000000003e46                seg2linear
                0x0000000000003e95                init_desc
                0x0000000000003f02                exception_handler
 .text          0x000000000000403d     0x1946 kernel/proc.o
                0x0000000000004092                klog_kernel
                0x00000000000040e2                schedule
                0x0000000000004222                sys_sendrec
                0x0000000000004341                ldt_seg_linear
                0x000000000000438b                va2la
                0x00000000000043ec                reset_msg
                0x00000000000051a2                inform_int
                0x000000000000530f                dump_proc
                0x0000000000005647                dump_msg
                0x0000000000005754                sys_logcontrol
                0x000000000000592e                do_log_syscall
 .text          0x0000000000005983      0x359 kernel/systask.o
                0x0000000000005983                task_sys
 .text          0x0000000000005cdc      0xe3f kernel/hd.o
                0x0000000000005cdc                task_hd
                0x0000000000006af0                hd_handler
 *fill*         0x0000000000006b1b        0x5 
 .text          0x0000000000006b20      0x19a kernel/kliba.o
                0x0000000000006b20                disp_str
                0x0000000000006b5e                disp_color_str
                0x0000000000006b9d                out_byte
                0x0000000000006ba9                in_byte
                0x0000000000006bb3                port_read
                0x0000000000006bc6                port_write
                0x0000000000006bd9                disable_irq
                0x0000000000006c0e                enable_irq
                0x0000000000006c2d                disable_int
                0x0000000000006c2f                enable_int
                0x0000000000006c31                glitter
 .text          0x0000000000006cba      0x2af kernel/klib.o
                0x0000000000006cba                get_boot_params
                0x0000000000006d40                get_kernel_map
                0x0000000000006e50                itoa
                0x0000000000006efb                disp_int
                0x0000000000006f22                delay
 .text          0x0000000000006f69       0x6f lib/syslog.o
                0x0000000000006f69                syslog
 .text          0x0000000000006fd8      0x5b7 mm/main.o
                0x0000000000006fd8                task_mm
                0x0000000000007180                alloc_mem
                0x000000000000733b                free_mem
 .text          0x000000000000758f      0x5e6 mm/forkexit.o
                0x000000000000758f                do_fork
                0x00000000000078ec                do_exit
                0x0000000000007abd                do_wait
 .text          0x0000000000007b75      0x359 mm/exec.o
                0x0000000000007b75                do_exec
 .text          0x0000000000007ece     0x1110 fs/main.o
                0x0000000000007ece                task_fs
                0x000000000000894c                rw_sector
                0x0000000000008be6                get_super_block
                0x0000000000008c2c                get_inode
                0x0000000000008d8f                put_inode
                0x0000000000008dcd                sync_inode
 .text          0x0000000000008fde      0xacf fs/open.o
                0x0000000000008fde                do_open
                0x0000000000009449                do_close
                0x00000000000094c4                do_lseek
 .text          0x0000000000009aad      0x3b2 fs/misc.o
                0x0000000000009aad                do_stat
                0x0000000000009c7e                search_file
                0x0000000000009dd4                strip_path
 .text          0x0000000000009e5f      0x513 fs/read_write.o
                0x0000000000009e5f                do_rdwt
 .text          0x000000000000a372      0x713 fs/link.o
                0x000000000000a372                do_unlink
 .text          0x000000000000aa85     0x1e94 fs/disklog.o
                0x000000000000aa85                disklog
                0x000000000000aff2                dump_fd_graph
 *fill*         0x000000000000c919        0x7 
 .text          0x000000000000c920       0x42 lib/orangescrt.a(syscall.o)
                0x000000000000c920                sendrec
                0x000000000000c93a                printx
                0x000000000000c948                logcontrol
 .text          0x000000000000c962       0xd3 lib/orangescrt.a(printf.o)
                0x000000000000c962                printf
                0x000000000000c9cd                printl
                0x000000000000ca0f                sprintf
 .text          0x000000000000ca35      0x2df lib/orangescrt.a(vsprintf.o)
                0x000000000000ca93                vsprintf
 *fill*         0x000000000000cd14        0xc 
 .text          0x000000000000cd20       0x78 lib/orangescrt.a(string.o)
                0x000000000000cd20                memcpy
                0x000000000000cd49                memset
                0x000000000000cd6a                strcpy
                0x000000000000cd82                strlen
 .text          0x000000000000cd98      0x256 lib/orangescrt.a(misc.o)
                0x000000000000cd98                send_recv
                0x000000000000ce52                memcmp
                0x000000000000cec8                strcmp
                0x000000000000cf3b                strcat
                0x000000000000cf9a                spin
                0x000000000000cfb5                assertion_failure
 .text          0x000000000000cfee       0x63 lib/orangescrt.a(open.o)
                0x000000000000cfee                open
 .text          0x000000000000d051       0x37 lib/orangescrt.a(read.o)
                0x000000000000d051                read
 .text          0x000000000000d088       0x37 lib/orangescrt.a(write.o)
                0x000000000000d088                write
 .text          0x000000000000d0bf       0x2b lib/orangescrt.a(close.o)
                0x000000000000d0bf                close
 .text          0x000000000000d0ea       0x46 lib/orangescrt.a(getpid.o)
                0x000000000000d0ea                getpid
 .text          0x000000000000d130       0x63 lib/orangescrt.a(stat.o)
                0x000000000000d130                stat
 .text          0x000000000000d193       0x66 lib/orangescrt.a(fork.o)
                0x000000000000d193                fork
 .text          0x000000000000d1f9       0x3c lib/orangescrt.a(wait.o)
                0x000000000000d1f9                wait
 .text          0x000000000000d235      0x237 lib/orangescrt.a(exec.o)
                0x000000000000d235                exec
                0x000000000000d2a0                execl
                0x000000000000d2c5                execv
 *(.gnu.warning)

.fini
 *(SORT(.fini))
                [!provide]                        PROVIDE (__etext, .)
                [!provide]                        PROVIDE (_etext, .)
                [!provide]                        PROVIDE (etext, .)

.rodata         0x000000000000d480     0x2627
 *(.rodata .rodata.* .gnu.linkonce.r.*)
 .rodata        0x000000000000d480       0x47 kernel/start.o
 *fill*         0x000000000000d4c7        0x1 
 .rodata        0x000000000000d4c8      0x1c0 kernel/main.o
 .rodata        0x000000000000d688       0x64 kernel/keyboard.o
 .rodata        0x000000000000d6ec      0x168 kernel/tty.o
 .rodata        0x000000000000d854       0x5b kernel/console.o
 .rodata        0x000000000000d8af       0x11 kernel/i8259.o
 .rodata        0x000000000000d8c0        0xc kernel/global.o
                0x000000000000d8c0                FSBUF_SIZE
                0x000000000000d8c4                MMBUF_SIZE
                0x000000000000d8c8                LOGDISKBUF_SIZE
 *fill*         0x000000000000d8cc       0x14 
 .rodata        0x000000000000d8e0      0x580 kernel/protect.o
 .rodata        0x000000000000de60      0x62e kernel/proc.o
 *fill*         0x000000000000e48e        0x2 
 .rodata        0x000000000000e490       0x30 kernel/systask.o
 .rodata        0x000000000000e4c0      0x1df kernel/hd.o
 *fill*         0x000000000000e69f        0x1 
 .rodata        0x000000000000e6a0       0x6a kernel/klib.o
 .rodata        0x000000000000e70a       0x1e lib/syslog.o
 .rodata        0x000000000000e728       0xd5 mm/main.o
 *fill*         0x000000000000e7fd        0x3 
 .rodata        0x000000000000e800       0xe7 mm/forkexit.o
 *fill*         0x000000000000e8e7        0x1 
 .rodata        0x000000000000e8e8       0xa4 mm/exec.o
 .rodata        0x000000000000e98c      0x2de fs/main.o
 *fill*         0x000000000000ec6a        0x2 
 .rodata        0x000000000000ec6c      0x13c fs/open.o
 .rodata        0x000000000000eda8       0x60 fs/misc.o
 .rodata        0x000000000000ee08      0x18c fs/read_write.o
 .rodata        0x000000000000ef94      0x122 fs/link.o
 *fill*         0x000000000000f0b6        0x2 
 .rodata        0x000000000000f0b8      0x806 fs/disklog.o
 .rodata        0x000000000000f8be       0x14 lib/orangescrt.a(printf.o)
 *fill*         0x000000000000f8d2        0x2 
 .rodata        0x000000000000f8d4       0xad lib/orangescrt.a(misc.o)
 .rodata        0x000000000000f981       0x23 lib/orangescrt.a(open.o)
 .rodata        0x000000000000f9a4       0x25 lib/orangescrt.a(getpid.o)
 .rodata        0x000000000000f9c9       0x23 lib/orangescrt.a(stat.o)
 .rodata        0x000000000000f9ec       0x33 lib/orangescrt.a(fork.o)
 *fill*         0x000000000000fa1f        0x1 
 .rodata        0x000000000000fa20       0x87 lib/orangescrt.a(exec.o)

.rodata1
 *(.rodata1)

.eh_frame_hdr
 *(.eh_frame_hdr)
 *(.eh_frame_entry .eh_frame_entry.*)

.eh_frame       0x000000000000faa8     0x12fc
 *(.eh_frame)
 .eh_frame      0x000000000000faa8       0x38 kernel/start.o
 .eh_frame      0x000000000000fae0      0x108 kernel/main.o
                                        0x120 (size before relaxing)
 .eh_frame      0x000000000000fbe8       0x60 kernel/clock.o
                                         0x78 (size before relaxing)
 .eh_frame      0x000000000000fc48       0xe0 kernel/keyboard.o
                                         0xf8 (size before relaxing)
 .eh_frame      0x000000000000fd28      0x13c kernel/tty.o
                                        0x154 (size before relaxing)
 .eh_frame      0x000000000000fe64      0x144 kernel/console.o
                                        0x15c (size before relaxing)
 .eh_frame      0x000000000000ffa8       0x60 kernel/i8259.o
                                         0x78 (size before relaxing)
 .eh_frame      0x0000000000010008       0xb0 kernel/protect.o
                                         0xc8 (size before relaxing)
 .eh_frame      0x00000000000100b8      0x23c kernel/proc.o
                                        0x254 (size before relaxing)
 .eh_frame      0x00000000000102f4       0x5c kernel/systask.o
                                         0x74 (size before relaxing)
 .eh_frame      0x0000000000010350      0x1f0 kernel/hd.o
                                        0x208 (size before relaxing)
 .eh_frame      0x0000000000010540       0xa0 kernel/klib.o
                                         0xb8 (size before relaxing)
 .eh_frame      0x00000000000105e0       0x20 lib/syslog.o
                                         0x38 (size before relaxing)
 .eh_frame      0x0000000000010600       0x7c mm/main.o
                                         0x94 (size before relaxing)
 .eh_frame      0x000000000001067c       0x90 mm/forkexit.o
                                         0xa8 (size before relaxing)
 .eh_frame      0x000000000001070c       0x2c mm/exec.o
                                         0x44 (size before relaxing)
 .eh_frame      0x0000000000010738      0x170 fs/main.o
                                        0x188 (size before relaxing)
 .eh_frame      0x00000000000108a8      0x120 fs/open.o
                                        0x138 (size before relaxing)
 .eh_frame      0x00000000000109c8       0x68 fs/misc.o
                                         0x80 (size before relaxing)
 .eh_frame      0x0000000000010a30       0x2c fs/read_write.o
                                         0x44 (size before relaxing)
 .eh_frame      0x0000000000010a5c       0x2c fs/link.o
                                         0x44 (size before relaxing)
 .eh_frame      0x0000000000010a88       0x60 fs/disklog.o
                                         0x78 (size before relaxing)
 .eh_frame      0x0000000000010ae8       0x60 lib/orangescrt.a(printf.o)
                                         0x78 (size before relaxing)
 .eh_frame      0x0000000000010b48       0x40 lib/orangescrt.a(vsprintf.o)
                                         0x58 (size before relaxing)
 .eh_frame      0x0000000000010b88       0xbc lib/orangescrt.a(misc.o)
                                         0xd4 (size before relaxing)
 .eh_frame      0x0000000000010c44       0x20 lib/orangescrt.a(open.o)
                                         0x38 (size before relaxing)
 .eh_frame      0x0000000000010c64       0x20 lib/orangescrt.a(read.o)
                                         0x38 (size before relaxing)
 .eh_frame      0x0000000000010c84       0x20 lib/orangescrt.a(write.o)
                                         0x38 (size before relaxing)
 .eh_frame      0x0000000000010ca4       0x20 lib/orangescrt.a(close.o)
                                         0x38 (size before relaxing)
 .eh_frame      0x0000000000010cc4       0x20 lib/orangescrt.a(getpid.o)
                                         0x38 (size before relaxing)
 .eh_frame      0x0000000000010ce4       0x20 lib/orangescrt.a(stat.o)
                                         0x38 (size before relaxing)
 .eh_frame      0x0000000000010d04       0x20 lib/orangescrt.a(fork.o)
                                         0x38 (size before relaxing)
 .eh_frame      0x0000000000010d24       0x20 lib/orangescrt.a(wait.o)
                                         0x38 (size before relaxing)
 .eh_frame      0x0000000000010d44       0x60 lib/orangescrt.a(exec.o)
                                         0x78 (size before relaxing)
 *(.eh_frame.*)

.gcc_except_table
 *(.gcc_except_table .gcc_except_table.*)

.gnu_extab
 *(.gnu_extab*)

.exception_ranges
 *(.exception_ranges .exception_ranges*)
                0x0000000000011000                . = DATA_SEGMENT_ALIGN (0x1000, 0x1000)

.eh_frame
 *(.eh_frame)
 *(.eh_frame.*)

.gnu_extab
 *(.gnu_extab)

.gcc_except_table
 *(.gcc_except_table .gcc_except_table.*)

.exception_ranges
 *(.exception_ranges .exception_ranges*)

.tdata
 *(.tdata .tdata.* .gnu.linkonce.td.*)

.tbss
 *(.tbss .tbss.* .gnu.linkonce.tb.*)
 *(.tcommon)

.preinit_array  0x0000000000011000        0x0
                [!provide]                        PROVIDE (__preinit_array_start, .)
 *(.preinit_array)
                [!provide]                        PROVIDE (__preinit_array_end, .)

.init_array     0x0000000000011000        0x0
                [!provide]                        PROVIDE (__init_array_start, .)
 *(SORT(.init_array.*) SORT(.ctors.*))
 *(.init_array EXCLUDE_FILE(*crtend?.o *crtend.o *crtbegin?.o *crtbegin.o) .ctors)
                [!provide]                        PROVIDE (__init_array_end, .)

.fini_array     0x0000000000011000        0x0
                [!provide]                        PROVIDE (__fini_array_start, .)
 *(SORT(.fini_array.*) SORT(.dtors.*))
 *(.fini_array EXCLUDE_FILE(*crtend?.o *crtend.o *crtbegin?.o *crtbegin.o) .dtors)
                [!provide]                        PROVIDE (__fini_array_end, .)

.ctors
 *crtbegin.o(.ctors)
 *crtbegin?.o(.ctors)
 *(EXCLUDE_FILE(*crtend?.o *crtend.o) .ctors)
 *(SORT(.ctors.*))
 *(.ctors)

.dtors
 *crtbegin.o(.dtors)
 *crtbegin?.o(.dtors)
 *(EXCLUDE_FILE(*crtend?.o *crtend.o) .dtors)
 *(SORT(.dtors.*))
 *(.dtors)

.jcr
 *(.jcr)

.data.rel.ro
 *(.data.rel.ro.local* .gnu.linkonce.d.rel.ro.local.*)
 *(.data.rel.ro .data.rel.ro.* .gnu.linkonce.d.rel.ro.*)

.dynamic
 *(.dynamic)

.got
 *(.got)
 *(.igot)
                0x0000000000011000                . = DATA_SEGMENT_RELRO_END (., (SIZEOF (.got.plt) >= 0xc)?0xc:0x0)

.got.plt        0x0000000000011000        0x0
 *(.got.plt)
 *(.igot.plt)
 .igot.plt      0x0000000000011000        0x0 kernel/kernel.o

.data           0x0000000000011000      0x810
 *(.data .data.* .gnu.linkonce.d.*)
 .data          0x0000000000011000        0x2 kernel/kernel.o
 .data          0x0000000000011002        0x0 kernel/start.o
 .data          0x0000000000011002        0x0 kernel/main.o
 .data          0x0000000000011002        0x0 kernel/clock.o
 *fill*         0x0000000000011002       0x1e 
 .data          0x0000000000011020      0x600 kernel/keyboard.o
                0x0000000000011020                keymap
 .data          0x0000000000011620       0x22 kernel/tty.o
 .data          0x0000000000011642        0x0 kernel/console.o
 .data          0x0000000000011642        0x0 kernel/i8259.o
 *fill*         0x0000000000011642       0x1e 
 .data          0x0000000000011660      0x1b0 kernel/global.o
                0x0000000000011660                task_table
                0x0000000000011740                user_proc_table
                0x00000000000117e0                sys_call_table
                0x00000000000117ec                dd_map
                0x0000000000011804                fsbuf
                0x0000000000011808                mmbuf
                0x000000000001180c                logdiskbuf
 .data          0x0000000000011810        0x0 kernel/protect.o
 .data          0x0000000000011810        0x0 kernel/proc.o
 .data          0x0000000000011810        0x0 kernel/systask.o
 .data          0x0000000000011810        0x0 kernel/hd.o
 .data          0x0000000000011810        0x0 kernel/klib.o
 .data          0x0000000000011810        0x0 lib/syslog.o
 .data          0x0000000000011810        0x0 mm/main.o
 .data          0x0000000000011810        0x0 mm/forkexit.o
 .data          0x0000000000011810        0x0 mm/exec.o
 .data          0x0000000000011810        0x0 fs/main.o
 .data          0x0000000000011810        0x0 fs/open.o
 .data          0x0000000000011810        0x0 fs/misc.o
 .data          0x0000000000011810        0x0 fs/read_write.o
 .data          0x0000000000011810        0x0 fs/link.o
 .data          0x0000000000011810        0x0 fs/disklog.o
 .data          0x0000000000011810        0x0 lib/orangescrt.a(printf.o)
 .data          0x0000000000011810        0x0 lib/orangescrt.a(vsprintf.o)
 .data          0x0000000000011810        0x0 lib/orangescrt.a(misc.o)
 .data          0x0000000000011810        0x0 lib/orangescrt.a(open.o)
 .data          0x0000000000011810        0x0 lib/orangescrt.a(read.o)
 .data          0x0000000000011810        0x0 lib/orangescrt.a(write.o)
 .data          0x0000000000011810        0x0 lib/orangescrt.a(close.o)
 .data          0x0000000000011810        0x0 lib/orangescrt.a(getpid.o)
 .data          0x0000000000011810        0x0 lib/orangescrt.a(stat.o)
 .data          0x0000000000011810        0x0 lib/orangescrt.a(fork.o)
 .data          0x0000000000011810        0x0 lib/orangescrt.a(wait.o)
 .data          0x0000000000011810        0x0 lib/orangescrt.a(exec.o)

.data1
 *(.data1)
                0x0000000000011810                _edata = .
                [!provide]                        PROVIDE (edata, .)
                0x0000000000011810                . = .
                0x0000000000011810                __bss_start = .

.bss            0x0000000000011820    0x2ca68
 *(.dynbss)
 *(.bss .bss.* .gnu.linkonce.b.*)
 .bss           0x0000000000011820      0x800 kernel/kernel.o
 .bss           0x0000000000012020        0x0 kernel/start.o
 .bss           0x0000000000012020        0x0 kernel/main.o
 .bss           0x0000000000012020        0x0 kernel/clock.o
 .bss           0x0000000000012020       0x58 kernel/keyboard.o
 .bss           0x0000000000012078        0x0 kernel/tty.o
 .bss           0x0000000000012078        0x0 kernel/console.o
 .bss           0x0000000000012078        0x0 kernel/i8259.o
 .bss           0x0000000000012078        0x0 kernel/global.o
 .bss           0x0000000000012078        0x0 kernel/protect.o
 .bss           0x0000000000012078        0x0 kernel/proc.o
 .bss           0x0000000000012078        0x0 kernel/systask.o
 *fill*         0x0000000000012078        0x8 
 .bss           0x0000000000012080      0x64c kernel/hd.o
 .bss           0x00000000000126cc        0x0 kernel/klib.o
 .bss           0x00000000000126cc        0x0 lib/syslog.o
 *fill*         0x00000000000126cc       0x14 
 .bss           0x00000000000126e0      0x300 mm/main.o
 .bss           0x00000000000129e0        0x0 mm/forkexit.o
 .bss           0x00000000000129e0        0x0 mm/exec.o
 .bss           0x00000000000129e0        0x0 fs/main.o
 .bss           0x00000000000129e0        0x0 fs/open.o
 .bss           0x00000000000129e0        0x0 fs/misc.o
 .bss           0x00000000000129e0        0x0 fs/read_write.o
 .bss           0x00000000000129e0        0x0 fs/link.o
 .bss           0x00000000000129e0      0x208 fs/disklog.o
 .bss           0x0000000000012be8        0x0 lib/orangescrt.a(printf.o)
 .bss           0x0000000000012be8        0x0 lib/orangescrt.a(vsprintf.o)
 .bss           0x0000000000012be8        0x0 lib/orangescrt.a(misc.o)
 .bss           0x0000000000012be8        0x0 lib/orangescrt.a(open.o)
 .bss           0x0000000000012be8        0x0 lib/orangescrt.a(read.o)
 .bss           0x0000000000012be8        0x0 lib/orangescrt.a(write.o)
 .bss           0x0000000000012be8        0x0 lib/orangescrt.a(close.o)
 .bss           0x0000000000012be8        0x0 lib/orangescrt.a(getpid.o)
 .bss           0x0000000000012be8        0x0 lib/orangescrt.a(stat.o)
 .bss           0x0000000000012be8        0x0 lib/orangescrt.a(fork.o)
 .bss           0x0000000000012be8        0x0 lib/orangescrt.a(wait.o)
 .bss           0x0000000000012be8        0x0 lib/orangescrt.a(exec.o)
 *(COMMON)
 *fill*         0x0000000000012be8       0x18 
 COMMON         0x0000000000012c00    0x2b678 kernel/global.o
                0x0000000000012c00                idt_ptr
                0x0000000000012c20                inode_table
                0x0000000000013720                task_stack
                0x0000000000037720                k_reenter
                0x0000000000037740                gdt
                0x0000000000037b40                current_console
                0x0000000000037b44                log_device
                0x0000000000037b48                pcaller
                0x0000000000037b60                tty_table
                0x00000000000387e0                tss
                0x0000000000038860                fs_msg
                0x0000000000038890                memory_size
                0x00000000000388a0                f_desc_table
                0x0000000000038ca0                root_inode
                0x0000000000038ca4                disp_pos
                0x0000000000038cc0                logbuf
                0x0000000000039cc0                mm_msg
                0x0000000000039cf0                key_pressed
                0x0000000000039cf4                gdt_ptr
                0x0000000000039d00                idt
                0x000000000003a500                log_process
                0x000000000003a520                super_block
                0x000000000003a700                ticks
                0x000000000003a720                console_table
                0x000000000003a75c                logbuf_pos
                0x000000000003a760                irq_table
                0x000000000003a7a0                p_proc_ready
                0x000000000003a7c0                proc_table
                0x000000000003e270                log_file
                0x000000000003e274                log_syscall
 COMMON         0x000000000003e278       0x10 kernel/hd.o
                0x000000000003e278                PARTITION_ENTRY
                0x000000000003e288                . = ALIGN ((. != 0x0)?0x4:0x1)
                0x000000000003e288                . = ALIGN (0x4)
                0x000000000003e288                . = SEGMENT_START ("ldata-segment", .)
                0x000000000003e288                . = ALIGN (0x4)
                0x000000000003e288                _end = .
                [!provide]                        PROVIDE (end, .)
                0x000000000003e288                . = DATA_SEGMENT_END (.)

.stab
 *(.stab)

.stabstr
 *(.stabstr)

.stab.excl
 *(.stab.excl)

.stab.exclstr
 *(.stab.exclstr)

.stab.index
 *(.stab.index)

.stab.indexstr
 *(.stab.indexstr)

.comment        0x0000000000000000       0x35
 *(.comment)
 .comment       0x0000000000000000       0x35 kernel/start.o
                                         0x36 (size before relaxing)
 .comment       0x0000000000000035       0x36 kernel/main.o
 .comment       0x0000000000000035       0x36 kernel/clock.o
 .comment       0x0000000000000035       0x36 kernel/keyboard.o
 .comment       0x0000000000000035       0x36 kernel/tty.o
 .comment       0x0000000000000035       0x36 kernel/console.o
 .comment       0x0000000000000035       0x36 kernel/i8259.o
 .comment       0x0000000000000035       0x36 kernel/global.o
 .comment       0x0000000000000035       0x36 kernel/protect.o
 .comment       0x0000000000000035       0x36 kernel/proc.o
 .comment       0x0000000000000035       0x36 kernel/systask.o
 .comment       0x0000000000000035       0x36 kernel/hd.o
 .comment       0x0000000000000035       0x36 kernel/klib.o
 .comment       0x0000000000000035       0x36 lib/syslog.o
 .comment       0x0000000000000035       0x36 mm/main.o
 .comment       0x0000000000000035       0x36 mm/forkexit.o
 .comment       0x0000000000000035       0x36 mm/exec.o
 .comment       0x0000000000000035       0x36 fs/main.o
 .comment       0x0000000000000035       0x36 fs/open.o
 .comment       0x0000000000000035       0x36 fs/misc.o
 .comment       0x0000000000000035       0x36 fs/read_write.o
 .comment       0x0000000000000035       0x36 fs/link.o
 .comment       0x0000000000000035       0x36 fs/disklog.o
 .comment       0x0000000000000035       0x36 lib/orangescrt.a(printf.o)
 .comment       0x0000000000000035       0x36 lib/orangescrt.a(vsprintf.o)
 .comment       0x0000000000000035       0x36 lib/orangescrt.a(misc.o)
 .comment       0x0000000000000035       0x36 lib/orangescrt.a(open.o)
 .comment       0x0000000000000035       0x36 lib/orangescrt.a(read.o)
 .comment       0x0000000000000035       0x36 lib/orangescrt.a(write.o)
 .comment       0x0000000000000035       0x36 lib/orangescrt.a(close.o)
 .comment       0x0000000000000035       0x36 lib/orangescrt.a(getpid.o)
 .comment       0x0000000000000035       0x36 lib/orangescrt.a(stat.o)
 .comment       0x0000000000000035       0x36 lib/orangescrt.a(fork.o)
 .comment       0x0000000000000035       0x36 lib/orangescrt.a(wait.o)
 .comment       0x0000000000000035       0x36 lib/orangescrt.a(exec.o)

.debug
 *(.debug)

.line
 *(.line)

.debug_srcinfo
 *(.debug_srcinfo)

.debug_sfnames
 *(.debug_sfnames)

.debug_aranges
 *(.debug_aranges)

.debug_pubnames
 *(.debug_pubnames)

.debug_info
 *(.debug_info .gnu.linkonce.wi.*)

.debug_abbrev
 *(.debug_abbrev)

.debug_line
 *(.debug_line .debug_line.* .debug_line_end)

.debug_frame
 *(.debug_frame)

.debug_str
 *(.debug_str)

.debug_loc
 *(.debug_loc)

.debug_macinfo
 *(.debug_macinfo)

.debug_weaknames
 *(.debug_weaknames)

.debug_funcnames
 *(.debug_funcnames)

.debug_typenames
 *(.debug_typenames)

.debug_varnames
 *(.debug_varnames)

.debug_pubtypes
 *(.debug_pubtypes)

.debug_ranges
 *(.debug_ranges)

.debug_macro
 *(.debug_macro)

.gnu.attributes
 *(.gnu.attributes)

/DISCARD/
 *(.note.GNU-stack)
 *(.gnu_debuglink)
 *(.gnu.lto_*)
OUTPUT(kernel.bin elf32-i386)
