
Allocating common symbols
Common symbol       size              file

idt_ptr             0x6               kernel/global.o
task_stack          0x28000           kernel/global.o
k_reenter           0x4               kernel/global.o
gdt                 0x400             kernel/global.o
tty_table           0x1050            kernel/global.o
wait_table          0x14              kernel/global.o
tss                 0x68              kernel/global.o
nr_current_console  0x4               kernel/global.o
disp_pos            0x4               kernel/global.o
gdt_ptr             0x6               kernel/global.o
wait_cnt            0x4               kernel/global.o
idt                 0x800             kernel/global.o
se_table            0xf0              kernel/global.o
ticks               0x4               kernel/global.o
console_table       0x40              kernel/global.o
irq_table           0x40              kernel/global.o
p_proc_ready        0x4               kernel/global.o
proc_table          0x30c             kernel/global.o

Discarded input sections

 .note.GNU-stack
                0x0000000000000000        0x0 kernel/start.o
 .note.GNU-stack
                0x0000000000000000        0x0 kernel/main.o
 .note.GNU-stack
                0x0000000000000000        0x0 kernel/clock.o
 .note.GNU-stack
                0x0000000000000000        0x0 kernel/i8259.o
 .note.GNU-stack
                0x0000000000000000        0x0 kernel/global.o
 .note.GNU-stack
                0x0000000000000000        0x0 kernel/protect.o
 .note.GNU-stack
                0x0000000000000000        0x0 kernel/proc.o
 .note.GNU-stack
                0x0000000000000000        0x0 kernel/rbtree.o
 .note.GNU-stack
                0x0000000000000000        0x0 kernel/testmm.o
 .note.GNU-stack
                0x0000000000000000        0x0 kernel/keyboard.o
 .note.GNU-stack
                0x0000000000000000        0x0 kernel/tty.o
 .note.GNU-stack
                0x0000000000000000        0x0 kernel/console.o
 .note.GNU-stack
                0x0000000000000000        0x0 kernel/systask.o
 .note.GNU-stack
                0x0000000000000000        0x0 kernel/printf.o
 .note.GNU-stack
                0x0000000000000000        0x0 kernel/vsprintf.o
 .note.GNU-stack
                0x0000000000000000        0x0 lib/klib.o
 .note.GNU-stack
                0x0000000000000000        0x0 lib/misc.o

Memory Configuration

Name             Origin             Length             Attributes
*default*        0x0000000000000000 0xffffffffffffffff

Linker script and memory map

Address of section .text set to 0x30400
LOAD kernel/kernel.o
LOAD kernel/syscall.o
LOAD kernel/start.o
LOAD kernel/main.o
LOAD kernel/clock.o
LOAD kernel/i8259.o
LOAD kernel/global.o
LOAD kernel/protect.o
LOAD kernel/proc.o
LOAD kernel/rbtree.o
LOAD kernel/mm.o
LOAD kernel/testmm.o
LOAD kernel/keyboard.o
LOAD kernel/tty.o
LOAD kernel/console.o
LOAD kernel/systask.o
LOAD kernel/printf.o
LOAD kernel/vsprintf.o
LOAD lib/kliba.o
LOAD lib/klib.o
LOAD lib/string.o
LOAD lib/misc.o
                [!provide]                        PROVIDE (__executable_start, 0x8048000)
                0x0000000008048094                . = (0x8048000 + SIZEOF_HEADERS)

.interp
 *(.interp)

.note.gnu.build-id
 *(.note.gnu.build-id)

.hash
 *(.hash)

.gnu.hash
 *(.gnu.hash)

.dynsym
 *(.dynsym)

.dynstr
 *(.dynstr)

.gnu.version
 *(.gnu.version)

.gnu.version_d
 *(.gnu.version_d)

.gnu.version_r
 *(.gnu.version_r)

.rel.dyn        0x0000000008048094        0x0
 *(.rel.init)
 *(.rel.text .rel.text.* .rel.gnu.linkonce.t.*)
 .rel.text      0x0000000008048094        0x0 kernel/kernel.o
 *(.rel.fini)
 *(.rel.rodata .rel.rodata.* .rel.gnu.linkonce.r.*)
 *(.rel.data.rel.ro .rel.data.rel.ro.* .rel.gnu.linkonce.d.rel.ro.*)
 *(.rel.data .rel.data.* .rel.gnu.linkonce.d.*)
 .rel.data      0x0000000008048094        0x0 kernel/kernel.o
 *(.rel.tdata .rel.tdata.* .rel.gnu.linkonce.td.*)
 *(.rel.tbss .rel.tbss.* .rel.gnu.linkonce.tb.*)
 *(.rel.ctors)
 *(.rel.dtors)
 *(.rel.got)
 *(.rel.bss .rel.bss.* .rel.gnu.linkonce.b.*)
 *(.rel.ifunc)

.rel.plt        0x0000000008048094        0x0
 *(.rel.plt)
                [!provide]                        PROVIDE (__rel_iplt_start, .)
 *(.rel.iplt)
 .rel.iplt      0x0000000008048094        0x0 kernel/kernel.o
                [!provide]                        PROVIDE (__rel_iplt_end, .)

.init
 *(SORT(.init))

.plt            0x00000000080480a0        0x0
 *(.plt)
 *(.iplt)
 .iplt          0x00000000080480a0        0x0 kernel/kernel.o

.plt.got
 *(.plt.got)

.text           0x0000000000030400     0x4c6c
 *(.text.unlikely .text.*_unlikely .text.unlikely.*)
 *(.text.exit .text.exit.*)
 *(.text.startup .text.startup.*)
 *(.text.hot .text.hot.*)
 *(.text .stub .text.* .gnu.linkonce.t.*)
 .text          0x0000000000030400      0x317 kernel/kernel.o
                0x0000000000030400                _start
                0x0000000000030440                hwint00
                0x0000000000030470                hwint01
                0x00000000000304a0                hwint02
                0x00000000000304d0                hwint03
                0x0000000000030500                hwint04
                0x0000000000030530                hwint05
                0x0000000000030560                hwint06
                0x0000000000030590                hwint07
                0x00000000000305c0                hwint08
                0x00000000000305d0                hwint09
                0x00000000000305e0                hwint10
                0x00000000000305f0                hwint11
                0x0000000000030600                hwint12
                0x0000000000030610                hwint13
                0x0000000000030620                hwint14
                0x0000000000030630                hwint15
                0x000000000003063b                divide_error
                0x0000000000030641                single_step_exception
                0x0000000000030647                nmi
                0x000000000003064d                breakpoint_exception
                0x0000000000030653                overflow
                0x0000000000030659                bounds_check
                0x000000000003065f                inval_opcode
                0x0000000000030665                copr_not_available
                0x000000000003066b                double_fault
                0x000000000003066f                copr_seg_overrun
                0x0000000000030675                inval_tss
                0x0000000000030679                segment_not_present
                0x000000000003067d                stack_exception
                0x0000000000030681                general_protection
                0x0000000000030685                page_fault
                0x0000000000030689                copr_error
                0x00000000000306d2                sys_call
                0x00000000000306f2                restart
 *fill*         0x0000000000030717        0x9 
 .text          0x0000000000030720       0x20 kernel/syscall.o
                0x0000000000030720                sendrec
                0x0000000000030734                printx
 .text          0x0000000000030740       0xaa kernel/start.o
                0x0000000000030740                cstart
 .text          0x00000000000307ea      0x315 kernel/main.o
                0x00000000000307ea                kernel_main
                0x00000000000309fe                get_ticks
                0x0000000000030a32                TestA
                0x0000000000030a5e                TestB
                0x0000000000030a8a                TestC
                0x0000000000030ab6                panic
 .text          0x0000000000030aff      0x17d kernel/clock.o
                0x0000000000030aff                clock_handler
                0x0000000000030bea                milli_delay
                0x0000000000030c24                init_clock
 .text          0x0000000000030c7c      0x130 kernel/i8259.o
                0x0000000000030c7c                init_8259A
                0x0000000000030d51                spurious_irq
                0x0000000000030d88                put_irq_handler
 .text          0x0000000000030dac        0x0 kernel/global.o
 .text          0x0000000000030dac      0x614 kernel/protect.o
                0x0000000000030dac                init_prot
                0x00000000000311c9                seg2phys
                0x0000000000031285                exception_handler
 .text          0x00000000000313c0     0x1aaa kernel/proc.o
                0x00000000000313c0                __sched_period
                0x00000000000313df                sched_slice
                0x000000000003141b                calc_delta_fair
                0x000000000003144a                schedule
                0x00000000000314c0                add_task
                0x00000000000316eb                rm_task
                0x000000000003177c                sys_sendrec
                0x00000000000318a5                send_recv
                0x0000000000031962                ldt_seg_linear
                0x00000000000319ac                va2la
                0x0000000000031a0d                reset_msg
                0x00000000000329c3                dump_proc
                0x0000000000032d5d                dump_msg
 .text          0x0000000000032e6a      0x72f kernel/rbtree.o
                0x0000000000032e6a                tree_minimum
                0x0000000000032e8a                __pick_first_entity
                0x0000000000032eb9                left_rotate
                0x0000000000032f4d                right_rotate
                0x0000000000032fe1                rb_insert_fixup
                0x0000000000033161                rb_insert
                0x0000000000033216                rb_transplant
                0x0000000000033270                rb_delete_fixup
                0x0000000000033484                rb_delete
 *fill*         0x0000000000033599        0x7 
 .text          0x00000000000335a0      0x22a kernel/mm.o
                0x00000000000335a0                VAToPA
                0x000000000003360c                alloc_pages
                0x000000000003369d                free_pages
                0x0000000000033721                map
                0x000000000003375c                unmap
                0x0000000000033795                get_bitmap
                0x00000000000337b7                init_bitmap
 .text          0x00000000000337ca      0x256 kernel/testmm.o
                0x00000000000337ca                printint
                0x00000000000337f2                test_mm
 .text          0x0000000000033a20      0x687 kernel/keyboard.o
                0x0000000000033a20                keyboard_handler
                0x0000000000033a80                init_keyboard
                0x0000000000033b25                keyboard_read
 .text          0x00000000000340a7      0x516 kernel/tty.o
                0x00000000000340a7                task_tty
                0x0000000000034161                in_process
                0x00000000000343c7                tty_write
                0x000000000003440d                sys_printx
 .text          0x00000000000345bd      0x41d kernel/console.o
                0x00000000000345bd                init_screen
                0x00000000000346d4                is_current_console
                0x00000000000346ef                out_char
                0x0000000000034939                select_console
                0x000000000003496f                scroll_screen
 .text          0x00000000000349da       0x58 kernel/systask.o
                0x00000000000349da                task_sys
 .text          0x0000000000034a32       0x50 kernel/printf.o
                0x0000000000034a32                printf
 .text          0x0000000000034a82      0x305 kernel/vsprintf.o
                0x0000000000034ae0                vsprintf
                0x0000000000034d61                sprintf
 *fill*         0x0000000000034d87        0x9 
 .text          0x0000000000034d90       0xeb lib/kliba.o
                0x0000000000034d90                disp_str
                0x0000000000034dce                disp_color_str
                0x0000000000034e0d                out_byte
                0x0000000000034e19                in_byte
                0x0000000000034e23                disable_irq
                0x0000000000034e58                enable_irq
                0x0000000000034e77                disable_int
                0x0000000000034e79                enable_int
 .text          0x0000000000034e7b      0x119 lib/klib.o
                0x0000000000034e7b                itoa
                0x0000000000034f26                disp_int
                0x0000000000034f4d                delay
 *fill*         0x0000000000034f94        0xc 
 .text          0x0000000000034fa0       0x78 lib/string.o
                0x0000000000034fa0                memcpy
                0x0000000000034fc9                memset
                0x0000000000034fea                strcpy
                0x0000000000035002                strlen
 .text          0x0000000000035018       0x54 lib/misc.o
                0x0000000000035018                spin
                0x0000000000035033                assertion_failure
 *(.gnu.warning)

.fini
 *(SORT(.fini))
                [!provide]                        PROVIDE (__etext, .)
                [!provide]                        PROVIDE (_etext, .)
                [!provide]                        PROVIDE (etext, .)

.rodata         0x0000000000035080      0xea5
 *(.rodata .rodata.* .gnu.linkonce.r.*)
 .rodata        0x0000000000035080       0x62 kernel/start.o
 *fill*         0x00000000000350e2        0x2 
 .rodata        0x00000000000350e4       0x37 kernel/main.o
 .rodata        0x000000000003511b       0x11 kernel/i8259.o
 *fill*         0x000000000003512c       0x14 
 .rodata        0x0000000000035140       0xa0 kernel/global.o
                0x0000000000035140                sched_prio_to_weight
 .rodata        0x00000000000351e0      0x540 kernel/protect.o
 .rodata        0x0000000000035720      0x696 kernel/proc.o
 .rodata        0x0000000000035db6        0x4 kernel/testmm.o
 *fill*         0x0000000000035dba        0x2 
 .rodata        0x0000000000035dbc       0x64 kernel/keyboard.o
 .rodata        0x0000000000035e20       0x90 kernel/tty.o
 .rodata        0x0000000000035eb0       0x11 kernel/systask.o
 *fill*         0x0000000000035ec1        0x3 
 .rodata        0x0000000000035ec4       0x61 lib/misc.o

.rodata1
 *(.rodata1)

.eh_frame_hdr
 *(.eh_frame_hdr)
 *(.eh_frame_entry .eh_frame_entry.*)

.eh_frame       0x0000000000035f28      0xa3c
 *(.eh_frame)
 .eh_frame      0x0000000000035f28       0x38 kernel/start.o
 .eh_frame      0x0000000000035f60       0xb0 kernel/main.o
                                         0xc8 (size before relaxing)
 .eh_frame      0x0000000000036010       0x60 kernel/clock.o
                                         0x78 (size before relaxing)
 .eh_frame      0x0000000000036070       0x60 kernel/i8259.o
                                         0x78 (size before relaxing)
 .eh_frame      0x00000000000360d0       0xb0 kernel/protect.o
                                         0xc8 (size before relaxing)
 .eh_frame      0x0000000000036180      0x26c kernel/proc.o
                                        0x284 (size before relaxing)
 .eh_frame      0x00000000000363ec      0x120 kernel/rbtree.o
                                        0x138 (size before relaxing)
 .eh_frame      0x000000000003650c       0x44 kernel/testmm.o
                                         0x5c (size before relaxing)
 .eh_frame      0x0000000000036550       0xe0 kernel/keyboard.o
                                         0xf8 (size before relaxing)
 .eh_frame      0x0000000000036630       0xfc kernel/tty.o
                                        0x114 (size before relaxing)
 .eh_frame      0x000000000003672c      0x100 kernel/console.o
                                        0x118 (size before relaxing)
 .eh_frame      0x000000000003682c       0x1c kernel/systask.o
                                         0x34 (size before relaxing)
 .eh_frame      0x0000000000036848       0x20 kernel/printf.o
                                         0x38 (size before relaxing)
 .eh_frame      0x0000000000036868       0x60 kernel/vsprintf.o
                                         0x78 (size before relaxing)
 .eh_frame      0x00000000000368c8       0x60 lib/klib.o
                                         0x78 (size before relaxing)
 .eh_frame      0x0000000000036928       0x3c lib/misc.o
                                         0x54 (size before relaxing)
 *(.eh_frame.*)

.gcc_except_table
 *(.gcc_except_table .gcc_except_table.*)

.gnu_extab
 *(.gnu_extab*)

.exception_ranges
 *(.exception_ranges .exception_ranges*)
                0x0000000000037964                . = DATA_SEGMENT_ALIGN (0x1000, 0x1000)

.eh_frame
 *(.eh_frame)
 *(.eh_frame.*)

.gnu_extab
 *(.gnu_extab)

.gcc_except_table
 *(.gcc_except_table .gcc_except_table.*)

.exception_ranges
 *(.exception_ranges .exception_ranges*)

.tdata
 *(.tdata .tdata.* .gnu.linkonce.td.*)

.tbss
 *(.tbss .tbss.* .gnu.linkonce.tb.*)
 *(.tcommon)

.preinit_array  0x0000000000037964        0x0
                [!provide]                        PROVIDE (__preinit_array_start, .)
 *(.preinit_array)
                [!provide]                        PROVIDE (__preinit_array_end, .)

.init_array     0x0000000000037964        0x0
                [!provide]                        PROVIDE (__init_array_start, .)
 *(SORT(.init_array.*) SORT(.ctors.*))
 *(.init_array EXCLUDE_FILE(*crtend?.o *crtend.o *crtbegin?.o *crtbegin.o) .ctors)
                [!provide]                        PROVIDE (__init_array_end, .)

.fini_array     0x0000000000037964        0x0
                [!provide]                        PROVIDE (__fini_array_start, .)
 *(SORT(.fini_array.*) SORT(.dtors.*))
 *(.fini_array EXCLUDE_FILE(*crtend?.o *crtend.o *crtbegin?.o *crtbegin.o) .dtors)
                [!provide]                        PROVIDE (__fini_array_end, .)

.ctors
 *crtbegin.o(.ctors)
 *crtbegin?.o(.ctors)
 *(EXCLUDE_FILE(*crtend?.o *crtend.o) .ctors)
 *(SORT(.ctors.*))
 *(.ctors)

.dtors
 *crtbegin.o(.dtors)
 *crtbegin?.o(.dtors)
 *(EXCLUDE_FILE(*crtend?.o *crtend.o) .dtors)
 *(SORT(.dtors.*))
 *(.dtors)

.jcr
 *(.jcr)

.data.rel.ro
 *(.data.rel.ro.local* .gnu.linkonce.d.rel.ro.local.*)
 *(.data.rel.ro .data.rel.ro.* .gnu.linkonce.d.rel.ro.*)

.dynamic
 *(.dynamic)

.got
 *(.got)
 *(.igot)
                0x0000000000037964                . = DATA_SEGMENT_RELRO_END (., (SIZEOF (.got.plt) >= 0xc)?0xc:0x0)

.got.plt        0x0000000000037964        0x0
 *(.got.plt)
 *(.igot.plt)
 .igot.plt      0x0000000000037964        0x0 kernel/kernel.o

.data           0x0000000000037980      0x740
 *(.data .data.* .gnu.linkonce.d.*)
 .data          0x0000000000037980        0x2 kernel/kernel.o
 .data          0x0000000000037982        0x0 kernel/start.o
 .data          0x0000000000037982        0x0 kernel/main.o
 .data          0x0000000000037982        0x0 kernel/clock.o
 .data          0x0000000000037982        0x0 kernel/i8259.o
 *fill*         0x0000000000037982       0x1e 
 .data          0x00000000000379a0       0xf0 kernel/global.o
                0x00000000000379a0                task_table
                0x0000000000037a00                user_proc_table
                0x0000000000037a78                sys_call_table
                0x0000000000037a84                sysctl_sched_latency
                0x0000000000037a88                sysctl_sched_min_granularity
                0x0000000000037a8c                sched_nr_latency
 .data          0x0000000000037a90        0x0 kernel/protect.o
 .data          0x0000000000037a90        0x0 kernel/proc.o
 .data          0x0000000000037a90       0x1c kernel/rbtree.o
                0x0000000000037a90                nil
                0x0000000000037aa8                root
 .data          0x0000000000037aac        0x0 kernel/testmm.o
 *fill*         0x0000000000037aac       0x14 
 .data          0x0000000000037ac0      0x600 kernel/keyboard.o
                0x0000000000037ac0                keymap
 .data          0x00000000000380c0        0x0 kernel/tty.o
 .data          0x00000000000380c0        0x0 kernel/console.o
 .data          0x00000000000380c0        0x0 kernel/systask.o
 .data          0x00000000000380c0        0x0 kernel/printf.o
 .data          0x00000000000380c0        0x0 kernel/vsprintf.o
 .data          0x00000000000380c0        0x0 lib/klib.o
 .data          0x00000000000380c0        0x0 lib/misc.o

.data1
 *(.data1)
                0x00000000000380c0                _edata = .
                [!provide]                        PROVIDE (edata, .)
                0x00000000000380c0                . = .
                0x00000000000380c0                __bss_start = .

.bss            0x00000000000380c0    0x2aaec
 *(.dynbss)
 *(.bss .bss.* .gnu.linkonce.b.*)
 .bss           0x00000000000380c0      0x800 kernel/kernel.o
 .bss           0x00000000000388c0        0x0 kernel/start.o
 .bss           0x00000000000388c0        0x0 kernel/main.o
 .bss           0x00000000000388c0        0x0 kernel/clock.o
 .bss           0x00000000000388c0        0x0 kernel/i8259.o
 .bss           0x00000000000388c0        0xc kernel/global.o
                0x00000000000388c0                nr_running
                0x00000000000388c4                sum_weight
                0x00000000000388c8                has_preempt
 .bss           0x00000000000388cc        0x0 kernel/protect.o
 .bss           0x00000000000388cc        0x0 kernel/proc.o
 .bss           0x00000000000388cc        0x0 kernel/rbtree.o
 .bss           0x00000000000388cc       0x80 kernel/mm.o
 .bss           0x000000000003894c        0x0 kernel/testmm.o
 *fill*         0x000000000003894c       0x14 
 .bss           0x0000000000038960       0x58 kernel/keyboard.o
 .bss           0x00000000000389b8        0x0 kernel/tty.o
 .bss           0x00000000000389b8        0x0 kernel/console.o
 .bss           0x00000000000389b8        0x0 kernel/systask.o
 .bss           0x00000000000389b8        0x0 kernel/printf.o
 .bss           0x00000000000389b8        0x0 kernel/vsprintf.o
 .bss           0x00000000000389b8        0x0 lib/klib.o
 .bss           0x00000000000389b8        0x0 lib/misc.o
 *(COMMON)
 *fill*         0x00000000000389b8        0x8 
 COMMON         0x00000000000389c0    0x2a1ec kernel/global.o
                0x00000000000389c0                idt_ptr
                0x00000000000389e0                task_stack
                0x00000000000609e0                k_reenter
                0x0000000000060a00                gdt
                0x0000000000060e00                tty_table
                0x0000000000061e50                wait_table
                0x0000000000061e80                tss
                0x0000000000061ee8                nr_current_console
                0x0000000000061eec                disp_pos
                0x0000000000061ef0                gdt_ptr
                0x0000000000061ef8                wait_cnt
                0x0000000000061f00                idt
                0x0000000000062700                se_table
                0x00000000000627f0                ticks
                0x0000000000062800                console_table
                0x0000000000062840                irq_table
                0x0000000000062880                p_proc_ready
                0x00000000000628a0                proc_table
                0x0000000000062bac                . = ALIGN ((. != 0x0)?0x4:0x1)
                0x0000000000062bac                . = ALIGN (0x4)
                0x0000000000062bac                . = SEGMENT_START ("ldata-segment", .)
                0x0000000000062bac                . = ALIGN (0x4)
                0x0000000000062bac                _end = .
                [!provide]                        PROVIDE (end, .)
                0x0000000000062bac                . = DATA_SEGMENT_END (.)

.stab
 *(.stab)

.stabstr
 *(.stabstr)

.stab.excl
 *(.stab.excl)

.stab.exclstr
 *(.stab.exclstr)

.stab.index
 *(.stab.index)

.stab.indexstr
 *(.stab.indexstr)

.comment        0x0000000000000000       0x35
 *(.comment)
 .comment       0x0000000000000000       0x35 kernel/start.o
                                         0x36 (size before relaxing)
 .comment       0x0000000000000035       0x36 kernel/main.o
 .comment       0x0000000000000035       0x36 kernel/clock.o
 .comment       0x0000000000000035       0x36 kernel/i8259.o
 .comment       0x0000000000000035       0x36 kernel/global.o
 .comment       0x0000000000000035       0x36 kernel/protect.o
 .comment       0x0000000000000035       0x36 kernel/proc.o
 .comment       0x0000000000000035       0x36 kernel/rbtree.o
 .comment       0x0000000000000035       0x36 kernel/testmm.o
 .comment       0x0000000000000035       0x36 kernel/keyboard.o
 .comment       0x0000000000000035       0x36 kernel/tty.o
 .comment       0x0000000000000035       0x36 kernel/console.o
 .comment       0x0000000000000035       0x36 kernel/systask.o
 .comment       0x0000000000000035       0x36 kernel/printf.o
 .comment       0x0000000000000035       0x36 kernel/vsprintf.o
 .comment       0x0000000000000035       0x36 lib/klib.o
 .comment       0x0000000000000035       0x36 lib/misc.o

.debug
 *(.debug)

.line
 *(.line)

.debug_srcinfo
 *(.debug_srcinfo)

.debug_sfnames
 *(.debug_sfnames)

.debug_aranges
 *(.debug_aranges)

.debug_pubnames
 *(.debug_pubnames)

.debug_info
 *(.debug_info .gnu.linkonce.wi.*)

.debug_abbrev
 *(.debug_abbrev)

.debug_line
 *(.debug_line .debug_line.* .debug_line_end)

.debug_frame
 *(.debug_frame)

.debug_str
 *(.debug_str)

.debug_loc
 *(.debug_loc)

.debug_macinfo
 *(.debug_macinfo)

.debug_weaknames
 *(.debug_weaknames)

.debug_funcnames
 *(.debug_funcnames)

.debug_typenames
 *(.debug_typenames)

.debug_varnames
 *(.debug_varnames)

.debug_pubtypes
 *(.debug_pubtypes)

.debug_ranges
 *(.debug_ranges)

.debug_macro
 *(.debug_macro)

.gnu.attributes
 *(.gnu.attributes)

/DISCARD/
 *(.note.GNU-stack)
 *(.gnu_debuglink)
 *(.gnu.lto_*)
OUTPUT(kernel.bin elf32-i386)
