
Allocating common symbols
Common symbol       size              file

phy_frames          0x2000000         kernel/global.o
idt_ptr             0x6               kernel/global.o
p                   0x1000000         mm/buddy_system.o
task_stack          0x30000           kernel/global.o
k_reenter           0x4               kernel/global.o
gdt                 0x400             kernel/global.o
buddy_tree          0x100             mm/buddy_system.o
tty_table           0x1050            kernel/global.o
wait_table          0x18              kernel/global.o
tss                 0x68              kernel/global.o
nr_current_console  0x4               kernel/global.o
disp_pos            0x4               kernel/global.o
gdt_ptr             0x6               kernel/global.o
wait_cnt            0x4               kernel/global.o
idt                 0x800             kernel/global.o
se_table            0x120             kernel/global.o
PARTITION_ENTRY     0x10              kernel/global.o
ticks               0x4               kernel/global.o
stat                0x18              kernel/global.o
console_table       0x40              kernel/global.o
irq_table           0x40              kernel/global.o
p_proc_ready        0x4               kernel/global.o
p_cur_pagedir       0x4               kernel/global.o
proc_table          0x4b0             kernel/global.o

Discarded input sections

 .note.GNU-stack
                0x0000000000000000        0x0 kernel/start.o
 .note.GNU-stack
                0x0000000000000000        0x0 kernel/main.o
 .note.GNU-stack
                0x0000000000000000        0x0 kernel/clock.o
 .note.GNU-stack
                0x0000000000000000        0x0 kernel/i8259.o
 .note.GNU-stack
                0x0000000000000000        0x0 kernel/global.o
 .note.GNU-stack
                0x0000000000000000        0x0 kernel/protect.o
 .note.GNU-stack
                0x0000000000000000        0x0 kernel/proc.o
 .note.GNU-stack
                0x0000000000000000        0x0 kernel/rbtree.o
 .note.GNU-stack
                0x0000000000000000        0x0 kernel/keyboard.o
 .note.GNU-stack
                0x0000000000000000        0x0 kernel/tty.o
 .note.GNU-stack
                0x0000000000000000        0x0 kernel/console.o
 .note.GNU-stack
                0x0000000000000000        0x0 kernel/systask.o
 .note.GNU-stack
                0x0000000000000000        0x0 kernel/printf.o
 .note.GNU-stack
                0x0000000000000000        0x0 kernel/vsprintf.o
 .note.GNU-stack
                0x0000000000000000        0x0 mm/frame_allocator.o
 .note.GNU-stack
                0x0000000000000000        0x0 mm/page_table.o
 .note.GNU-stack
                0x0000000000000000        0x0 mm/buddy_system.o
 .note.GNU-stack
                0x0000000000000000        0x0 mm/heap_allocator.o
 .note.GNU-stack
                0x0000000000000000        0x0 drv/hd.o
 .note.GNU-stack
                0x0000000000000000        0x0 lib/klib.o
 .note.GNU-stack
                0x0000000000000000        0x0 lib/misc.o
 .note.GNU-stack
                0x0000000000000000        0x0 test/testmm.o

Memory Configuration

Name             Origin             Length             Attributes
*default*        0x0000000000000000 0xffffffffffffffff

Linker script and memory map

Address of section .text set to 0x100400
LOAD kernel/kernel.o
LOAD kernel/syscall.o
LOAD kernel/start.o
LOAD kernel/main.o
LOAD kernel/clock.o
LOAD kernel/i8259.o
LOAD kernel/global.o
LOAD kernel/protect.o
LOAD kernel/proc.o
LOAD kernel/rbtree.o
LOAD kernel/keyboard.o
LOAD kernel/tty.o
LOAD kernel/console.o
LOAD kernel/systask.o
LOAD kernel/printf.o
LOAD kernel/vsprintf.o
LOAD mm/frame_allocator.o
LOAD mm/page_table.o
LOAD mm/buddy_system.o
LOAD mm/heap_allocator.o
LOAD drv/hd.o
LOAD lib/kliba.o
LOAD lib/klib.o
LOAD lib/string.o
LOAD lib/misc.o
LOAD test/testmm.o
                [!provide]                        PROVIDE (__executable_start = SEGMENT_START ("text-segment", 0x8048000))
                0x0000000008048094                . = (SEGMENT_START ("text-segment", 0x8048000) + SIZEOF_HEADERS)

.interp
 *(.interp)

.note.gnu.build-id
 *(.note.gnu.build-id)

.hash
 *(.hash)

.gnu.hash
 *(.gnu.hash)

.dynsym
 *(.dynsym)

.dynstr
 *(.dynstr)

.gnu.version
 *(.gnu.version)

.gnu.version_d
 *(.gnu.version_d)

.gnu.version_r
 *(.gnu.version_r)

.rel.dyn        0x0000000008048094        0x0
 *(.rel.init)
 *(.rel.text .rel.text.* .rel.gnu.linkonce.t.*)
 .rel.text      0x0000000008048094        0x0 kernel/kernel.o
 *(.rel.fini)
 *(.rel.rodata .rel.rodata.* .rel.gnu.linkonce.r.*)
 *(.rel.data.rel.ro .rel.data.rel.ro.* .rel.gnu.linkonce.d.rel.ro.*)
 *(.rel.data .rel.data.* .rel.gnu.linkonce.d.*)
 *(.rel.tdata .rel.tdata.* .rel.gnu.linkonce.td.*)
 *(.rel.tbss .rel.tbss.* .rel.gnu.linkonce.tb.*)
 *(.rel.ctors)
 *(.rel.dtors)
 *(.rel.got)
 .rel.got       0x0000000008048094        0x0 kernel/kernel.o
 *(.rel.bss .rel.bss.* .rel.gnu.linkonce.b.*)
 *(.rel.ifunc)

.rel.plt        0x0000000008048094        0x0
 *(.rel.plt)
                [!provide]                        PROVIDE (__rel_iplt_start = .)
 *(.rel.iplt)
 .rel.iplt      0x0000000008048094        0x0 kernel/kernel.o
                [!provide]                        PROVIDE (__rel_iplt_end = .)

.init
 *(SORT_NONE(.init))

.plt            0x0000000008048098        0x0
 *(.plt)
 *(.iplt)
 .iplt          0x0000000008048098        0x0 kernel/kernel.o

.plt.got
 *(.plt.got)

.plt.sec
 *(.plt.sec)

.text           0x0000000000100400     0x714a
 *(.text.unlikely .text.*_unlikely .text.unlikely.*)
 *(.text.exit .text.exit.*)
 *(.text.startup .text.startup.*)
 *(.text.hot .text.hot.*)
 *(.text .stub .text.* .gnu.linkonce.t.*)
 .text          0x0000000000100400      0x444 kernel/kernel.o
                0x0000000000100400                _start
                0x0000000000100440                hwint00
                0x0000000000100470                hwint01
                0x00000000001004a0                hwint02
                0x00000000001004d0                hwint03
                0x0000000000100500                hwint04
                0x0000000000100530                hwint05
                0x0000000000100560                hwint06
                0x0000000000100590                hwint07
                0x00000000001005c0                hwint08
                0x00000000001005f0                hwint09
                0x0000000000100620                hwint10
                0x0000000000100650                hwint11
                0x0000000000100680                hwint12
                0x00000000001006b0                hwint13
                0x00000000001006e0                hwint14
                0x0000000000100710                hwint15
                0x0000000000100736                divide_error
                0x000000000010073c                single_step_exception
                0x0000000000100742                nmi
                0x0000000000100748                breakpoint_exception
                0x000000000010074e                overflow
                0x0000000000100754                bounds_check
                0x000000000010075a                inval_opcode
                0x0000000000100760                copr_not_available
                0x0000000000100766                double_fault
                0x000000000010076a                copr_seg_overrun
                0x0000000000100770                inval_tss
                0x0000000000100774                segment_not_present
                0x0000000000100778                stack_exception
                0x000000000010077c                general_protection
                0x0000000000100780                page_fault
                0x000000000010078f                copr_error
                0x00000000001007f1                sys_call
                0x0000000000100813                restart
 *fill*         0x0000000000100844        0xc 
 .text          0x0000000000100850       0x28 kernel/syscall.o
                0x0000000000100850                sendrec
                0x000000000010086a                printx
 .text          0x0000000000100878      0x12f kernel/start.o
                0x0000000000100878                dealloc_all_userspace
                0x00000000001008f3                cstart
 .text          0x00000000001009a7      0x57c kernel/main.o
                0x00000000001009a7                kernel_main
                0x0000000000100ca4                get_ticks
                0x0000000000100cd8                TestA
                0x0000000000100d3b                TestB
                0x0000000000100d9b                TestC
                0x0000000000100e30                stackoverflowdest
                0x0000000000100e48                testStackoverflow
                0x0000000000100e88                panic
                0x0000000000100f06                __stack_chk_fail
 .text          0x0000000000100f23      0x258 kernel/clock.o
                0x0000000000100f23                clock_handler
                0x0000000000101064                check_integrity
                0x00000000001010e9                milli_delay
                0x0000000000101123                init_clock
 .text          0x000000000010117b      0x130 kernel/i8259.o
                0x000000000010117b                init_8259A
                0x0000000000101250                spurious_irq
                0x0000000000101287                put_irq_handler
 .text          0x00000000001012ab        0x0 kernel/global.o
 .text          0x00000000001012ab      0x65a kernel/protect.o
                0x00000000001012ab                init_prot
                0x00000000001016c8                seg2phys
                0x0000000000101717                init_descriptor
                0x0000000000101784                exception_handler
                0x00000000001018d4                page_fault_handler
 .text          0x0000000000101905     0x1e41 kernel/proc.o
                0x0000000000101905                __sched_period
                0x0000000000101924                sched_slice
                0x0000000000101960                calc_delta_fair
                0x000000000010198f                schedule
                0x0000000000101a1d                calculate_integrity
                0x0000000000101a55                add_task
                0x0000000000101dc9                rm_task
                0x0000000000101e69                sys_sendrec
                0x0000000000101f92                send_recv
                0x000000000010204f                ldt_seg_linear
                0x0000000000102099                va2la
                0x00000000001020fa                reset_msg
                0x0000000000103105                inform_int
                0x000000000010329c                dump_proc
                0x0000000000103639                dump_msg
 .text          0x0000000000103746      0x768 kernel/rbtree.o
                0x0000000000103746                tree_minimum
                0x0000000000103766                __pick_first_entity
                0x0000000000103798                left_rotate
                0x000000000010382d                right_rotate
                0x00000000001038c2                rb_insert_fixup
                0x0000000000103a4f                rb_insert
                0x0000000000103b04                rb_transplant
                0x0000000000103b5e                rb_delete_fixup
                0x0000000000103d87                rb_delete
 .text          0x0000000000103eae      0x687 kernel/keyboard.o
                0x0000000000103eae                keyboard_handler
                0x0000000000103f0e                init_keyboard
                0x0000000000103fb3                keyboard_read
 .text          0x0000000000104535      0x4c5 kernel/tty.o
                0x0000000000104535                task_tty
                0x00000000001045ef                in_process
                0x0000000000104855                tty_write
                0x000000000010489b                sys_printx
 .text          0x00000000001049fa      0x41d kernel/console.o
                0x00000000001049fa                init_screen
                0x0000000000104b11                is_current_console
                0x0000000000104b2c                out_char
                0x0000000000104d76                select_console
                0x0000000000104dac                scroll_screen
 .text          0x0000000000104e17       0x58 kernel/systask.o
                0x0000000000104e17                task_sys
 .text          0x0000000000104e6f       0x65 kernel/printf.o
                0x0000000000104e6f                printf
 .text          0x0000000000104ed4      0x305 kernel/vsprintf.o
                0x0000000000104f32                vsprintf
                0x00000000001051b3                sprintf
 .text          0x00000000001051d9      0x1a2 mm/frame_allocator.o
                0x00000000001051d9                init_frametracker
                0x000000000010526b                frame_alloc
                0x00000000001052cf                frame_dealloc
                0x0000000000105319                frame_find
 .text          0x000000000010537b      0x344 mm/page_table.o
                0x000000000010537b                new_page_table
                0x0000000000105409                get_final_entry
                0x000000000010547f                kget_final_entry
                0x00000000001054d2                dbg_first_entry
                0x0000000000105506                la2pa
                0x0000000000105576                map
                0x00000000001055fa                kmap
                0x000000000010563d                unmap
 .text          0x00000000001056bf      0x8fd mm/buddy_system.o
                0x00000000001056bf                log_2
                0x0000000000105704                pow_2
                0x0000000000105725                buddy_list_insert
                0x000000000010578d                buddy_list_pop
                0x000000000010582c                buddy_list_del
                0x00000000001058fd                print_table
                0x0000000000105969                buddy_init
                0x0000000000105a38                lowbit
                0x0000000000105a45                buddy_alloc
                0x0000000000105e03                lneq
                0x0000000000105e42                buddy_dealloc
 .text          0x0000000000105fbc       0x40 mm/heap_allocator.o
                0x0000000000105fbc                malloc
                0x0000000000105fe1                free
 .text          0x0000000000105ffc      0xe84 drv/hd.o
                0x0000000000105ffc                task_hd
                0x0000000000106e55                hd_handler
 .text          0x0000000000106e80      0x19a lib/kliba.o
                0x0000000000106e80                disp_str
                0x0000000000106ebe                disp_color_str
                0x0000000000106efd                out_byte
                0x0000000000106f09                in_byte
                0x0000000000106f13                port_read
                0x0000000000106f26                port_write
                0x0000000000106f39                disable_irq
                0x0000000000106f6e                enable_irq
                0x0000000000106f8d                disable_int
                0x0000000000106f8f                enable_int
                0x0000000000106f91                glitter
 .text          0x000000000010701a      0x119 lib/klib.o
                0x000000000010701a                itoa
                0x00000000001070c5                disp_int
                0x00000000001070ec                delay
 *fill*         0x0000000000107133        0xd 
 .text          0x0000000000107140       0x78 lib/string.o
                0x0000000000107140                memcpy
                0x0000000000107169                memset
                0x000000000010718a                strcpy
                0x00000000001071a2                strlen
 .text          0x00000000001071b8      0x19a lib/misc.o
                0x00000000001071b8                memcmp
                0x000000000010722e                strcmp
                0x00000000001072a1                strcat
                0x0000000000107300                spin
                0x000000000010731b                assertion_failure
 .text          0x0000000000107352      0x1f8 test/testmm.o
                0x0000000000107352                test_frame_pgtable
                0x00000000001074d5                test_malloc_free
                0x0000000000107537                testmm
 *(.gnu.warning)

.fini
 *(SORT_NONE(.fini))
                [!provide]                        PROVIDE (__etext = .)
                [!provide]                        PROVIDE (_etext = .)
                [!provide]                        PROVIDE (etext = .)

.rodata         0x0000000000107560     0x1456
 *(.rodata .rodata.* .gnu.linkonce.r.*)
 .rodata        0x0000000000107560       0x91 kernel/start.o
 *fill*         0x00000000001075f1        0x3 
 .rodata        0x00000000001075f4       0xb8 kernel/main.o
 .rodata        0x00000000001076ac       0x27 kernel/clock.o
 .rodata        0x00000000001076d3       0x11 kernel/i8259.o
 *fill*         0x00000000001076e4       0x1c 
 .rodata        0x0000000000107700       0xa0 kernel/global.o
                0x0000000000107700                sched_prio_to_weight
 .rodata        0x00000000001077a0      0x54f kernel/protect.o
 *fill*         0x0000000000107cef        0x1 
 .rodata        0x0000000000107cf0      0x6de kernel/proc.o
 *fill*         0x00000000001083ce        0x2 
 .rodata        0x00000000001083d0       0x64 kernel/keyboard.o
 .rodata        0x0000000000108434       0xa2 kernel/tty.o
 .rodata        0x00000000001084d6       0x11 kernel/systask.o
 .rodata        0x00000000001084e7       0x5f mm/frame_allocator.o
 *fill*         0x0000000000108546        0x2 
 .rodata        0x0000000000108548       0x63 mm/page_table.o
                0x0000000000108548                PTECNT
 .rodata        0x00000000001085ab       0xdf mm/buddy_system.o
 *fill*         0x000000000010868a        0x2 
 .rodata        0x000000000010868c      0x207 drv/hd.o
 *fill*         0x0000000000108893        0x1 
 .rodata        0x0000000000108894       0x61 lib/misc.o
 *fill*         0x00000000001088f5        0x3 
 .rodata        0x00000000001088f8       0xbe test/testmm.o

.rodata1
 *(.rodata1)

.eh_frame_hdr
 *(.eh_frame_hdr)
 *(.eh_frame_entry .eh_frame_entry.*)

.eh_frame       0x00000000001089b8     0x10cc
 *(.eh_frame)
 .eh_frame      0x00000000001089b8       0x58 kernel/start.o
 .eh_frame      0x0000000000108a10      0x108 kernel/main.o
                                        0x120 (size before relaxing)
 .eh_frame      0x0000000000108b18       0x84 kernel/clock.o
                                         0x9c (size before relaxing)
 .eh_frame      0x0000000000108b9c       0x60 kernel/i8259.o
                                         0x78 (size before relaxing)
 .eh_frame      0x0000000000108bfc       0xd0 kernel/protect.o
                                         0xe8 (size before relaxing)
 .eh_frame      0x0000000000108ccc      0x2b0 kernel/proc.o
                                        0x2c8 (size before relaxing)
 .eh_frame      0x0000000000108f7c      0x120 kernel/rbtree.o
                                        0x138 (size before relaxing)
 .eh_frame      0x000000000010909c       0xe0 kernel/keyboard.o
                                         0xf8 (size before relaxing)
 .eh_frame      0x000000000010917c       0xfc kernel/tty.o
                                        0x114 (size before relaxing)
 .eh_frame      0x0000000000109278      0x100 kernel/console.o
                                        0x118 (size before relaxing)
 .eh_frame      0x0000000000109378       0x1c kernel/systask.o
                                         0x34 (size before relaxing)
 .eh_frame      0x0000000000109394       0x20 kernel/printf.o
                                         0x38 (size before relaxing)
 .eh_frame      0x00000000001093b4       0x60 kernel/vsprintf.o
                                         0x78 (size before relaxing)
 .eh_frame      0x0000000000109414       0x80 mm/frame_allocator.o
                                         0x98 (size before relaxing)
 .eh_frame      0x0000000000109494      0x100 mm/page_table.o
                                        0x118 (size before relaxing)
 .eh_frame      0x0000000000109594      0x164 mm/buddy_system.o
                                        0x17c (size before relaxing)
 .eh_frame      0x00000000001096f8       0x40 mm/heap_allocator.o
                                         0x58 (size before relaxing)
 .eh_frame      0x0000000000109738      0x1f0 drv/hd.o
                                        0x208 (size before relaxing)
 .eh_frame      0x0000000000109928       0x60 lib/klib.o
                                         0x78 (size before relaxing)
 .eh_frame      0x0000000000109988       0x9c lib/misc.o
                                         0xb4 (size before relaxing)
 .eh_frame      0x0000000000109a24       0x60 test/testmm.o
                                         0x78 (size before relaxing)
 *(.eh_frame.*)

.gcc_except_table
 *(.gcc_except_table .gcc_except_table.*)

.gnu_extab
 *(.gnu_extab*)

.exception_ranges
 *(.exception_ranges .exception_ranges*)
                0x000000000010b000                . = DATA_SEGMENT_ALIGN (CONSTANT (MAXPAGESIZE), CONSTANT (COMMONPAGESIZE))

.eh_frame
 *(.eh_frame)
 *(.eh_frame.*)

.gnu_extab
 *(.gnu_extab)

.gcc_except_table
 *(.gcc_except_table .gcc_except_table.*)

.exception_ranges
 *(.exception_ranges .exception_ranges*)

.tdata
 *(.tdata .tdata.* .gnu.linkonce.td.*)

.tbss
 *(.tbss .tbss.* .gnu.linkonce.tb.*)
 *(.tcommon)

.preinit_array  0x000000000010b000        0x0
                [!provide]                        PROVIDE (__preinit_array_start = .)
 *(.preinit_array)
                [!provide]                        PROVIDE (__preinit_array_end = .)

.init_array     0x000000000010b000        0x0
                [!provide]                        PROVIDE (__init_array_start = .)
 *(SORT_BY_INIT_PRIORITY(.init_array.*) SORT_BY_INIT_PRIORITY(.ctors.*))
 *(.init_array EXCLUDE_FILE(*crtend?.o *crtend.o *crtbegin?.o *crtbegin.o) .ctors)
                [!provide]                        PROVIDE (__init_array_end = .)

.fini_array     0x000000000010b000        0x0
                [!provide]                        PROVIDE (__fini_array_start = .)
 *(SORT_BY_INIT_PRIORITY(.fini_array.*) SORT_BY_INIT_PRIORITY(.dtors.*))
 *(.fini_array EXCLUDE_FILE(*crtend?.o *crtend.o *crtbegin?.o *crtbegin.o) .dtors)
                [!provide]                        PROVIDE (__fini_array_end = .)

.ctors
 *crtbegin.o(.ctors)
 *crtbegin?.o(.ctors)
 *(EXCLUDE_FILE(*crtend?.o *crtend.o) .ctors)
 *(SORT_BY_NAME(.ctors.*))
 *(.ctors)

.dtors
 *crtbegin.o(.dtors)
 *crtbegin?.o(.dtors)
 *(EXCLUDE_FILE(*crtend?.o *crtend.o) .dtors)
 *(SORT_BY_NAME(.dtors.*))
 *(.dtors)

.jcr
 *(.jcr)

.data.rel.ro
 *(.data.rel.ro.local* .gnu.linkonce.d.rel.ro.local.*)
 *(.data.rel.ro .data.rel.ro.* .gnu.linkonce.d.rel.ro.*)

.dynamic
 *(.dynamic)

.got            0x000000000010b000        0x0
 *(.got)
 .got           0x000000000010b000        0x0 kernel/kernel.o
 *(.igot)
                0x000000000010b000                . = DATA_SEGMENT_RELRO_END (., (SIZEOF (.got.plt) >= 0xc)?0xc:0x0)

.got.plt        0x000000000010b000        0x0
 *(.got.plt)
 .got.plt       0x000000000010b000        0x0 kernel/kernel.o
 *(.igot.plt)
 .igot.plt      0x000000000010b000        0x0 kernel/kernel.o

.data           0x000000000010b000      0x7c0
 *(.data .data.* .gnu.linkonce.d.*)
 .data          0x000000000010b000        0x2 kernel/kernel.o
 .data          0x000000000010b002        0x0 kernel/start.o
 .data          0x000000000010b002        0x0 kernel/main.o
 .data          0x000000000010b002        0x0 kernel/clock.o
 .data          0x000000000010b002        0x0 kernel/i8259.o
 *fill*         0x000000000010b002       0x1e 
 .data          0x000000000010b020      0x194 kernel/global.o
                0x000000000010b020                task_table
                0x000000000010b0a0                user_proc_table
                0x000000000010b120                exp_handler_table
                0x000000000010b164                sys_call_table
                0x000000000010b170                sysctl_sched_latency
                0x000000000010b174                sysctl_sched_min_granularity
                0x000000000010b178                sched_nr_latency
                0x000000000010b17c                sched_tree
                0x000000000010b198                frame_tree
 .data          0x000000000010b1b4        0x0 kernel/protect.o
 .data          0x000000000010b1b4        0x0 kernel/proc.o
 .data          0x000000000010b1b4        0x0 kernel/rbtree.o
 *fill*         0x000000000010b1b4        0xc 
 .data          0x000000000010b1c0      0x600 kernel/keyboard.o
                0x000000000010b1c0                keymap
 .data          0x000000000010b7c0        0x0 kernel/tty.o
 .data          0x000000000010b7c0        0x0 kernel/console.o
 .data          0x000000000010b7c0        0x0 kernel/systask.o
 .data          0x000000000010b7c0        0x0 kernel/printf.o
 .data          0x000000000010b7c0        0x0 kernel/vsprintf.o
 .data          0x000000000010b7c0        0x0 mm/frame_allocator.o
 .data          0x000000000010b7c0        0x0 mm/page_table.o
 .data          0x000000000010b7c0        0x0 mm/buddy_system.o
 .data          0x000000000010b7c0        0x0 mm/heap_allocator.o
 .data          0x000000000010b7c0        0x0 drv/hd.o
 .data          0x000000000010b7c0        0x0 lib/klib.o
 .data          0x000000000010b7c0        0x0 lib/misc.o
 .data          0x000000000010b7c0        0x0 test/testmm.o

.data1
 *(.data1)
                0x000000000010b7c0                _edata = .
                [!provide]                        PROVIDE (edata = .)
                0x000000000010b7c0                . = .
                0x000000000010b7c0                __bss_start = .

.bss            0x000000000010b7c0  0x30333e0
 *(.dynbss)
 *(.bss .bss.* .gnu.linkonce.b.*)
 .bss           0x000000000010b7c0      0x800 kernel/kernel.o
 .bss           0x000000000010bfc0        0x0 kernel/start.o
 .bss           0x000000000010bfc0        0x0 kernel/main.o
 .bss           0x000000000010bfc0        0x0 kernel/clock.o
 .bss           0x000000000010bfc0        0x0 kernel/i8259.o
 .bss           0x000000000010bfc0        0xc kernel/global.o
                0x000000000010bfc0                nr_running
                0x000000000010bfc4                sum_weight
                0x000000000010bfc8                has_preempt
 .bss           0x000000000010bfcc        0x0 kernel/protect.o
 .bss           0x000000000010bfcc        0x0 kernel/proc.o
 .bss           0x000000000010bfcc        0x0 kernel/rbtree.o
 *fill*         0x000000000010bfcc       0x14 
 .bss           0x000000000010bfe0       0x58 kernel/keyboard.o
 .bss           0x000000000010c038        0x0 kernel/tty.o
 .bss           0x000000000010c038        0x0 kernel/console.o
 .bss           0x000000000010c038        0x0 kernel/systask.o
 .bss           0x000000000010c038        0x0 kernel/printf.o
 .bss           0x000000000010c038        0x0 kernel/vsprintf.o
 .bss           0x000000000010c038        0x0 mm/frame_allocator.o
 .bss           0x000000000010c038        0x0 mm/page_table.o
 .bss           0x000000000010c038        0x0 mm/buddy_system.o
 .bss           0x000000000010c038        0x0 mm/heap_allocator.o
 *fill*         0x000000000010c038        0x8 
 .bss           0x000000000010c040      0x64c drv/hd.o
 .bss           0x000000000010c68c        0x0 lib/klib.o
 .bss           0x000000000010c68c        0x0 lib/misc.o
 .bss           0x000000000010c68c        0x0 test/testmm.o
 *(COMMON)
 *fill*         0x000000000010c68c       0x14 
 COMMON         0x000000000010c6a0  0x20323f0 kernel/global.o
                0x000000000010c6a0                phy_frames
                0x000000000210c6a0                idt_ptr
                0x000000000210c6c0                task_stack
                0x000000000213c6c0                k_reenter
                0x000000000213c6e0                gdt
                0x000000000213cae0                tty_table
                0x000000000213db30                wait_table
                0x000000000213db60                tss
                0x000000000213dbc8                nr_current_console
                0x000000000213dbcc                disp_pos
                0x000000000213dbd0                gdt_ptr
                0x000000000213dbd8                wait_cnt
                0x000000000213dbe0                idt
                0x000000000213e3e0                se_table
                0x000000000213e500                PARTITION_ENTRY
                0x000000000213e510                ticks
                0x000000000213e514                stat
                0x000000000213e540                console_table
                0x000000000213e580                irq_table
                0x000000000213e5c0                p_proc_ready
                0x000000000213e5c4                p_cur_pagedir
                0x000000000213e5e0                proc_table
 *fill*         0x000000000213ea90       0x10 
 COMMON         0x000000000213eaa0  0x1000100 mm/buddy_system.o
                0x000000000213eaa0                p
                0x000000000313eaa0                buddy_tree
                0x000000000313eba0                . = ALIGN ((. != 0x0)?0x4:0x1)
                0x000000000313eba0                . = ALIGN (0x4)
                0x000000000313eba0                . = SEGMENT_START ("ldata-segment", .)
                0x000000000313eba0                . = ALIGN (0x4)
                0x000000000313eba0                _end = .
                [!provide]                        PROVIDE (end = .)
                0x000000000313eba0                . = DATA_SEGMENT_END (.)

.stab
 *(.stab)

.stabstr
 *(.stabstr)

.stab.excl
 *(.stab.excl)

.stab.exclstr
 *(.stab.exclstr)

.stab.index
 *(.stab.index)

.stab.indexstr
 *(.stab.indexstr)

.comment        0x0000000000000000       0x35
 *(.comment)
 .comment       0x0000000000000000       0x35 kernel/start.o
                                         0x36 (size before relaxing)
 .comment       0x0000000000000035       0x36 kernel/main.o
 .comment       0x0000000000000035       0x36 kernel/clock.o
 .comment       0x0000000000000035       0x36 kernel/i8259.o
 .comment       0x0000000000000035       0x36 kernel/global.o
 .comment       0x0000000000000035       0x36 kernel/protect.o
 .comment       0x0000000000000035       0x36 kernel/proc.o
 .comment       0x0000000000000035       0x36 kernel/rbtree.o
 .comment       0x0000000000000035       0x36 kernel/keyboard.o
 .comment       0x0000000000000035       0x36 kernel/tty.o
 .comment       0x0000000000000035       0x36 kernel/console.o
 .comment       0x0000000000000035       0x36 kernel/systask.o
 .comment       0x0000000000000035       0x36 kernel/printf.o
 .comment       0x0000000000000035       0x36 kernel/vsprintf.o
 .comment       0x0000000000000035       0x36 mm/frame_allocator.o
 .comment       0x0000000000000035       0x36 mm/page_table.o
 .comment       0x0000000000000035       0x36 mm/buddy_system.o
 .comment       0x0000000000000035       0x36 mm/heap_allocator.o
 .comment       0x0000000000000035       0x36 drv/hd.o
 .comment       0x0000000000000035       0x36 lib/klib.o
 .comment       0x0000000000000035       0x36 lib/misc.o
 .comment       0x0000000000000035       0x36 test/testmm.o

.debug
 *(.debug)

.line
 *(.line)

.debug_srcinfo
 *(.debug_srcinfo)

.debug_sfnames
 *(.debug_sfnames)

.debug_aranges
 *(.debug_aranges)

.debug_pubnames
 *(.debug_pubnames)

.debug_info
 *(.debug_info .gnu.linkonce.wi.*)

.debug_abbrev
 *(.debug_abbrev)

.debug_line
 *(.debug_line .debug_line.* .debug_line_end)

.debug_frame
 *(.debug_frame)

.debug_str
 *(.debug_str)

.debug_loc
 *(.debug_loc)

.debug_macinfo
 *(.debug_macinfo)

.debug_weaknames
 *(.debug_weaknames)

.debug_funcnames
 *(.debug_funcnames)

.debug_typenames
 *(.debug_typenames)

.debug_varnames
 *(.debug_varnames)

.debug_pubtypes
 *(.debug_pubtypes)

.debug_ranges
 *(.debug_ranges)

.debug_macro
 *(.debug_macro)

.debug_addr
 *(.debug_addr)

.gnu.attributes
 *(.gnu.attributes)

/DISCARD/
 *(.note.GNU-stack)
 *(.gnu_debuglink)
 *(.gnu.lto_*)
OUTPUT(kernel.bin elf32-i386)
